MPLINK 4.40, Linker
Linker Map File - Created Tue Oct 11 08:53:14 2011

                                 Section Info
                  Section       Type    Address   Location Size(Bytes)
                ---------  ---------  ---------  ---------  ---------
               _entry_scn       code   0x000000    program   0x000006
           .code___init.o       code   0x000006    program   0x000002
      InterruptVectorHigh       code   0x000008    program   0x000006
          .code_adcbusy.o       code   0x00000e    program   0x00000a
       InterruptVectorlow       code   0x000018    program   0x000006
                   .cinit    romdata   0x00001e    program   0x000026
          .code_tangage.o       code   0x000044    program   0x000ae0
           .code_asserv.o       code   0x000b24    program   0x0008c8
.code_variablesGlobales.o       code   0x0013ec    program   0x00061e
            .code_tools.o       code   0x001a0a    program   0x000594
                     PROG       code   0x001f9e    program   0x000566
         .code_consigne.o       code   0x002504    program   0x000484
         .code_autresES.o       code   0x002988    program   0x00033c
    .code_communication.o       code   0x002cc4    program   0x0002ba
     .code_interruption.o       code   0x002f7e    program   0x000196
           .code_codeur.o       code   0x003114    program   0x000158
           .code_config.o       code   0x00326c    program   0x000114
             .code_main.o       code   0x003380    program   0x0000ae
               _cinit_scn       code   0x00342e    program   0x00009e
           .code_u2open.o       code   0x0034cc    program   0x000078
           .code_u1open.o       code   0x003544    program   0x000072
          .code_adcopen.o       code   0x0035b6    program   0x000060
                   STRING       code   0x003616    program   0x000056
           .code_t3open.o       code   0x00366c    program   0x000054
          .code_rb2open.o       code   0x0036c0    program   0x000054
          .code_rb1open.o       code   0x003714    program   0x000054
          .code_write_B.o       code   0x003768    program   0x00004e
          .code_rb0open.o       code   0x0037b6    program   0x00004a
         .code_fxd3232u.o       code   0x003800    program   0x000048
           .code_read_B.o       code   0x003848    program   0x000044
           .code_t3read.o       code   0x00388c    program   0x00003e
           .code_t4open.o       code   0x0038ca    program   0x000038
          .code_t3write.o       code   0x003902    program   0x000038
           .code_t0open.o       code   0x00393a    program   0x000038
             D10KTCYXCODE       code   0x003972    program   0x00002e
          .code_u1write.o       code   0x0039a0    program   0x00002e
     .code_adcselchconv.o       code   0x0039ce    program   0x00002e
         .code_fxd1616u.o       code   0x0039fc    program   0x00002c
              D1KTCYXCODE       code   0x003a28    program   0x000020
                    .code       code   0x003a48    program   0x000020
             _startup_scn       code   0x003a68    program   0x00001c
              D10TCYXCODE       code   0x003a84    program   0x000016
          .code_adcread.o       code   0x003a9a    program   0x000012
       .romdata_tangage.o    romdata   0x003aac    program   0x000007
          .romdata_main.o    romdata   0x003ab3    program   0x000007
         .code_busy_eep.o       code   0x003aba    program   0x000006
       .romdata_rb0open.o    romdata   0x003ac0    program   0x000000
        .idata_u2open.o_i    romdata   0x003ac0    program   0x000000
        .romdata_u2open.o    romdata   0x003ac0    program   0x000000
        .romdata___init.o    romdata   0x003ac0    program   0x000000
       .romdata_adcopen.o    romdata   0x003ac0    program   0x000000
       .romdata_rb1open.o    romdata   0x003ac0    program   0x000000
       .romdata_rb2open.o    romdata   0x003ac0    program   0x000000
       .romdata_write_B.o    romdata   0x003ac0    program   0x000000
        .romdata_t0open.o    romdata   0x003ac0    program   0x000000
       .idata_write_B.o_i    romdata   0x003ac0    program   0x000000
        .romdata_t3open.o    romdata   0x003ac0    program   0x000000
        .romdata_t4open.o    romdata   0x003ac0    program   0x000000
       .romdata_t3write.o    romdata   0x003ac0    program   0x000000
       .romdata_adcread.o    romdata   0x003ac0    program   0x000000
        .romdata_u1defs.o    romdata   0x003ac0    program   0x000000
        .romdata_t3read.o    romdata   0x003ac0    program   0x000000
        .idata_u1defs.o_i    romdata   0x003ac0    program   0x000000
        .romdata_read_B.o    romdata   0x003ac0    program   0x000000
  .romdata_adcselchconv.o    romdata   0x003ac0    program   0x000000
       .romdata_u1write.o    romdata   0x003ac0    program   0x000000
       .idata_u1write.o_i    romdata   0x003ac0    program   0x000000
        .romdata_config.o    romdata   0x003ac0    program   0x000000
         .idata_tools.o_i    romdata   0x003ac0    program   0x000002
         .romdata_tools.o    romdata   0x003ac0    program   0x000000
 .romdata_communication.o    romdata   0x003ac0    program   0x000000
        .romdata_asserv.o    romdata   0x003ac0    program   0x000000
.idata_variablesGlobales.o_i    romdata   0x003ac0    program   0x000000
.romdata_variablesGlobales.o    romdata   0x003ac0    program   0x000000
      .romdata_consigne.o    romdata   0x003ac0    program   0x000000
      .romdata_autresES.o    romdata   0x003ac0    program   0x000000
        .romdata_codeur.o    romdata   0x003ac0    program   0x000000
       .romdata_adcbusy.o    romdata   0x003ac0    program   0x000000
  .romdata_interruption.o    romdata   0x003ac0    program   0x000000
      .romdata_busy_eep.o    romdata   0x003ac0    program   0x000000
             .stringtable    romdata   0x003ac0    program   0x000000
      .romdata_fxd1616u.o    romdata   0x003ac0    program   0x000000
         .romdata_c018i.o    romdata   0x003ac0    program   0x000000
      .romdata_fxd3232u.o    romdata   0x003ac0    program   0x000000
        .idata_u1open.o_i    romdata   0x003ac0    program   0x000000
        .romdata_u1open.o    romdata   0x003ac0    program   0x000000
  .idata_interruption.o_i    romdata   0x003ac2    program   0x000000
       .idata_tangage.o_i    romdata   0x003ac2    program   0x000000
      .idata_consigne.o_i    romdata   0x003ac2    program   0x000000
       .idata_t3write.o_i    romdata   0x003ac2    program   0x000000
        .idata_read_B.o_i    romdata   0x003ac2    program   0x000000
          .idata_main.o_i    romdata   0x003ac2    program   0x000000
 .idata_communication.o_i    romdata   0x003ac2    program   0x000005
        .idata_t3read.o_i    romdata   0x003ac2    program   0x000000
        .idata_config.o_i    romdata   0x003ac2    program   0x000000
        .idata_t4open.o_i    romdata   0x003ac2    program   0x000000
      .idata_fxd3232u.o_i    romdata   0x003ac2    program   0x000000
        .idata_t3open.o_i    romdata   0x003ac2    program   0x000000
        .idata_t0open.o_i    romdata   0x003ac2    program   0x000000
      .idata_fxd1616u.o_i    romdata   0x003ac2    program   0x000000
       .idata_rb0open.o_i    romdata   0x003ac2    program   0x000000
       .idata_rb2open.o_i    romdata   0x003ac2    program   0x000000
       .idata_rb1open.o_i    romdata   0x003ac2    program   0x000000
         .idata_c018i.o_i    romdata   0x003ac7    program   0x000000
      .idata_busy_eep.o_i    romdata   0x003ac7    program   0x000000
        .idata_codeur.o_i    romdata   0x003ac7    program   0x000000
      .idata_autresES.o_i    romdata   0x003ac7    program   0x000000
        .idata_asserv.o_i    romdata   0x003ac7    program   0x00000c
       .idata_adcbusy.o_i    romdata   0x003ad3    program   0x000000
  .idata_adcselchconv.o_i    romdata   0x003ad3    program   0x000000
        .idata___init.o_i    romdata   0x003ad3    program   0x000000
       .idata_adcopen.o_i    romdata   0x003ad3    program   0x000000
       .idata_adcread.o_i    romdata   0x003ad3    program   0x000000
           .code_u1defs.o       code   0x003ad4    program   0x000000
            .code_c018i.o       code   0x003ad4    program   0x000000
    .config_300001_main.o    romdata   0x300001    program   0x000001
    .config_300002_main.o    romdata   0x300002    program   0x000001
    .config_300003_main.o    romdata   0x300003    program   0x000001
    .config_300005_main.o    romdata   0x300005    program   0x000001
    .config_300006_main.o    romdata   0x300006    program   0x000001
    .config_30000b_main.o    romdata   0x30000b    program   0x000001
                 .tmpdata      udata   0x000000       data   0x000028
                MATH_DATA      udata   0x000028       data   0x000014
                DELAYDAT2      udata   0x00003c       data   0x000001
                DELAYDAT1      udata   0x00003d       data   0x000001
.udata_variablesGlobales.o      udata   0x000060       data   0x000020
          .idata_asserv.o      idata   0x000080       data   0x00000c
   .udata_communication.o      udata   0x00008c       data   0x00000b
           .udata_c018i.o      udata   0x000097       data   0x00000a
        .udata_autresES.o      udata   0x0000a1       data   0x000006
   .idata_communication.o      idata   0x0000a7       data   0x000005
          .udata_codeur.o      udata   0x0000ac       data   0x000004
           .idata_tools.o      idata   0x0000b0       data   0x000002
          .udata_u1defs.o      udata   0x0000b2       data   0x000001
          .idata_t4open.o      idata   0x0000b3       data   0x000000
          .udata_t4open.o      udata   0x0000b3       data   0x000000
          .idata_t3open.o      idata   0x0000b3       data   0x000000
          .udata_t3open.o      udata   0x0000b3       data   0x000000
          .idata___init.o      idata   0x0000b3       data   0x000000
          .idata_t0open.o      idata   0x0000b3       data   0x000000
          .udata_t0open.o      udata   0x0000b3       data   0x000000
         .idata_rb2open.o      idata   0x0000b3       data   0x000000
         .udata_rb2open.o      udata   0x0000b3       data   0x000000
         .idata_rb1open.o      idata   0x0000b3       data   0x000000
         .udata_rb1open.o      udata   0x0000b3       data   0x000000
         .idata_rb0open.o      idata   0x0000b3       data   0x000000
         .udata_rb0open.o      udata   0x0000b3       data   0x000000
         .idata_adcopen.o      idata   0x0000b3       data   0x000000
         .udata_adcread.o      udata   0x0000b3       data   0x000000
         .idata_adcread.o      idata   0x0000b3       data   0x000000
          .udata_t3read.o      udata   0x0000b3       data   0x000000
          .idata_t3read.o      idata   0x0000b3       data   0x000000
          .udata___init.o      udata   0x0000b3       data   0x000000
         .idata_write_B.o      idata   0x0000b3       data   0x000000
          .udata_read_B.o      udata   0x0000b3       data   0x000000
          .idata_read_B.o      idata   0x0000b3       data   0x000000
    .udata_adcselchconv.o      udata   0x0000b3       data   0x000000
    .idata_adcselchconv.o      idata   0x0000b3       data   0x000000
         .udata_u1write.o      udata   0x0000b3       data   0x000000
         .idata_u1write.o      idata   0x0000b3       data   0x000000
          .idata_u1defs.o      idata   0x0000b3       data   0x000000
         .udata_t3write.o      udata   0x0000b3       data   0x000000
         .idata_t3write.o      idata   0x0000b3       data   0x000000
         .udata_write_B.o      udata   0x0000b3       data   0x000000
           .idata_c018i.o      idata   0x0000b3       data   0x000000
            .udata_main.o      udata   0x0000b3       data   0x000000
            .idata_main.o      idata   0x0000b3       data   0x000000
    .udata_interruption.o      udata   0x0000b3       data   0x000000
    .idata_interruption.o      idata   0x0000b3       data   0x000000
          .idata_codeur.o      idata   0x0000b3       data   0x000000
         .udata_tangage.o      udata   0x0000b3       data   0x000000
         .idata_tangage.o      idata   0x0000b3       data   0x000000
        .udata_consigne.o      udata   0x0000b3       data   0x000000
        .idata_consigne.o      idata   0x0000b3       data   0x000000
          .udata_config.o      udata   0x0000b3       data   0x000000
          .idata_config.o      idata   0x0000b3       data   0x000000
           .udata_tools.o      udata   0x0000b3       data   0x000000
          .udata_asserv.o      udata   0x0000b3       data   0x000000
.idata_variablesGlobales.o      idata   0x0000b3       data   0x000000
         .udata_adcopen.o      udata   0x0000b3       data   0x000000
          .idata_u2open.o      idata   0x0000b3       data   0x000000
          .udata_u2open.o      udata   0x0000b3       data   0x000000
          .idata_u1open.o      idata   0x0000b3       data   0x000000
          .udata_u1open.o      udata   0x0000b3       data   0x000000
        .idata_fxd3232u.o      idata   0x0000b3       data   0x000000
        .udata_fxd3232u.o      udata   0x0000b3       data   0x000000
        .idata_fxd1616u.o      idata   0x0000b3       data   0x000000
        .udata_fxd1616u.o      udata   0x0000b3       data   0x000000
        .idata_busy_eep.o      idata   0x0000b3       data   0x000000
        .udata_busy_eep.o      udata   0x0000b3       data   0x000000
         .idata_adcbusy.o      idata   0x0000b3       data   0x000000
         .udata_adcbusy.o      udata   0x0000b3       data   0x000000
        .idata_autresES.o      idata   0x0000b3       data   0x000000
                   .stack      udata   0x000500       data   0x000100
              SFR_BANKED0      udata   0x000f38       data   0x000028
            SFR_UNBANKED0      udata   0x000f60       data   0x0000a0



                              Program Memory Usage 
                               Start         End      
                           ---------   ---------      
                            0x000000    0x003ad2      
                            0x300001    0x300003      
                            0x300005    0x300006      
                            0x30000b    0x30000b      
            15065 out of 33048 program addresses used, program memory utilization is 45%



                              Symbols - Sorted by Name
                     Name    Address   Location    Storage File                     
                ---------  ---------  ---------  --------- ---------                
                  BusyADC   0x00000e    program     extern C:\MCC18\v3_39\src\pmc_common\ADC\adcbusy.c
                 Busy_eep   0x003aba    program     extern C:\MCC18\v3_39\src\pmc_common\EEP\busy_eep.c
                   D10K_1   0x00397e    program     static C:\MCC18\v3_39\src\traditional\delays\d10ktcyx.asm
                    D10Kl   0x00398a    program     static C:\MCC18\v3_39\src\traditional\delays\d10ktcyx.asm
                    D10Kx   0x00397c    program     static C:\MCC18\v3_39\src\traditional\delays\d10ktcyx.asm
                    D10_1   0x003a94    program     static C:\MCC18\v3_39\src\traditional\delays\d10tcyx.asm
                     D10x   0x003a8c    program     static C:\MCC18\v3_39\src\traditional\delays\d10tcyx.asm
                   D1616S   0x002298    program     static C:\MCC18\v3_39\src\traditional\math\fxd1616s.asm
                D1616SNEG   0x0022a6    program     static C:\MCC18\v3_39\src\traditional\math\fxd1616s.asm
                 D1616SOK   0x0022a2    program     static C:\MCC18\v3_39\src\traditional\math\fxd1616s.asm
                  D1616SX   0x0022b8    program     static C:\MCC18\v3_39\src\traditional\math\fxd1616s.asm
                    D1K_1   0x003a34    program     static C:\MCC18\v3_39\src\traditional\delays\d1ktcyx.asm
                     D1Kx   0x003a32    program     static C:\MCC18\v3_39\src\traditional\delays\d1ktcyx.asm
                   D3232S   0x0022f2    program     static C:\MCC18\v3_39\src\traditional\math\fxd3232s.asm
                D3232SNEG   0x002300    program     static C:\MCC18\v3_39\src\traditional\math\fxd3232s.asm
                 D3232SOK   0x0022fc    program     static C:\MCC18\v3_39\src\traditional\math\fxd3232s.asm
                  D3232SX   0x002320    program     static C:\MCC18\v3_39\src\traditional\math\fxd3232s.asm
                  DA1616S   0x002288    program     static C:\MCC18\v3_39\src\traditional\math\fxd1616s.asm
                  DA3232S   0x0022dc    program     static C:\MCC18\v3_39\src\traditional\math\fxd3232s.asm
             Delay10KTCYx   0x003972    program     extern C:\MCC18\v3_39\src\traditional\delays\d10ktcyx.asm
              Delay10TCYx   0x003a84    program     extern C:\MCC18\v3_39\src\traditional\delays\d10tcyx.asm
              Delay1KTCYx   0x003a28    program     extern C:\MCC18\v3_39\src\traditional\delays\d1ktcyx.asm
                 FLO1632S   0x001fa2    program     extern C:\MCC18\v3_39\src\traditional\math\cast16FP.asm
                 FLO1632U   0x001f9e    program     extern C:\MCC18\v3_39\src\traditional\math\cast16FP.asm
                    FPA32   0x001fca    program     extern C:\MCC18\v3_39\src\traditional\math\addFP.asm
                    FPD32   0x0020f6    program     extern C:\MCC18\v3_39\src\traditional\math\divFP.asm
                    FPM32   0x00219c    program     extern C:\MCC18\v3_39\src\traditional\math\mulFP.asm
                    FPS32   0x001fc8    program     extern C:\MCC18\v3_39\src\traditional\math\addFP.asm
                 FXD1616S   0x002276    program     extern C:\MCC18\v3_39\src\traditional\math\fxd1616s.asm
                 FXD1616U   0x0039fc    program     extern C:\MCC18\v3_39\src\traditional\math\fxd1616u.c
                 FXD3232S   0x0022c2    program     extern C:\MCC18\v3_39\src\traditional\math\fxd3232s.asm
                 FXD3232U   0x003800    program     extern C:\MCC18\v3_39\src\traditional\math\fxd3232u.c
     InterruptHandlerHigh   0x002f7e    program     extern D:\Documents\INSA\MIQ 5\Miqmobile\Code principal\ProgrammePrincipal\interruption.c
      InterruptHandlerlow   0x003032    program     extern D:\Documents\INSA\MIQ 5\Miqmobile\Code principal\ProgrammePrincipal\interruption.c
      InterruptVectorHigh   0x000008    program     extern D:\Documents\INSA\MIQ 5\Miqmobile\Code principal\ProgrammePrincipal\interruption.c
       InterruptVectorlow   0x000018    program     extern D:\Documents\INSA\MIQ 5\Miqmobile\Code principal\ProgrammePrincipal\interruption.c
               Open1USART   0x003544    program     extern C:\MCC18\v3_39\src\pmc_common\USART\u1open.c
               Open2USART   0x0034cc    program     extern C:\MCC18\v3_39\src\pmc_common\USART\u2open.c
                  OpenADC   0x0035b6    program     extern C:\MCC18\v3_39\src\pmc_common\ADC\adcopen.c
               OpenRB0INT   0x0037b6    program     extern C:\MCC18\v3_39\src\pmc_common\PORTB\rb0open.c
               OpenRB1INT   0x003714    program     extern C:\MCC18\v3_39\src\pmc_common\PORTB\rb1open.c
               OpenRB2INT   0x0036c0    program     extern C:\MCC18\v3_39\src\pmc_common\PORTB\rb2open.c
               OpenTimer0   0x00393a    program     extern C:\MCC18\v3_39\src\pmc_common\Timers\t0open.c
               OpenTimer3   0x00366c    program     extern C:\MCC18\v3_39\src\pmc_common\Timers\t3open.c
               OpenTimer4   0x0038ca    program     extern C:\MCC18\v3_39\src\pmc_common\Timers\t4open.c
                  ReadADC   0x003a9a    program     extern C:\MCC18\v3_39\src\pmc_common\ADC\adcread.c
               ReadTimer3   0x00388c    program     extern C:\MCC18\v3_39\src\pmc_common\Timers\t3read.c
               Read_b_eep   0x003848    program     extern C:\MCC18\v3_39\src\pmc_common\EEP\read_B.c
           SelChanConvADC   0x0039ce    program     extern C:\MCC18\v3_39\src\pmc_common\ADC\adcselchconv.c
                  TAGTB32   0x00232a    program     extern C:\MCC18\v3_39\src\traditional\math\gtFP.asm
                  TALTB32   0x00233c    program     extern C:\MCC18\v3_39\src\traditional\math\ltFP.asm
              Write1USART   0x0039a0    program     extern C:\MCC18\v3_39\src\pmc_common\USART\u1write.c
              WriteTimer3   0x003902    program     extern C:\MCC18\v3_39\src\pmc_common\Timers\t3write.c
              Write_b_eep   0x003768    program     extern C:\MCC18\v3_39\src\pmc_common\EEP\write_B.c
              _4jContinue   0x00364a    program     static C:\MCC18\v3_39\src\traditional\stdclib\memcpy.asm
                   _5jEnd   0x003654    program     static C:\MCC18\v3_39\src\traditional\stdclib\memcpy.asm
       _D10KTCYXCODE_0010   0x003982    program     static C:\MCC18\v3_39\src\traditional\delays\d10ktcyx.asm
       _D10KTCYXCODE_001C   0x00398e    program     static C:\MCC18\v3_39\src\traditional\delays\d10ktcyx.asm
        _D10TCYXCODE_000A   0x003a8e    program     static C:\MCC18\v3_39\src\traditional\delays\d10tcyx.asm
        _D10TCYXCODE_000C   0x003a90    program     static C:\MCC18\v3_39\src\traditional\delays\d10tcyx.asm
        _D10TCYXCODE_000E   0x003a92    program     static C:\MCC18\v3_39\src\traditional\delays\d10tcyx.asm
        _D1KTCYXCODE_0010   0x003a38    program     static C:\MCC18\v3_39\src\traditional\delays\d1ktcyx.asm
        _D1KTCYXCODE_0016   0x003a3e    program     static C:\MCC18\v3_39\src\traditional\delays\d1ktcyx.asm
              __FpCompare   0x00234e    program     extern C:\MCC18\v3_39\src\traditional\math\compFP.asm
                 __FpExit   0x002404    program     extern C:\MCC18\v3_39\src\traditional\math\packFP.asm
                 __FpPack   0x002430    program     extern C:\MCC18\v3_39\src\traditional\math\packFP.asm
            __FpReturnNaN   0x0023f8    program     extern C:\MCC18\v3_39\src\traditional\math\packFP.asm
         __FpReturnNegInf   0x00240a    program     extern C:\MCC18\v3_39\src\traditional\math\packFP.asm
        __FpReturnNegZero   0x002422    program     extern C:\MCC18\v3_39\src\traditional\math\packFP.asm
         __FpReturnPosInf   0x002410    program     extern C:\MCC18\v3_39\src\traditional\math\packFP.asm
        __FpReturnPosZero   0x00242a    program     extern C:\MCC18\v3_39\src\traditional\math\packFP.asm
        __FpReturnSignInf   0x002406    program     extern C:\MCC18\v3_39\src\traditional\math\packFP.asm
       __FpReturnSignZero   0x00241e    program     extern C:\MCC18\v3_39\src\traditional\math\packFP.asm
              __FpReturnW   0x002488    program     extern C:\MCC18\v3_39\src\traditional\math\packFP.asm
              __FpUnPackA   0x0024a8    program     extern C:\MCC18\v3_39\src\traditional\math\UnpackFP.asm
              __FpUnPackB   0x0024d8    program     extern C:\MCC18\v3_39\src\traditional\math\UnpackFP.asm
       ___return_lbl00000   0x003846    program     static                          
       ___return_lbl00000   0x003880    program     static                          
       ___return_lbl00000   0x000004    program     static                          
       ___return_lbl00000   0x003a26    program     static                          
       ___return_lbl00000   0x00000c    program     static                          
       ___return_lbl00001   0x003a82    program     static                          
       ___return_lbl00002   0x0034ca    program     static                          
       ___return_lbl00004   0x00001c    program     static                          
               __config_0   0x300001    program     static D:\Documents\INSA\MIQ 5\Miqmobile\Code principal\ProgrammePrincipal\main.c
               __config_1   0x300002    program     static D:\Documents\INSA\MIQ 5\Miqmobile\Code principal\ProgrammePrincipal\main.c
               __config_2   0x300003    program     static D:\Documents\INSA\MIQ 5\Miqmobile\Code principal\ProgrammePrincipal\main.c
               __config_3   0x300005    program     static D:\Documents\INSA\MIQ 5\Miqmobile\Code principal\ProgrammePrincipal\main.c
               __config_4   0x300006    program     static D:\Documents\INSA\MIQ 5\Miqmobile\Code principal\ProgrammePrincipal\main.c
               __config_5   0x30000b    program     static D:\Documents\INSA\MIQ 5\Miqmobile\Code principal\ProgrammePrincipal\main.c
                   __init   0x000006    program     extern C:\MCC18\v3_39\src\traditional\stdclib\__init.c
            __zero_memory   0x003a48    program     extern C:\MCC18\v3_39\src\traditional\proc\p18F45K22.asm
                _do_cinit   0x00342e    program     extern C:\MCC18\v3_39\src\traditional\startup\c018i.c
                   _entry   0x000000    program     extern C:\MCC18\v3_39\src\traditional\startup\c018i.c
                   _false   0x003842    program     static                          
                 _startup   0x003a68    program     extern C:\MCC18\v3_39\src\traditional\startup\c018i.c
              acquisition   0x001d8e    program     extern D:\Documents\INSA\MIQ 5\Miqmobile\Code principal\ProgrammePrincipal\tools.c
             angleTangage   0x0003fe    program     extern D:\Documents\INSA\MIQ 5\Miqmobile\Code principal\ProgrammePrincipal\tangage.c
     boucleAsservissement   0x000b24    program     extern D:\Documents\INSA\MIQ 5\Miqmobile\Code principal\ProgrammePrincipal\asserv.c
         calibrageTangage   0x000044    program     extern D:\Documents\INSA\MIQ 5\Miqmobile\Code principal\ProgrammePrincipal\tangage.c
           calibrerGuidon   0x002aae    program     extern D:\Documents\INSA\MIQ 5\Miqmobile\Code principal\ProgrammePrincipal\autresES.c
            chargerGuidon   0x0018aa    program     extern D:\Documents\INSA\MIQ 5\Miqmobile\Code principal\ProgrammePrincipal\variablesGlobales.c
       chargerTousLesCoef   0x00142e    program     extern D:\Documents\INSA\MIQ 5\Miqmobile\Code principal\ProgrammePrincipal\variablesGlobales.c
chargerValeurDeCalibration   0x001642    program     extern D:\Documents\INSA\MIQ 5\Miqmobile\Code principal\ProgrammePrincipal\variablesGlobales.c
                compare_l   0x003a5e    program     static C:\MCC18\v3_39\src\traditional\proc\p18F45K22.asm
            consigneAngle   0x002504    program     extern D:\Documents\INSA\MIQ 5\Miqmobile\Code principal\ProgrammePrincipal\consigne.c
                copy_loop   0x0034a0    program     static                          
            copy_one_byte   0x0034a6    program     static                          
              coupleTotal   0x00252e    program     extern D:\Documents\INSA\MIQ 5\Miqmobile\Code principal\ProgrammePrincipal\consigne.c
                     done   0x0034ca    program     static                          
             done_copying   0x0034b4    program     static                          
                  endloop   0x003a22    program     static                          
        enregistrerGuidon   0x00195a    program     extern D:\Documents\INSA\MIQ 5\Miqmobile\Code principal\ProgrammePrincipal\variablesGlobales.c
   enregistrerTousLesCoef   0x001538    program     extern D:\Documents\INSA\MIQ 5\Miqmobile\Code principal\ProgrammePrincipal\variablesGlobales.c
enregistrerValeurDeCalibration   0x001776    program     extern D:\Documents\INSA\MIQ 5\Miqmobile\Code principal\ProgrammePrincipal\variablesGlobales.c
          envoiTrameUart1   0x002cc4    program     extern D:\Documents\INSA\MIQ 5\Miqmobile\Code principal\ProgrammePrincipal\communication.c
  envoyerConsigneDeCouple   0x002a9e    program     extern D:\Documents\INSA\MIQ 5\Miqmobile\Code principal\ProgrammePrincipal\autresES.c
     genererCoefParDefaut   0x0013ec    program     extern D:\Documents\INSA\MIQ 5\Miqmobile\Code principal\ProgrammePrincipal\variablesGlobales.c
           globalTimeMsUs   0x001b62    program     extern D:\Documents\INSA\MIQ 5\Miqmobile\Code principal\ProgrammePrincipal\tools.c
             globalTimeUs   0x001ad0    program     extern D:\Documents\INSA\MIQ 5\Miqmobile\Code principal\ProgrammePrincipal\tools.c
              guidonTrMin   0x002988    program     extern D:\Documents\INSA\MIQ 5\Miqmobile\Code principal\ProgrammePrincipal\autresES.c
              initCodeurs   0x003118    program     extern D:\Documents\INSA\MIQ 5\Miqmobile\Code principal\ProgrammePrincipal\codeur.c
                 initppal   0x00326c    program     extern D:\Documents\INSA\MIQ 5\Miqmobile\Code principal\ProgrammePrincipal\config.c
      interruptionCodeurD   0x003116    program     extern D:\Documents\INSA\MIQ 5\Miqmobile\Code principal\ProgrammePrincipal\codeur.c
      interruptionCodeurG   0x003114    program     extern D:\Documents\INSA\MIQ 5\Miqmobile\Code principal\ProgrammePrincipal\codeur.c
          interruptionRx1   0x002d7c    program     extern D:\Documents\INSA\MIQ 5\Miqmobile\Code principal\ProgrammePrincipal\communication.c
                 jANotInf   0x0021ba    program     static C:\MCC18\v3_39\src\traditional\math\mulFP.asm
                 jANotInf   0x002114    program     static C:\MCC18\v3_39\src\traditional\math\divFP.asm
                 jANotInf   0x001ff2    program     static C:\MCC18\v3_39\src\traditional\math\addFP.asm
                 jANotNeg   0x002086    program     static C:\MCC18\v3_39\src\traditional\math\addFP.asm
                jANotZero   0x002128    program     static C:\MCC18\v3_39\src\traditional\math\divFP.asm
              jAandWsetup   0x002056    program     static C:\MCC18\v3_39\src\traditional\math\addFP.asm
                  jAisNeg   0x0023ca    program     static C:\MCC18\v3_39\src\traditional\math\compFP.asm
                 jAltBexp   0x002044    program     static C:\MCC18\v3_39\src\traditional\math\addFP.asm
                jBANotInf   0x001fe8    program     static C:\MCC18\v3_39\src\traditional\math\addFP.asm
                 jBNotInf   0x002000    program     static C:\MCC18\v3_39\src\traditional\math\addFP.asm
              jBothFinite   0x0021c8    program     static C:\MCC18\v3_39\src\traditional\math\mulFP.asm
             jBothNotZero   0x0021d4    program     static C:\MCC18\v3_39\src\traditional\math\mulFP.asm
             jBothNotZero   0x00236c    program     static C:\MCC18\v3_39\src\traditional\math\compFP.asm
            jDifOrPosSign   0x002014    program     static C:\MCC18\v3_39\src\traditional\math\addFP.asm
                      jEQ   0x002388    program     static C:\MCC18\v3_39\src\traditional\math\compFP.asm
                     jEnd   0x00365a    program     static C:\MCC18\v3_39\src\traditional\stdclib\memcpy.asm
                    jExch   0x002394    program     static C:\MCC18\v3_39\src\traditional\math\compFP.asm
                   jExpEQ   0x0023da    program     static C:\MCC18\v3_39\src\traditional\math\compFP.asm
                   jFinal   0x0023be    program     static C:\MCC18\v3_39\src\traditional\math\compFP.asm
               jFinalSign   0x0020ee    program     static C:\MCC18\v3_39\src\traditional\math\addFP.asm
                jHaveZero   0x0021d0    program     static C:\MCC18\v3_39\src\traditional\math\mulFP.asm
                jI2F16Beg   0x001fb2    program     static C:\MCC18\v3_39\src\traditional\math\cast16FP.asm
                    jLoop   0x002150    program     static C:\MCC18\v3_39\src\traditional\math\divFP.asm
                    jLoop   0x00363e    program     static C:\MCC18\v3_39\src\traditional\stdclib\memcpy.asm
                      jNE   0x00238c    program     static C:\MCC18\v3_39\src\traditional\math\compFP.asm
                    jNext   0x002176    program     static C:\MCC18\v3_39\src\traditional\math\divFP.asm
                jNoAdjust   0x002174    program     static C:\MCC18\v3_39\src\traditional\math\divFP.asm
                  jNoExch   0x0023b4    program     static C:\MCC18\v3_39\src\traditional\math\compFP.asm
             jNotBothZero   0x002018    program     static C:\MCC18\v3_39\src\traditional\math\addFP.asm
                  jPkLoop   0x00243e    program     static C:\MCC18\v3_39\src\traditional\math\packFP.asm
             jPkRoundDone   0x002488    program     static C:\MCC18\v3_39\src\traditional\math\packFP.asm
               jPkRoundIt   0x002470    program     static C:\MCC18\v3_39\src\traditional\math\packFP.asm
             jPkShiftDone   0x00245a    program     static C:\MCC18\v3_39\src\traditional\math\packFP.asm
           jReturnPosInf0   0x002414    program     static C:\MCC18\v3_39\src\traditional\math\packFP.asm
                  jRotate   0x0023e6    program     static C:\MCC18\v3_39\src\traditional\math\compFP.asm
                   jShift   0x0023d0    program     static C:\MCC18\v3_39\src\traditional\math\compFP.asm
               jShiftDone   0x0020ae    program     static C:\MCC18\v3_39\src\traditional\math\addFP.asm
               jShiftLoop   0x0020a0    program     static C:\MCC18\v3_39\src\traditional\math\addFP.asm
                jSignDone   0x0020de    program     static C:\MCC18\v3_39\src\traditional\math\addFP.asm
              jSignedZero   0x00211e    program     static C:\MCC18\v3_39\src\traditional\math\divFP.asm
                 jSignsEQ   0x002370    program     static C:\MCC18\v3_39\src\traditional\math\compFP.asm
                  jUnpkA1   0x0024b2    program     static C:\MCC18\v3_39\src\traditional\math\UnpackFP.asm
                  jUnpkA2   0x0024ca    program     static C:\MCC18\v3_39\src\traditional\math\UnpackFP.asm
                 jUnpkANZ   0x0024c0    program     static C:\MCC18\v3_39\src\traditional\math\UnpackFP.asm
                  jUnpkB1   0x0024e2    program     static C:\MCC18\v3_39\src\traditional\math\UnpackFP.asm
                  jUnpkB2   0x0024fa    program     static C:\MCC18\v3_39\src\traditional\math\UnpackFP.asm
                 jUnpkBNZ   0x0024f0    program     static C:\MCC18\v3_39\src\traditional\math\UnpackFP.asm
                 jUnpkNaN   0x0024d4    program     static C:\MCC18\v3_39\src\traditional\math\UnpackFP.asm
                 jWNotNeg   0x00209a    program     static C:\MCC18\v3_39\src\traditional\math\addFP.asm
               jZero1and2   0x002418    program     static C:\MCC18\v3_39\src\traditional\math\packFP.asm
      lancerCalculsCodeur   0x00311a    program     extern D:\Documents\INSA\MIQ 5\Miqmobile\Code principal\ProgrammePrincipal\codeur.c
                     loop   0x003a06    program     static                          
                     loop   0x003a78    program     static                          
                     loop   0x00380e    program     static                          
                   loop_h   0x003a56    program     static C:\MCC18\v3_39\src\traditional\proc\p18F45K22.asm
                   loop_l   0x003a60    program     static C:\MCC18\v3_39\src\traditional\proc\p18F45K22.asm
                     main   0x003380    program     extern D:\Documents\INSA\MIQ 5\Miqmobile\Code principal\ProgrammePrincipal\main.c
                   memcpy   0x003616    program     extern C:\MCC18\v3_39\src\traditional\stdclib\memcpy.asm
           partagerCouple   0x0026b4    program     extern D:\Documents\INSA\MIQ 5\Miqmobile\Code principal\ProgrammePrincipal\consigne.c
                  pauseMs   0x001a82    program     extern D:\Documents\INSA\MIQ 5\Miqmobile\Code principal\ProgrammePrincipal\tools.c
               pauseTcyMs   0x001c70    program     extern D:\Documents\INSA\MIQ 5\Miqmobile\Code principal\ProgrammePrincipal\tools.c
                  pauseUs   0x001af6    program     extern D:\Documents\INSA\MIQ 5\Miqmobile\Code principal\ProgrammePrincipal\tools.c
      presenceUtilisateur   0x002a98    program     extern D:\Documents\INSA\MIQ 5\Miqmobile\Code principal\ProgrammePrincipal\autresES.c
        printf_main_angle   0x003ab3    program     extern D:\Documents\INSA\MIQ 5\Miqmobile\Code principal\ProgrammePrincipal\main.c
         printf_tangage_1   0x003aac    program     extern D:\Documents\INSA\MIQ 5\Miqmobile\Code principal\ProgrammePrincipal\tangage.c
               readEeprom   0x001eb8    program     extern D:\Documents\INSA\MIQ 5\Miqmobile\Code principal\ProgrammePrincipal\tools.c
          siDelaiEcouleMs   0x001a3c    program     extern D:\Documents\INSA\MIQ 5\Miqmobile\Code principal\ProgrammePrincipal\tools.c
      tempsEcouleDepuisMs   0x001a0a    program     extern D:\Documents\INSA\MIQ 5\Miqmobile\Code principal\ProgrammePrincipal\tools.c
    tempsEcouleDepuisMsUs   0x001bf2    program     extern D:\Documents\INSA\MIQ 5\Miqmobile\Code principal\ProgrammePrincipal\tools.c
                     test   0x003448    program     static                          
            testDemarrage   0x0010d6    program     extern D:\Documents\INSA\MIQ 5\Miqmobile\Code principal\ProgrammePrincipal\asserv.c
              writeEeprom   0x001dce    program     extern D:\Documents\INSA\MIQ 5\Miqmobile\Code principal\ProgrammePrincipal\tools.c
               zero_block   0x003a56    program     static C:\MCC18\v3_39\src\traditional\proc\p18F45K22.asm
 ACCELERATION_COEF_FILTRE   0x000070       data     extern D:\Documents\INSA\MIQ 5\Miqmobile\Code principal\ProgrammePrincipal\variablesGlobales.c
                   ADCON0   0x000fc2       data     extern C:\MCC18\v3_39\src\traditional\proc\p18F45K22.asm
               ADCON0bits   0x000fc2       data     extern C:\MCC18\v3_39\src\traditional\proc\p18F45K22.asm
                   ADCON1   0x000fc1       data     extern C:\MCC18\v3_39\src\traditional\proc\p18F45K22.asm
               ADCON1bits   0x000fc1       data     extern C:\MCC18\v3_39\src\traditional\proc\p18F45K22.asm
                   ADCON2   0x000fc0       data     extern C:\MCC18\v3_39\src\traditional\proc\p18F45K22.asm
               ADCON2bits   0x000fc0       data     extern C:\MCC18\v3_39\src\traditional\proc\p18F45K22.asm
                    ADRES   0x000fc3       data     extern C:\MCC18\v3_39\src\traditional\proc\p18F45K22.asm
                   ADRESH   0x000fc4       data     extern C:\MCC18\v3_39\src\traditional\proc\p18F45K22.asm
                   ADRESL   0x000fc3       data     extern C:\MCC18\v3_39\src\traditional\proc\p18F45K22.asm
                   ANSELA   0x000f38       data     extern C:\MCC18\v3_39\src\traditional\proc\p18F45K22.asm
               ANSELAbits   0x000f38       data     extern C:\MCC18\v3_39\src\traditional\proc\p18F45K22.asm
                   ANSELB   0x000f39       data     extern C:\MCC18\v3_39\src\traditional\proc\p18F45K22.asm
               ANSELBbits   0x000f39       data     extern C:\MCC18\v3_39\src\traditional\proc\p18F45K22.asm
                   ANSELC   0x000f3a       data     extern C:\MCC18\v3_39\src\traditional\proc\p18F45K22.asm
               ANSELCbits   0x000f3a       data     extern C:\MCC18\v3_39\src\traditional\proc\p18F45K22.asm
                   ANSELD   0x000f3b       data     extern C:\MCC18\v3_39\src\traditional\proc\p18F45K22.asm
               ANSELDbits   0x000f3b       data     extern C:\MCC18\v3_39\src\traditional\proc\p18F45K22.asm
                   ANSELE   0x000f3c       data     extern C:\MCC18\v3_39\src\traditional\proc\p18F45K22.asm
               ANSELEbits   0x000f3c       data     extern C:\MCC18\v3_39\src\traditional\proc\p18F45K22.asm
                 BAUD1CON   0x000fb8       data     extern C:\MCC18\v3_39\src\traditional\proc\p18F45K22.asm
             BAUD1CONbits   0x000fb8       data     extern C:\MCC18\v3_39\src\traditional\proc\p18F45K22.asm
                 BAUD2CON   0x000f70       data     extern C:\MCC18\v3_39\src\traditional\proc\p18F45K22.asm
             BAUD2CONbits   0x000f70       data     extern C:\MCC18\v3_39\src\traditional\proc\p18F45K22.asm
                  BAUDCON   0x000fb8       data     extern C:\MCC18\v3_39\src\traditional\proc\p18F45K22.asm
                 BAUDCON1   0x000fb8       data     extern C:\MCC18\v3_39\src\traditional\proc\p18F45K22.asm
             BAUDCON1bits   0x000fb8       data     extern C:\MCC18\v3_39\src\traditional\proc\p18F45K22.asm
                 BAUDCON2   0x000f70       data     extern C:\MCC18\v3_39\src\traditional\proc\p18F45K22.asm
             BAUDCON2bits   0x000f70       data     extern C:\MCC18\v3_39\src\traditional\proc\p18F45K22.asm
              BAUDCONbits   0x000fb8       data     extern C:\MCC18\v3_39\src\traditional\proc\p18F45K22.asm
                  BAUDCTL   0x000fb8       data     extern C:\MCC18\v3_39\src\traditional\proc\p18F45K22.asm
              BAUDCTLbits   0x000fb8       data     extern C:\MCC18\v3_39\src\traditional\proc\p18F45K22.asm
                      BSR   0x000fe0       data     extern C:\MCC18\v3_39\src\traditional\proc\p18F45K22.asm
                  CCP1CON   0x000fbd       data     extern C:\MCC18\v3_39\src\traditional\proc\p18F45K22.asm
              CCP1CONbits   0x000fbd       data     extern C:\MCC18\v3_39\src\traditional\proc\p18F45K22.asm
                   CCP2AS   0x000f64       data     extern C:\MCC18\v3_39\src\traditional\proc\p18F45K22.asm
               CCP2ASbits   0x000f64       data     extern C:\MCC18\v3_39\src\traditional\proc\p18F45K22.asm
                  CCP2CON   0x000f66       data     extern C:\MCC18\v3_39\src\traditional\proc\p18F45K22.asm
              CCP2CONbits   0x000f66       data     extern C:\MCC18\v3_39\src\traditional\proc\p18F45K22.asm
                   CCP3AS   0x000f5b       data     extern C:\MCC18\v3_39\src\traditional\proc\p18F45K22.asm
               CCP3ASbits   0x000f5b       data     extern C:\MCC18\v3_39\src\traditional\proc\p18F45K22.asm
                  CCP3CON   0x000f5d       data     extern C:\MCC18\v3_39\src\traditional\proc\p18F45K22.asm
              CCP3CONbits   0x000f5d       data     extern C:\MCC18\v3_39\src\traditional\proc\p18F45K22.asm
                  CCP4CON   0x000f57       data     extern C:\MCC18\v3_39\src\traditional\proc\p18F45K22.asm
              CCP4CONbits   0x000f57       data     extern C:\MCC18\v3_39\src\traditional\proc\p18F45K22.asm
                  CCP5CON   0x000f54       data     extern C:\MCC18\v3_39\src\traditional\proc\p18F45K22.asm
              CCP5CONbits   0x000f54       data     extern C:\MCC18\v3_39\src\traditional\proc\p18F45K22.asm
                    CCPR1   0x000fbe       data     extern C:\MCC18\v3_39\src\traditional\proc\p18F45K22.asm
                   CCPR1H   0x000fbf       data     extern C:\MCC18\v3_39\src\traditional\proc\p18F45K22.asm
                   CCPR1L   0x000fbe       data     extern C:\MCC18\v3_39\src\traditional\proc\p18F45K22.asm
                    CCPR2   0x000f67       data     extern C:\MCC18\v3_39\src\traditional\proc\p18F45K22.asm
                   CCPR2H   0x000f68       data     extern C:\MCC18\v3_39\src\traditional\proc\p18F45K22.asm
                   CCPR2L   0x000f67       data     extern C:\MCC18\v3_39\src\traditional\proc\p18F45K22.asm
                    CCPR3   0x000f5e       data     extern C:\MCC18\v3_39\src\traditional\proc\p18F45K22.asm
                   CCPR3H   0x000f5f       data     extern C:\MCC18\v3_39\src\traditional\proc\p18F45K22.asm
                   CCPR3L   0x000f5e       data     extern C:\MCC18\v3_39\src\traditional\proc\p18F45K22.asm
                    CCPR4   0x000f58       data     extern C:\MCC18\v3_39\src\traditional\proc\p18F45K22.asm
                   CCPR4H   0x000f59       data     extern C:\MCC18\v3_39\src\traditional\proc\p18F45K22.asm
                   CCPR4L   0x000f58       data     extern C:\MCC18\v3_39\src\traditional\proc\p18F45K22.asm
                    CCPR5   0x000f55       data     extern C:\MCC18\v3_39\src\traditional\proc\p18F45K22.asm
                   CCPR5H   0x000f56       data     extern C:\MCC18\v3_39\src\traditional\proc\p18F45K22.asm
                   CCPR5L   0x000f55       data     extern C:\MCC18\v3_39\src\traditional\proc\p18F45K22.asm
                 CCPTMRS0   0x000f49       data     extern C:\MCC18\v3_39\src\traditional\proc\p18F45K22.asm
             CCPTMRS0bits   0x000f49       data     extern C:\MCC18\v3_39\src\traditional\proc\p18F45K22.asm
                 CCPTMRS1   0x000f48       data     extern C:\MCC18\v3_39\src\traditional\proc\p18F45K22.asm
             CCPTMRS1bits   0x000f48       data     extern C:\MCC18\v3_39\src\traditional\proc\p18F45K22.asm
                  CM12CON   0x000f77       data     extern C:\MCC18\v3_39\src\traditional\proc\p18F45K22.asm
              CM12CONbits   0x000f77       data     extern C:\MCC18\v3_39\src\traditional\proc\p18F45K22.asm
                   CM1CON   0x000f79       data     extern C:\MCC18\v3_39\src\traditional\proc\p18F45K22.asm
                  CM1CON0   0x000f79       data     extern C:\MCC18\v3_39\src\traditional\proc\p18F45K22.asm
              CM1CON0bits   0x000f79       data     extern C:\MCC18\v3_39\src\traditional\proc\p18F45K22.asm
               CM1CONbits   0x000f79       data     extern C:\MCC18\v3_39\src\traditional\proc\p18F45K22.asm
                   CM2CON   0x000f78       data     extern C:\MCC18\v3_39\src\traditional\proc\p18F45K22.asm
                  CM2CON0   0x000f78       data     extern C:\MCC18\v3_39\src\traditional\proc\p18F45K22.asm
              CM2CON0bits   0x000f78       data     extern C:\MCC18\v3_39\src\traditional\proc\p18F45K22.asm
                  CM2CON1   0x000f77       data     extern C:\MCC18\v3_39\src\traditional\proc\p18F45K22.asm
              CM2CON1bits   0x000f77       data     extern C:\MCC18\v3_39\src\traditional\proc\p18F45K22.asm
               CM2CONbits   0x000f78       data     extern C:\MCC18\v3_39\src\traditional\proc\p18F45K22.asm
              COEF_KALMAN   0x00006c       data     extern D:\Documents\INSA\MIQ 5\Miqmobile\Code principal\ProgrammePrincipal\variablesGlobales.c
               CON_DEPART   0x00008c       data     extern D:\Documents\INSA\MIQ 5\Miqmobile\Code principal\ProgrammePrincipal\communication.c
                 CTMUCON0   0x000f45       data     extern C:\MCC18\v3_39\src\traditional\proc\p18F45K22.asm
             CTMUCON0bits   0x000f45       data     extern C:\MCC18\v3_39\src\traditional\proc\p18F45K22.asm
                 CTMUCON1   0x000f44       data     extern C:\MCC18\v3_39\src\traditional\proc\p18F45K22.asm
             CTMUCON1bits   0x000f44       data     extern C:\MCC18\v3_39\src\traditional\proc\p18F45K22.asm
                 CTMUCONH   0x000f45       data     extern C:\MCC18\v3_39\src\traditional\proc\p18F45K22.asm
             CTMUCONHbits   0x000f45       data     extern C:\MCC18\v3_39\src\traditional\proc\p18F45K22.asm
                 CTMUCONL   0x000f44       data     extern C:\MCC18\v3_39\src\traditional\proc\p18F45K22.asm
             CTMUCONLbits   0x000f44       data     extern C:\MCC18\v3_39\src\traditional\proc\p18F45K22.asm
                 CTMUICON   0x000f43       data     extern C:\MCC18\v3_39\src\traditional\proc\p18F45K22.asm
                CTMUICONH   0x000f43       data     extern C:\MCC18\v3_39\src\traditional\proc\p18F45K22.asm
            CTMUICONHbits   0x000f43       data     extern C:\MCC18\v3_39\src\traditional\proc\p18F45K22.asm
             CTMUICONbits   0x000f43       data     extern C:\MCC18\v3_39\src\traditional\proc\p18F45K22.asm
                  DACCON0   0x000f41       data     extern C:\MCC18\v3_39\src\traditional\proc\p18F45K22.asm
              DACCON0bits   0x000f41       data     extern C:\MCC18\v3_39\src\traditional\proc\p18F45K22.asm
                  DACCON1   0x000f40       data     extern C:\MCC18\v3_39\src\traditional\proc\p18F45K22.asm
              DACCON1bits   0x000f40       data     extern C:\MCC18\v3_39\src\traditional\proc\p18F45K22.asm
                     DDRA   0x000f92       data     extern C:\MCC18\v3_39\src\traditional\proc\p18F45K22.asm
                 DDRAbits   0x000f92       data     extern C:\MCC18\v3_39\src\traditional\proc\p18F45K22.asm
                     DDRB   0x000f93       data     extern C:\MCC18\v3_39\src\traditional\proc\p18F45K22.asm
                 DDRBbits   0x000f93       data     extern C:\MCC18\v3_39\src\traditional\proc\p18F45K22.asm
                     DDRC   0x000f94       data     extern C:\MCC18\v3_39\src\traditional\proc\p18F45K22.asm
                 DDRCbits   0x000f94       data     extern C:\MCC18\v3_39\src\traditional\proc\p18F45K22.asm
                     DDRD   0x000f95       data     extern C:\MCC18\v3_39\src\traditional\proc\p18F45K22.asm
                 DDRDbits   0x000f95       data     extern C:\MCC18\v3_39\src\traditional\proc\p18F45K22.asm
                     DDRE   0x000f96       data     extern C:\MCC18\v3_39\src\traditional\proc\p18F45K22.asm
                 DDREbits   0x000f96       data     extern C:\MCC18\v3_39\src\traditional\proc\p18F45K22.asm
            DelayCounter1   0x00003d       data     extern C:\MCC18\v3_39\src\traditional\delays\delayd1.asm
            DelayCounter2   0x00003c       data     extern C:\MCC18\v3_39\src\traditional\delays\delayd2.asm
                  ECCP1AS   0x000fb6       data     extern C:\MCC18\v3_39\src\traditional\proc\p18F45K22.asm
              ECCP1ASbits   0x000fb6       data     extern C:\MCC18\v3_39\src\traditional\proc\p18F45K22.asm
                  ECCP2AS   0x000f64       data     extern C:\MCC18\v3_39\src\traditional\proc\p18F45K22.asm
              ECCP2ASbits   0x000f64       data     extern C:\MCC18\v3_39\src\traditional\proc\p18F45K22.asm
                  ECCP3AS   0x000f5b       data     extern C:\MCC18\v3_39\src\traditional\proc\p18F45K22.asm
              ECCP3ASbits   0x000f5b       data     extern C:\MCC18\v3_39\src\traditional\proc\p18F45K22.asm
                   ECCPAS   0x000fb6       data     extern C:\MCC18\v3_39\src\traditional\proc\p18F45K22.asm
               ECCPASbits   0x000fb6       data     extern C:\MCC18\v3_39\src\traditional\proc\p18F45K22.asm
                    EEADR   0x000fa9       data     extern C:\MCC18\v3_39\src\traditional\proc\p18F45K22.asm
                EEADRbits   0x000fa9       data     extern C:\MCC18\v3_39\src\traditional\proc\p18F45K22.asm
                   EECON1   0x000fa6       data     extern C:\MCC18\v3_39\src\traditional\proc\p18F45K22.asm
               EECON1bits   0x000fa6       data     extern C:\MCC18\v3_39\src\traditional\proc\p18F45K22.asm
                   EECON2   0x000fa7       data     extern C:\MCC18\v3_39\src\traditional\proc\p18F45K22.asm
                   EEDATA   0x000fa8       data     extern C:\MCC18\v3_39\src\traditional\proc\p18F45K22.asm
                     FSR0   0x000fe9       data     extern C:\MCC18\v3_39\src\traditional\proc\p18F45K22.asm
                    FSR0H   0x000fea       data     extern C:\MCC18\v3_39\src\traditional\proc\p18F45K22.asm
                    FSR0L   0x000fe9       data     extern C:\MCC18\v3_39\src\traditional\proc\p18F45K22.asm
                     FSR1   0x000fe1       data     extern C:\MCC18\v3_39\src\traditional\proc\p18F45K22.asm
                    FSR1H   0x000fe2       data     extern C:\MCC18\v3_39\src\traditional\proc\p18F45K22.asm
                    FSR1L   0x000fe1       data     extern C:\MCC18\v3_39\src\traditional\proc\p18F45K22.asm
                     FSR2   0x000fd9       data     extern C:\MCC18\v3_39\src\traditional\proc\p18F45K22.asm
                    FSR2H   0x000fda       data     extern C:\MCC18\v3_39\src\traditional\proc\p18F45K22.asm
                    FSR2L   0x000fd9       data     extern C:\MCC18\v3_39\src\traditional\proc\p18F45K22.asm
                   FVRCON   0x000f42       data     extern C:\MCC18\v3_39\src\traditional\proc\p18F45K22.asm
               FVRCONbits   0x000f42       data     extern C:\MCC18\v3_39\src\traditional\proc\p18F45K22.asm
                  HLVDCON   0x000f9c       data     extern C:\MCC18\v3_39\src\traditional\proc\p18F45K22.asm
              HLVDCONbits   0x000f9c       data     extern C:\MCC18\v3_39\src\traditional\proc\p18F45K22.asm
                    INDF0   0x000fef       data     extern C:\MCC18\v3_39\src\traditional\proc\p18F45K22.asm
                    INDF1   0x000fe7       data     extern C:\MCC18\v3_39\src\traditional\proc\p18F45K22.asm
                    INDF2   0x000fdf       data     extern C:\MCC18\v3_39\src\traditional\proc\p18F45K22.asm
                   INTCON   0x000ff2       data     extern C:\MCC18\v3_39\src\traditional\proc\p18F45K22.asm
                  INTCON2   0x000ff1       data     extern C:\MCC18\v3_39\src\traditional\proc\p18F45K22.asm
              INTCON2bits   0x000ff1       data     extern C:\MCC18\v3_39\src\traditional\proc\p18F45K22.asm
                  INTCON3   0x000ff0       data     extern C:\MCC18\v3_39\src\traditional\proc\p18F45K22.asm
              INTCON3bits   0x000ff0       data     extern C:\MCC18\v3_39\src\traditional\proc\p18F45K22.asm
               INTCONbits   0x000ff2       data     extern C:\MCC18\v3_39\src\traditional\proc\p18F45K22.asm
                     IOCB   0x000f62       data     extern C:\MCC18\v3_39\src\traditional\proc\p18F45K22.asm
                 IOCBbits   0x000f62       data     extern C:\MCC18\v3_39\src\traditional\proc\p18F45K22.asm
                     IPR1   0x000f9f       data     extern C:\MCC18\v3_39\src\traditional\proc\p18F45K22.asm
                 IPR1bits   0x000f9f       data     extern C:\MCC18\v3_39\src\traditional\proc\p18F45K22.asm
                     IPR2   0x000fa2       data     extern C:\MCC18\v3_39\src\traditional\proc\p18F45K22.asm
                 IPR2bits   0x000fa2       data     extern C:\MCC18\v3_39\src\traditional\proc\p18F45K22.asm
                     IPR3   0x000fa5       data     extern C:\MCC18\v3_39\src\traditional\proc\p18F45K22.asm
                 IPR3bits   0x000fa5       data     extern C:\MCC18\v3_39\src\traditional\proc\p18F45K22.asm
                     IPR4   0x000f7c       data     extern C:\MCC18\v3_39\src\traditional\proc\p18F45K22.asm
                 IPR4bits   0x000f7c       data     extern C:\MCC18\v3_39\src\traditional\proc\p18F45K22.asm
                     IPR5   0x000f7f       data     extern C:\MCC18\v3_39\src\traditional\proc\p18F45K22.asm
                 IPR5bits   0x000f7f       data     extern C:\MCC18\v3_39\src\traditional\proc\p18F45K22.asm
                     LATA   0x000f89       data     extern C:\MCC18\v3_39\src\traditional\proc\p18F45K22.asm
                 LATAbits   0x000f89       data     extern C:\MCC18\v3_39\src\traditional\proc\p18F45K22.asm
                     LATB   0x000f8a       data     extern C:\MCC18\v3_39\src\traditional\proc\p18F45K22.asm
                 LATBbits   0x000f8a       data     extern C:\MCC18\v3_39\src\traditional\proc\p18F45K22.asm
                     LATC   0x000f8b       data     extern C:\MCC18\v3_39\src\traditional\proc\p18F45K22.asm
                 LATCbits   0x000f8b       data     extern C:\MCC18\v3_39\src\traditional\proc\p18F45K22.asm
                     LATD   0x000f8c       data     extern C:\MCC18\v3_39\src\traditional\proc\p18F45K22.asm
                 LATDbits   0x000f8c       data     extern C:\MCC18\v3_39\src\traditional\proc\p18F45K22.asm
                     LATE   0x000f8d       data     extern C:\MCC18\v3_39\src\traditional\proc\p18F45K22.asm
                 LATEbits   0x000f8d       data     extern C:\MCC18\v3_39\src\traditional\proc\p18F45K22.asm
                   LVDCON   0x000f9c       data     extern C:\MCC18\v3_39\src\traditional\proc\p18F45K22.asm
               LVDCONbits   0x000f9c       data     extern C:\MCC18\v3_39\src\traditional\proc\p18F45K22.asm
                   OSCCON   0x000fd3       data     extern C:\MCC18\v3_39\src\traditional\proc\p18F45K22.asm
                  OSCCON2   0x000fd2       data     extern C:\MCC18\v3_39\src\traditional\proc\p18F45K22.asm
              OSCCON2bits   0x000fd2       data     extern C:\MCC18\v3_39\src\traditional\proc\p18F45K22.asm
               OSCCONbits   0x000fd3       data     extern C:\MCC18\v3_39\src\traditional\proc\p18F45K22.asm
                  OSCTUNE   0x000f9b       data     extern C:\MCC18\v3_39\src\traditional\proc\p18F45K22.asm
              OSCTUNEbits   0x000f9b       data     extern C:\MCC18\v3_39\src\traditional\proc\p18F45K22.asm
                       PC   0x000ff9       data     extern C:\MCC18\v3_39\src\traditional\proc\p18F45K22.asm
                      PCL   0x000ff9       data     extern C:\MCC18\v3_39\src\traditional\proc\p18F45K22.asm
                   PCLATH   0x000ffa       data     extern C:\MCC18\v3_39\src\traditional\proc\p18F45K22.asm
                   PCLATU   0x000ffb       data     extern C:\MCC18\v3_39\src\traditional\proc\p18F45K22.asm
                     PIE1   0x000f9d       data     extern C:\MCC18\v3_39\src\traditional\proc\p18F45K22.asm
                 PIE1bits   0x000f9d       data     extern C:\MCC18\v3_39\src\traditional\proc\p18F45K22.asm
                     PIE2   0x000fa0       data     extern C:\MCC18\v3_39\src\traditional\proc\p18F45K22.asm
                 PIE2bits   0x000fa0       data     extern C:\MCC18\v3_39\src\traditional\proc\p18F45K22.asm
                     PIE3   0x000fa3       data     extern C:\MCC18\v3_39\src\traditional\proc\p18F45K22.asm
                 PIE3bits   0x000fa3       data     extern C:\MCC18\v3_39\src\traditional\proc\p18F45K22.asm
                     PIE4   0x000f7a       data     extern C:\MCC18\v3_39\src\traditional\proc\p18F45K22.asm
                 PIE4bits   0x000f7a       data     extern C:\MCC18\v3_39\src\traditional\proc\p18F45K22.asm
                     PIE5   0x000f7d       data     extern C:\MCC18\v3_39\src\traditional\proc\p18F45K22.asm
                 PIE5bits   0x000f7d       data     extern C:\MCC18\v3_39\src\traditional\proc\p18F45K22.asm
                     PIR1   0x000f9e       data     extern C:\MCC18\v3_39\src\traditional\proc\p18F45K22.asm
                 PIR1bits   0x000f9e       data     extern C:\MCC18\v3_39\src\traditional\proc\p18F45K22.asm
                     PIR2   0x000fa1       data     extern C:\MCC18\v3_39\src\traditional\proc\p18F45K22.asm
                 PIR2bits   0x000fa1       data     extern C:\MCC18\v3_39\src\traditional\proc\p18F45K22.asm
                     PIR3   0x000fa4       data     extern C:\MCC18\v3_39\src\traditional\proc\p18F45K22.asm
                 PIR3bits   0x000fa4       data     extern C:\MCC18\v3_39\src\traditional\proc\p18F45K22.asm
                     PIR4   0x000f7b       data     extern C:\MCC18\v3_39\src\traditional\proc\p18F45K22.asm
                 PIR4bits   0x000f7b       data     extern C:\MCC18\v3_39\src\traditional\proc\p18F45K22.asm
                     PIR5   0x000f7e       data     extern C:\MCC18\v3_39\src\traditional\proc\p18F45K22.asm
                 PIR5bits   0x000f7e       data     extern C:\MCC18\v3_39\src\traditional\proc\p18F45K22.asm
                   PLUSW0   0x000feb       data     extern C:\MCC18\v3_39\src\traditional\proc\p18F45K22.asm
                   PLUSW1   0x000fe3       data     extern C:\MCC18\v3_39\src\traditional\proc\p18F45K22.asm
                   PLUSW2   0x000fdb       data     extern C:\MCC18\v3_39\src\traditional\proc\p18F45K22.asm
                     PMD0   0x000f3f       data     extern C:\MCC18\v3_39\src\traditional\proc\p18F45K22.asm
                 PMD0bits   0x000f3f       data     extern C:\MCC18\v3_39\src\traditional\proc\p18F45K22.asm
                     PMD1   0x000f3e       data     extern C:\MCC18\v3_39\src\traditional\proc\p18F45K22.asm
                 PMD1bits   0x000f3e       data     extern C:\MCC18\v3_39\src\traditional\proc\p18F45K22.asm
                     PMD2   0x000f3d       data     extern C:\MCC18\v3_39\src\traditional\proc\p18F45K22.asm
                 PMD2bits   0x000f3d       data     extern C:\MCC18\v3_39\src\traditional\proc\p18F45K22.asm
                    PORTA   0x000f80       data     extern C:\MCC18\v3_39\src\traditional\proc\p18F45K22.asm
                PORTAbits   0x000f80       data     extern C:\MCC18\v3_39\src\traditional\proc\p18F45K22.asm
                    PORTB   0x000f81       data     extern C:\MCC18\v3_39\src\traditional\proc\p18F45K22.asm
                PORTBbits   0x000f81       data     extern C:\MCC18\v3_39\src\traditional\proc\p18F45K22.asm
                    PORTC   0x000f82       data     extern C:\MCC18\v3_39\src\traditional\proc\p18F45K22.asm
                PORTCbits   0x000f82       data     extern C:\MCC18\v3_39\src\traditional\proc\p18F45K22.asm
                    PORTD   0x000f83       data     extern C:\MCC18\v3_39\src\traditional\proc\p18F45K22.asm
                PORTDbits   0x000f83       data     extern C:\MCC18\v3_39\src\traditional\proc\p18F45K22.asm
                    PORTE   0x000f84       data     extern C:\MCC18\v3_39\src\traditional\proc\p18F45K22.asm
                PORTEbits   0x000f84       data     extern C:\MCC18\v3_39\src\traditional\proc\p18F45K22.asm
                 POSTDEC0   0x000fed       data     extern C:\MCC18\v3_39\src\traditional\proc\p18F45K22.asm
                 POSTDEC1   0x000fe5       data     extern C:\MCC18\v3_39\src\traditional\proc\p18F45K22.asm
                 POSTDEC2   0x000fdd       data     extern C:\MCC18\v3_39\src\traditional\proc\p18F45K22.asm
                 POSTINC0   0x000fee       data     extern C:\MCC18\v3_39\src\traditional\proc\p18F45K22.asm
                 POSTINC1   0x000fe6       data     extern C:\MCC18\v3_39\src\traditional\proc\p18F45K22.asm
                 POSTINC2   0x000fde       data     extern C:\MCC18\v3_39\src\traditional\proc\p18F45K22.asm
                      PR2   0x000fbb       data     extern C:\MCC18\v3_39\src\traditional\proc\p18F45K22.asm
                      PR4   0x000f52       data     extern C:\MCC18\v3_39\src\traditional\proc\p18F45K22.asm
                      PR6   0x000f4b       data     extern C:\MCC18\v3_39\src\traditional\proc\p18F45K22.asm
                  PREINC0   0x000fec       data     extern C:\MCC18\v3_39\src\traditional\proc\p18F45K22.asm
                  PREINC1   0x000fe4       data     extern C:\MCC18\v3_39\src\traditional\proc\p18F45K22.asm
                  PREINC2   0x000fdc       data     extern C:\MCC18\v3_39\src\traditional\proc\p18F45K22.asm
                PRINC_DIR   0x000068       data     extern D:\Documents\INSA\MIQ 5\Miqmobile\Code principal\ProgrammePrincipal\variablesGlobales.c
              PRINC_PID_D   0x000064       data     extern D:\Documents\INSA\MIQ 5\Miqmobile\Code principal\ProgrammePrincipal\variablesGlobales.c
              PRINC_PID_K   0x000060       data     extern D:\Documents\INSA\MIQ 5\Miqmobile\Code principal\ProgrammePrincipal\variablesGlobales.c
                     PROD   0x000ff3       data     extern C:\MCC18\v3_39\src\traditional\proc\p18F45K22.asm
                    PRODH   0x000ff4       data     extern C:\MCC18\v3_39\src\traditional\proc\p18F45K22.asm
                    PRODL   0x000ff3       data     extern C:\MCC18\v3_39\src\traditional\proc\p18F45K22.asm
                 PSTR1CON   0x000fb9       data     extern C:\MCC18\v3_39\src\traditional\proc\p18F45K22.asm
             PSTR1CONbits   0x000fb9       data     extern C:\MCC18\v3_39\src\traditional\proc\p18F45K22.asm
                 PSTR2CON   0x000f63       data     extern C:\MCC18\v3_39\src\traditional\proc\p18F45K22.asm
             PSTR2CONbits   0x000f63       data     extern C:\MCC18\v3_39\src\traditional\proc\p18F45K22.asm
                 PSTR3CON   0x000f5a       data     extern C:\MCC18\v3_39\src\traditional\proc\p18F45K22.asm
             PSTR3CONbits   0x000f5a       data     extern C:\MCC18\v3_39\src\traditional\proc\p18F45K22.asm
                  PSTRCON   0x000fb9       data     extern C:\MCC18\v3_39\src\traditional\proc\p18F45K22.asm
              PSTRCONbits   0x000fb9       data     extern C:\MCC18\v3_39\src\traditional\proc\p18F45K22.asm
                  PWM1CON   0x000fb7       data     extern C:\MCC18\v3_39\src\traditional\proc\p18F45K22.asm
              PWM1CONbits   0x000fb7       data     extern C:\MCC18\v3_39\src\traditional\proc\p18F45K22.asm
                  PWM2CON   0x000f65       data     extern C:\MCC18\v3_39\src\traditional\proc\p18F45K22.asm
              PWM2CONbits   0x000f65       data     extern C:\MCC18\v3_39\src\traditional\proc\p18F45K22.asm
                  PWM3CON   0x000f5c       data     extern C:\MCC18\v3_39\src\traditional\proc\p18F45K22.asm
              PWM3CONbits   0x000f5c       data     extern C:\MCC18\v3_39\src\traditional\proc\p18F45K22.asm
                   PWMCON   0x000fb7       data     extern C:\MCC18\v3_39\src\traditional\proc\p18F45K22.asm
               PWMCONbits   0x000fb7       data     extern C:\MCC18\v3_39\src\traditional\proc\p18F45K22.asm
                   RC1REG   0x000fae       data     extern C:\MCC18\v3_39\src\traditional\proc\p18F45K22.asm
               RC1REGbits   0x000fae       data     extern C:\MCC18\v3_39\src\traditional\proc\p18F45K22.asm
                   RC1STA   0x000fab       data     extern C:\MCC18\v3_39\src\traditional\proc\p18F45K22.asm
               RC1STAbits   0x000fab       data     extern C:\MCC18\v3_39\src\traditional\proc\p18F45K22.asm
                   RC2REG   0x000f74       data     extern C:\MCC18\v3_39\src\traditional\proc\p18F45K22.asm
                   RC2STA   0x000f71       data     extern C:\MCC18\v3_39\src\traditional\proc\p18F45K22.asm
               RC2STAbits   0x000f71       data     extern C:\MCC18\v3_39\src\traditional\proc\p18F45K22.asm
                     RCON   0x000fd0       data     extern C:\MCC18\v3_39\src\traditional\proc\p18F45K22.asm
                 RCONbits   0x000fd0       data     extern C:\MCC18\v3_39\src\traditional\proc\p18F45K22.asm
                    RCREG   0x000fae       data     extern C:\MCC18\v3_39\src\traditional\proc\p18F45K22.asm
                   RCREG1   0x000fae       data     extern C:\MCC18\v3_39\src\traditional\proc\p18F45K22.asm
               RCREG1bits   0x000fae       data     extern C:\MCC18\v3_39\src\traditional\proc\p18F45K22.asm
                   RCREG2   0x000f74       data     extern C:\MCC18\v3_39\src\traditional\proc\p18F45K22.asm
                RCREGbits   0x000fae       data     extern C:\MCC18\v3_39\src\traditional\proc\p18F45K22.asm
                    RCSTA   0x000fab       data     extern C:\MCC18\v3_39\src\traditional\proc\p18F45K22.asm
                   RCSTA1   0x000fab       data     extern C:\MCC18\v3_39\src\traditional\proc\p18F45K22.asm
               RCSTA1bits   0x000fab       data     extern C:\MCC18\v3_39\src\traditional\proc\p18F45K22.asm
                   RCSTA2   0x000f71       data     extern C:\MCC18\v3_39\src\traditional\proc\p18F45K22.asm
               RCSTA2bits   0x000f71       data     extern C:\MCC18\v3_39\src\traditional\proc\p18F45K22.asm
                RCSTAbits   0x000fab       data     extern C:\MCC18\v3_39\src\traditional\proc\p18F45K22.asm
                     SIGN   0x000028       data     extern C:\MCC18\v3_39\src\traditional\math\cmath18.asm
                   SLRCON   0x000f60       data     extern C:\MCC18\v3_39\src\traditional\proc\p18F45K22.asm
               SLRCONbits   0x000f60       data     extern C:\MCC18\v3_39\src\traditional\proc\p18F45K22.asm
                   SP1BRG   0x000faf       data     extern C:\MCC18\v3_39\src\traditional\proc\p18F45K22.asm
                  SP1BRGH   0x000fb0       data     extern C:\MCC18\v3_39\src\traditional\proc\p18F45K22.asm
              SP1BRGHbits   0x000fb0       data     extern C:\MCC18\v3_39\src\traditional\proc\p18F45K22.asm
               SP1BRGbits   0x000faf       data     extern C:\MCC18\v3_39\src\traditional\proc\p18F45K22.asm
                   SP2BRG   0x000f75       data     extern C:\MCC18\v3_39\src\traditional\proc\p18F45K22.asm
                  SP2BRGH   0x000f76       data     extern C:\MCC18\v3_39\src\traditional\proc\p18F45K22.asm
                    SPBRG   0x000faf       data     extern C:\MCC18\v3_39\src\traditional\proc\p18F45K22.asm
                   SPBRG1   0x000faf       data     extern C:\MCC18\v3_39\src\traditional\proc\p18F45K22.asm
               SPBRG1bits   0x000faf       data     extern C:\MCC18\v3_39\src\traditional\proc\p18F45K22.asm
                   SPBRG2   0x000f75       data     extern C:\MCC18\v3_39\src\traditional\proc\p18F45K22.asm
                   SPBRGH   0x000fb0       data     extern C:\MCC18\v3_39\src\traditional\proc\p18F45K22.asm
                  SPBRGH1   0x000fb0       data     extern C:\MCC18\v3_39\src\traditional\proc\p18F45K22.asm
              SPBRGH1bits   0x000fb0       data     extern C:\MCC18\v3_39\src\traditional\proc\p18F45K22.asm
                  SPBRGH2   0x000f76       data     extern C:\MCC18\v3_39\src\traditional\proc\p18F45K22.asm
               SPBRGHbits   0x000fb0       data     extern C:\MCC18\v3_39\src\traditional\proc\p18F45K22.asm
                SPBRGbits   0x000faf       data     extern C:\MCC18\v3_39\src\traditional\proc\p18F45K22.asm
                   SRCON0   0x000f47       data     extern C:\MCC18\v3_39\src\traditional\proc\p18F45K22.asm
               SRCON0bits   0x000f47       data     extern C:\MCC18\v3_39\src\traditional\proc\p18F45K22.asm
                   SRCON1   0x000f46       data     extern C:\MCC18\v3_39\src\traditional\proc\p18F45K22.asm
               SRCON1bits   0x000f46       data     extern C:\MCC18\v3_39\src\traditional\proc\p18F45K22.asm
                  SSP1ADD   0x000fc8       data     extern C:\MCC18\v3_39\src\traditional\proc\p18F45K22.asm
              SSP1ADDbits   0x000fc8       data     extern C:\MCC18\v3_39\src\traditional\proc\p18F45K22.asm
                  SSP1BUF   0x000fc9       data     extern C:\MCC18\v3_39\src\traditional\proc\p18F45K22.asm
              SSP1BUFbits   0x000fc9       data     extern C:\MCC18\v3_39\src\traditional\proc\p18F45K22.asm
                 SSP1CON1   0x000fc6       data     extern C:\MCC18\v3_39\src\traditional\proc\p18F45K22.asm
             SSP1CON1bits   0x000fc6       data     extern C:\MCC18\v3_39\src\traditional\proc\p18F45K22.asm
                 SSP1CON2   0x000fc5       data     extern C:\MCC18\v3_39\src\traditional\proc\p18F45K22.asm
             SSP1CON2bits   0x000fc5       data     extern C:\MCC18\v3_39\src\traditional\proc\p18F45K22.asm
                 SSP1CON3   0x000fcb       data     extern C:\MCC18\v3_39\src\traditional\proc\p18F45K22.asm
             SSP1CON3bits   0x000fcb       data     extern C:\MCC18\v3_39\src\traditional\proc\p18F45K22.asm
                  SSP1MSK   0x000fca       data     extern C:\MCC18\v3_39\src\traditional\proc\p18F45K22.asm
              SSP1MSKbits   0x000fca       data     extern C:\MCC18\v3_39\src\traditional\proc\p18F45K22.asm
                 SSP1STAT   0x000fc7       data     extern C:\MCC18\v3_39\src\traditional\proc\p18F45K22.asm
             SSP1STATbits   0x000fc7       data     extern C:\MCC18\v3_39\src\traditional\proc\p18F45K22.asm
                  SSP2ADD   0x000f6e       data     extern C:\MCC18\v3_39\src\traditional\proc\p18F45K22.asm
                  SSP2BUF   0x000f6f       data     extern C:\MCC18\v3_39\src\traditional\proc\p18F45K22.asm
                 SSP2CON1   0x000f6c       data     extern C:\MCC18\v3_39\src\traditional\proc\p18F45K22.asm
             SSP2CON1bits   0x000f6c       data     extern C:\MCC18\v3_39\src\traditional\proc\p18F45K22.asm
                 SSP2CON2   0x000f6b       data     extern C:\MCC18\v3_39\src\traditional\proc\p18F45K22.asm
             SSP2CON2bits   0x000f6b       data     extern C:\MCC18\v3_39\src\traditional\proc\p18F45K22.asm
                 SSP2CON3   0x000f69       data     extern C:\MCC18\v3_39\src\traditional\proc\p18F45K22.asm
             SSP2CON3bits   0x000f69       data     extern C:\MCC18\v3_39\src\traditional\proc\p18F45K22.asm
                  SSP2MSK   0x000f6a       data     extern C:\MCC18\v3_39\src\traditional\proc\p18F45K22.asm
              SSP2MSKbits   0x000f6a       data     extern C:\MCC18\v3_39\src\traditional\proc\p18F45K22.asm
                 SSP2STAT   0x000f6d       data     extern C:\MCC18\v3_39\src\traditional\proc\p18F45K22.asm
             SSP2STATbits   0x000f6d       data     extern C:\MCC18\v3_39\src\traditional\proc\p18F45K22.asm
                   SSPADD   0x000fc8       data     extern C:\MCC18\v3_39\src\traditional\proc\p18F45K22.asm
               SSPADDbits   0x000fc8       data     extern C:\MCC18\v3_39\src\traditional\proc\p18F45K22.asm
                   SSPBUF   0x000fc9       data     extern C:\MCC18\v3_39\src\traditional\proc\p18F45K22.asm
               SSPBUFbits   0x000fc9       data     extern C:\MCC18\v3_39\src\traditional\proc\p18F45K22.asm
                  SSPCON1   0x000fc6       data     extern C:\MCC18\v3_39\src\traditional\proc\p18F45K22.asm
              SSPCON1bits   0x000fc6       data     extern C:\MCC18\v3_39\src\traditional\proc\p18F45K22.asm
                  SSPCON2   0x000fc5       data     extern C:\MCC18\v3_39\src\traditional\proc\p18F45K22.asm
              SSPCON2bits   0x000fc5       data     extern C:\MCC18\v3_39\src\traditional\proc\p18F45K22.asm
                  SSPCON3   0x000fcb       data     extern C:\MCC18\v3_39\src\traditional\proc\p18F45K22.asm
              SSPCON3bits   0x000fcb       data     extern C:\MCC18\v3_39\src\traditional\proc\p18F45K22.asm
                   SSPMSK   0x000fca       data     extern C:\MCC18\v3_39\src\traditional\proc\p18F45K22.asm
               SSPMSKbits   0x000fca       data     extern C:\MCC18\v3_39\src\traditional\proc\p18F45K22.asm
                  SSPSTAT   0x000fc7       data     extern C:\MCC18\v3_39\src\traditional\proc\p18F45K22.asm
              SSPSTATbits   0x000fc7       data     extern C:\MCC18\v3_39\src\traditional\proc\p18F45K22.asm
                   STATUS   0x000fd8       data     extern C:\MCC18\v3_39\src\traditional\proc\p18F45K22.asm
               STATUSbits   0x000fd8       data     extern C:\MCC18\v3_39\src\traditional\proc\p18F45K22.asm
                   STKPTR   0x000ffc       data     extern C:\MCC18\v3_39\src\traditional\proc\p18F45K22.asm
               STKPTRbits   0x000ffc       data     extern C:\MCC18\v3_39\src\traditional\proc\p18F45K22.asm
                    T0CON   0x000fd5       data     extern C:\MCC18\v3_39\src\traditional\proc\p18F45K22.asm
                T0CONbits   0x000fd5       data     extern C:\MCC18\v3_39\src\traditional\proc\p18F45K22.asm
                    T1CON   0x000fcd       data     extern C:\MCC18\v3_39\src\traditional\proc\p18F45K22.asm
                T1CONbits   0x000fcd       data     extern C:\MCC18\v3_39\src\traditional\proc\p18F45K22.asm
                   T1GCON   0x000fcc       data     extern C:\MCC18\v3_39\src\traditional\proc\p18F45K22.asm
               T1GCONbits   0x000fcc       data     extern C:\MCC18\v3_39\src\traditional\proc\p18F45K22.asm
                    T2CON   0x000fba       data     extern C:\MCC18\v3_39\src\traditional\proc\p18F45K22.asm
                T2CONbits   0x000fba       data     extern C:\MCC18\v3_39\src\traditional\proc\p18F45K22.asm
                    T3CON   0x000fb1       data     extern C:\MCC18\v3_39\src\traditional\proc\p18F45K22.asm
                T3CONbits   0x000fb1       data     extern C:\MCC18\v3_39\src\traditional\proc\p18F45K22.asm
                   T3GCON   0x000fb4       data     extern C:\MCC18\v3_39\src\traditional\proc\p18F45K22.asm
               T3GCONbits   0x000fb4       data     extern C:\MCC18\v3_39\src\traditional\proc\p18F45K22.asm
                    T4CON   0x000f51       data     extern C:\MCC18\v3_39\src\traditional\proc\p18F45K22.asm
                T4CONbits   0x000f51       data     extern C:\MCC18\v3_39\src\traditional\proc\p18F45K22.asm
                    T5CON   0x000f4e       data     extern C:\MCC18\v3_39\src\traditional\proc\p18F45K22.asm
                T5CONbits   0x000f4e       data     extern C:\MCC18\v3_39\src\traditional\proc\p18F45K22.asm
                   T5GCON   0x000f4d       data     extern C:\MCC18\v3_39\src\traditional\proc\p18F45K22.asm
               T5GCONbits   0x000f4d       data     extern C:\MCC18\v3_39\src\traditional\proc\p18F45K22.asm
                    T6CON   0x000f4a       data     extern C:\MCC18\v3_39\src\traditional\proc\p18F45K22.asm
                T6CONbits   0x000f4a       data     extern C:\MCC18\v3_39\src\traditional\proc\p18F45K22.asm
                   TABLAT   0x000ff5       data     extern C:\MCC18\v3_39\src\traditional\proc\p18F45K22.asm
                   TBLPTR   0x000ff6       data     extern C:\MCC18\v3_39\src\traditional\proc\p18F45K22.asm
                  TBLPTRH   0x000ff7       data     extern C:\MCC18\v3_39\src\traditional\proc\p18F45K22.asm
                  TBLPTRL   0x000ff6       data     extern C:\MCC18\v3_39\src\traditional\proc\p18F45K22.asm
                  TBLPTRU   0x000ff8       data     extern C:\MCC18\v3_39\src\traditional\proc\p18F45K22.asm
              TBLPTRUbits   0x000ff8       data     extern C:\MCC18\v3_39\src\traditional\proc\p18F45K22.asm
                    TMR0H   0x000fd7       data     extern C:\MCC18\v3_39\src\traditional\proc\p18F45K22.asm
                    TMR0L   0x000fd6       data     extern C:\MCC18\v3_39\src\traditional\proc\p18F45K22.asm
                    TMR1H   0x000fcf       data     extern C:\MCC18\v3_39\src\traditional\proc\p18F45K22.asm
                    TMR1L   0x000fce       data     extern C:\MCC18\v3_39\src\traditional\proc\p18F45K22.asm
                     TMR2   0x000fbc       data     extern C:\MCC18\v3_39\src\traditional\proc\p18F45K22.asm
                    TMR3H   0x000fb3       data     extern C:\MCC18\v3_39\src\traditional\proc\p18F45K22.asm
                    TMR3L   0x000fb2       data     extern C:\MCC18\v3_39\src\traditional\proc\p18F45K22.asm
                     TMR4   0x000f53       data     extern C:\MCC18\v3_39\src\traditional\proc\p18F45K22.asm
                    TMR5H   0x000f50       data     extern C:\MCC18\v3_39\src\traditional\proc\p18F45K22.asm
                    TMR5L   0x000f4f       data     extern C:\MCC18\v3_39\src\traditional\proc\p18F45K22.asm
                     TMR6   0x000f4c       data     extern C:\MCC18\v3_39\src\traditional\proc\p18F45K22.asm
                      TOS   0x000ffd       data     extern C:\MCC18\v3_39\src\traditional\proc\p18F45K22.asm
                     TOSH   0x000ffe       data     extern C:\MCC18\v3_39\src\traditional\proc\p18F45K22.asm
                     TOSL   0x000ffd       data     extern C:\MCC18\v3_39\src\traditional\proc\p18F45K22.asm
                     TOSU   0x000fff       data     extern C:\MCC18\v3_39\src\traditional\proc\p18F45K22.asm
                    TRISA   0x000f92       data     extern C:\MCC18\v3_39\src\traditional\proc\p18F45K22.asm
                TRISAbits   0x000f92       data     extern C:\MCC18\v3_39\src\traditional\proc\p18F45K22.asm
                    TRISB   0x000f93       data     extern C:\MCC18\v3_39\src\traditional\proc\p18F45K22.asm
                TRISBbits   0x000f93       data     extern C:\MCC18\v3_39\src\traditional\proc\p18F45K22.asm
                    TRISC   0x000f94       data     extern C:\MCC18\v3_39\src\traditional\proc\p18F45K22.asm
[...]
                EEADRbits   0x000fa9       data     extern C:\MCC18\v3_39\src\traditional\proc\p18F45K22.asm
                   RC1STA   0x000fab       data     extern C:\MCC18\v3_39\src\traditional\proc\p18F45K22.asm
               RC1STAbits   0x000fab       data     extern C:\MCC18\v3_39\src\traditional\proc\p18F45K22.asm
                    RCSTA   0x000fab       data     extern C:\MCC18\v3_39\src\traditional\proc\p18F45K22.asm
                   RCSTA1   0x000fab       data     extern C:\MCC18\v3_39\src\traditional\proc\p18F45K22.asm
               RCSTA1bits   0x000fab       data     extern C:\MCC18\v3_39\src\traditional\proc\p18F45K22.asm
                RCSTAbits   0x000fab       data     extern C:\MCC18\v3_39\src\traditional\proc\p18F45K22.asm
                TXSTAbits   0x000fac       data     extern C:\MCC18\v3_39\src\traditional\proc\p18F45K22.asm
               TXSTA1bits   0x000fac       data     extern C:\MCC18\v3_39\src\traditional\proc\p18F45K22.asm
                   TXSTA1   0x000fac       data     extern C:\MCC18\v3_39\src\traditional\proc\p18F45K22.asm
                    TXSTA   0x000fac       data     extern C:\MCC18\v3_39\src\traditional\proc\p18F45K22.asm
               TX1STAbits   0x000fac       data     extern C:\MCC18\v3_39\src\traditional\proc\p18F45K22.asm
                   TX1STA   0x000fac       data     extern C:\MCC18\v3_39\src\traditional\proc\p18F45K22.asm
                    TXREG   0x000fad       data     extern C:\MCC18\v3_39\src\traditional\proc\p18F45K22.asm
                   TXREG1   0x000fad       data     extern C:\MCC18\v3_39\src\traditional\proc\p18F45K22.asm
               TXREG1bits   0x000fad       data     extern C:\MCC18\v3_39\src\traditional\proc\p18F45K22.asm
                TXREGbits   0x000fad       data     extern C:\MCC18\v3_39\src\traditional\proc\p18F45K22.asm
               TX1REGbits   0x000fad       data     extern C:\MCC18\v3_39\src\traditional\proc\p18F45K22.asm
                   TX1REG   0x000fad       data     extern C:\MCC18\v3_39\src\traditional\proc\p18F45K22.asm
                RCREGbits   0x000fae       data     extern C:\MCC18\v3_39\src\traditional\proc\p18F45K22.asm
               RCREG1bits   0x000fae       data     extern C:\MCC18\v3_39\src\traditional\proc\p18F45K22.asm
                   RCREG1   0x000fae       data     extern C:\MCC18\v3_39\src\traditional\proc\p18F45K22.asm
                    RCREG   0x000fae       data     extern C:\MCC18\v3_39\src\traditional\proc\p18F45K22.asm
               RC1REGbits   0x000fae       data     extern C:\MCC18\v3_39\src\traditional\proc\p18F45K22.asm
                   RC1REG   0x000fae       data     extern C:\MCC18\v3_39\src\traditional\proc\p18F45K22.asm
                SPBRGbits   0x000faf       data     extern C:\MCC18\v3_39\src\traditional\proc\p18F45K22.asm
                   SP1BRG   0x000faf       data     extern C:\MCC18\v3_39\src\traditional\proc\p18F45K22.asm
               SP1BRGbits   0x000faf       data     extern C:\MCC18\v3_39\src\traditional\proc\p18F45K22.asm
               SPBRG1bits   0x000faf       data     extern C:\MCC18\v3_39\src\traditional\proc\p18F45K22.asm
                    SPBRG   0x000faf       data     extern C:\MCC18\v3_39\src\traditional\proc\p18F45K22.asm
                   SPBRG1   0x000faf       data     extern C:\MCC18\v3_39\src\traditional\proc\p18F45K22.asm
              SP1BRGHbits   0x000fb0       data     extern C:\MCC18\v3_39\src\traditional\proc\p18F45K22.asm
                  SP1BRGH   0x000fb0       data     extern C:\MCC18\v3_39\src\traditional\proc\p18F45K22.asm
               SPBRGHbits   0x000fb0       data     extern C:\MCC18\v3_39\src\traditional\proc\p18F45K22.asm
              SPBRGH1bits   0x000fb0       data     extern C:\MCC18\v3_39\src\traditional\proc\p18F45K22.asm
                  SPBRGH1   0x000fb0       data     extern C:\MCC18\v3_39\src\traditional\proc\p18F45K22.asm
                   SPBRGH   0x000fb0       data     extern C:\MCC18\v3_39\src\traditional\proc\p18F45K22.asm
                    T3CON   0x000fb1       data     extern C:\MCC18\v3_39\src\traditional\proc\p18F45K22.asm
                T3CONbits   0x000fb1       data     extern C:\MCC18\v3_39\src\traditional\proc\p18F45K22.asm
                    TMR3L   0x000fb2       data     extern C:\MCC18\v3_39\src\traditional\proc\p18F45K22.asm
                    TMR3H   0x000fb3       data     extern C:\MCC18\v3_39\src\traditional\proc\p18F45K22.asm
               T3GCONbits   0x000fb4       data     extern C:\MCC18\v3_39\src\traditional\proc\p18F45K22.asm
                   T3GCON   0x000fb4       data     extern C:\MCC18\v3_39\src\traditional\proc\p18F45K22.asm
                  ECCP1AS   0x000fb6       data     extern C:\MCC18\v3_39\src\traditional\proc\p18F45K22.asm
              ECCP1ASbits   0x000fb6       data     extern C:\MCC18\v3_39\src\traditional\proc\p18F45K22.asm
                   ECCPAS   0x000fb6       data     extern C:\MCC18\v3_39\src\traditional\proc\p18F45K22.asm
               ECCPASbits   0x000fb6       data     extern C:\MCC18\v3_39\src\traditional\proc\p18F45K22.asm
               PWMCONbits   0x000fb7       data     extern C:\MCC18\v3_39\src\traditional\proc\p18F45K22.asm
                   PWMCON   0x000fb7       data     extern C:\MCC18\v3_39\src\traditional\proc\p18F45K22.asm
              PWM1CONbits   0x000fb7       data     extern C:\MCC18\v3_39\src\traditional\proc\p18F45K22.asm
                  PWM1CON   0x000fb7       data     extern C:\MCC18\v3_39\src\traditional\proc\p18F45K22.asm
              BAUDCONbits   0x000fb8       data     extern C:\MCC18\v3_39\src\traditional\proc\p18F45K22.asm
                  BAUDCTL   0x000fb8       data     extern C:\MCC18\v3_39\src\traditional\proc\p18F45K22.asm
              BAUDCTLbits   0x000fb8       data     extern C:\MCC18\v3_39\src\traditional\proc\p18F45K22.asm
                 BAUD1CON   0x000fb8       data     extern C:\MCC18\v3_39\src\traditional\proc\p18F45K22.asm
             BAUD1CONbits   0x000fb8       data     extern C:\MCC18\v3_39\src\traditional\proc\p18F45K22.asm
             BAUDCON1bits   0x000fb8       data     extern C:\MCC18\v3_39\src\traditional\proc\p18F45K22.asm
                 BAUDCON1   0x000fb8       data     extern C:\MCC18\v3_39\src\traditional\proc\p18F45K22.asm
                  BAUDCON   0x000fb8       data     extern C:\MCC18\v3_39\src\traditional\proc\p18F45K22.asm
              PSTRCONbits   0x000fb9       data     extern C:\MCC18\v3_39\src\traditional\proc\p18F45K22.asm
                  PSTRCON   0x000fb9       data     extern C:\MCC18\v3_39\src\traditional\proc\p18F45K22.asm
             PSTR1CONbits   0x000fb9       data     extern C:\MCC18\v3_39\src\traditional\proc\p18F45K22.asm
                 PSTR1CON   0x000fb9       data     extern C:\MCC18\v3_39\src\traditional\proc\p18F45K22.asm
                    T2CON   0x000fba       data     extern C:\MCC18\v3_39\src\traditional\proc\p18F45K22.asm
                T2CONbits   0x000fba       data     extern C:\MCC18\v3_39\src\traditional\proc\p18F45K22.asm
                      PR2   0x000fbb       data     extern C:\MCC18\v3_39\src\traditional\proc\p18F45K22.asm
                     TMR2   0x000fbc       data     extern C:\MCC18\v3_39\src\traditional\proc\p18F45K22.asm
              CCP1CONbits   0x000fbd       data     extern C:\MCC18\v3_39\src\traditional\proc\p18F45K22.asm
                  CCP1CON   0x000fbd       data     extern C:\MCC18\v3_39\src\traditional\proc\p18F45K22.asm
                   CCPR1L   0x000fbe       data     extern C:\MCC18\v3_39\src\traditional\proc\p18F45K22.asm
                    CCPR1   0x000fbe       data     extern C:\MCC18\v3_39\src\traditional\proc\p18F45K22.asm
                   CCPR1H   0x000fbf       data     extern C:\MCC18\v3_39\src\traditional\proc\p18F45K22.asm
               ADCON2bits   0x000fc0       data     extern C:\MCC18\v3_39\src\traditional\proc\p18F45K22.asm
                   ADCON2   0x000fc0       data     extern C:\MCC18\v3_39\src\traditional\proc\p18F45K22.asm
               ADCON1bits   0x000fc1       data     extern C:\MCC18\v3_39\src\traditional\proc\p18F45K22.asm
                   ADCON1   0x000fc1       data     extern C:\MCC18\v3_39\src\traditional\proc\p18F45K22.asm
               ADCON0bits   0x000fc2       data     extern C:\MCC18\v3_39\src\traditional\proc\p18F45K22.asm
                   ADCON0   0x000fc2       data     extern C:\MCC18\v3_39\src\traditional\proc\p18F45K22.asm
                   ADRESL   0x000fc3       data     extern C:\MCC18\v3_39\src\traditional\proc\p18F45K22.asm
                    ADRES   0x000fc3       data     extern C:\MCC18\v3_39\src\traditional\proc\p18F45K22.asm
                   ADRESH   0x000fc4       data     extern C:\MCC18\v3_39\src\traditional\proc\p18F45K22.asm
                  SSPCON2   0x000fc5       data     extern C:\MCC18\v3_39\src\traditional\proc\p18F45K22.asm
              SSPCON2bits   0x000fc5       data     extern C:\MCC18\v3_39\src\traditional\proc\p18F45K22.asm
                 SSP1CON2   0x000fc5       data     extern C:\MCC18\v3_39\src\traditional\proc\p18F45K22.asm
             SSP1CON2bits   0x000fc5       data     extern C:\MCC18\v3_39\src\traditional\proc\p18F45K22.asm
                 SSP1CON1   0x000fc6       data     extern C:\MCC18\v3_39\src\traditional\proc\p18F45K22.asm
             SSP1CON1bits   0x000fc6       data     extern C:\MCC18\v3_39\src\traditional\proc\p18F45K22.asm
              SSPCON1bits   0x000fc6       data     extern C:\MCC18\v3_39\src\traditional\proc\p18F45K22.asm
                  SSPCON1   0x000fc6       data     extern C:\MCC18\v3_39\src\traditional\proc\p18F45K22.asm
              SSPSTATbits   0x000fc7       data     extern C:\MCC18\v3_39\src\traditional\proc\p18F45K22.asm
                  SSPSTAT   0x000fc7       data     extern C:\MCC18\v3_39\src\traditional\proc\p18F45K22.asm
                 SSP1STAT   0x000fc7       data     extern C:\MCC18\v3_39\src\traditional\proc\p18F45K22.asm
             SSP1STATbits   0x000fc7       data     extern C:\MCC18\v3_39\src\traditional\proc\p18F45K22.asm
              SSP1ADDbits   0x000fc8       data     extern C:\MCC18\v3_39\src\traditional\proc\p18F45K22.asm
                  SSP1ADD   0x000fc8       data     extern C:\MCC18\v3_39\src\traditional\proc\p18F45K22.asm
                   SSPADD   0x000fc8       data     extern C:\MCC18\v3_39\src\traditional\proc\p18F45K22.asm
               SSPADDbits   0x000fc8       data     extern C:\MCC18\v3_39\src\traditional\proc\p18F45K22.asm
               SSPBUFbits   0x000fc9       data     extern C:\MCC18\v3_39\src\traditional\proc\p18F45K22.asm
                   SSPBUF   0x000fc9       data     extern C:\MCC18\v3_39\src\traditional\proc\p18F45K22.asm
              SSP1BUFbits   0x000fc9       data     extern C:\MCC18\v3_39\src\traditional\proc\p18F45K22.asm
                  SSP1BUF   0x000fc9       data     extern C:\MCC18\v3_39\src\traditional\proc\p18F45K22.asm
              SSP1MSKbits   0x000fca       data     extern C:\MCC18\v3_39\src\traditional\proc\p18F45K22.asm
                   SSPMSK   0x000fca       data     extern C:\MCC18\v3_39\src\traditional\proc\p18F45K22.asm
               SSPMSKbits   0x000fca       data     extern C:\MCC18\v3_39\src\traditional\proc\p18F45K22.asm
                  SSP1MSK   0x000fca       data     extern C:\MCC18\v3_39\src\traditional\proc\p18F45K22.asm
                  SSPCON3   0x000fcb       data     extern C:\MCC18\v3_39\src\traditional\proc\p18F45K22.asm
             SSP1CON3bits   0x000fcb       data     extern C:\MCC18\v3_39\src\traditional\proc\p18F45K22.asm
                 SSP1CON3   0x000fcb       data     extern C:\MCC18\v3_39\src\traditional\proc\p18F45K22.asm
              SSPCON3bits   0x000fcb       data     extern C:\MCC18\v3_39\src\traditional\proc\p18F45K22.asm
                   T1GCON   0x000fcc       data     extern C:\MCC18\v3_39\src\traditional\proc\p18F45K22.asm
               T1GCONbits   0x000fcc       data     extern C:\MCC18\v3_39\src\traditional\proc\p18F45K22.asm
                    T1CON   0x000fcd       data     extern C:\MCC18\v3_39\src\traditional\proc\p18F45K22.asm
                T1CONbits   0x000fcd       data     extern C:\MCC18\v3_39\src\traditional\proc\p18F45K22.asm
                    TMR1L   0x000fce       data     extern C:\MCC18\v3_39\src\traditional\proc\p18F45K22.asm
                    TMR1H   0x000fcf       data     extern C:\MCC18\v3_39\src\traditional\proc\p18F45K22.asm
                 RCONbits   0x000fd0       data     extern C:\MCC18\v3_39\src\traditional\proc\p18F45K22.asm
                     RCON   0x000fd0       data     extern C:\MCC18\v3_39\src\traditional\proc\p18F45K22.asm
                   WDTCON   0x000fd1       data     extern C:\MCC18\v3_39\src\traditional\proc\p18F45K22.asm
               WDTCONbits   0x000fd1       data     extern C:\MCC18\v3_39\src\traditional\proc\p18F45K22.asm
                  OSCCON2   0x000fd2       data     extern C:\MCC18\v3_39\src\traditional\proc\p18F45K22.asm
              OSCCON2bits   0x000fd2       data     extern C:\MCC18\v3_39\src\traditional\proc\p18F45K22.asm
               OSCCONbits   0x000fd3       data     extern C:\MCC18\v3_39\src\traditional\proc\p18F45K22.asm
                   OSCCON   0x000fd3       data     extern C:\MCC18\v3_39\src\traditional\proc\p18F45K22.asm
                T0CONbits   0x000fd5       data     extern C:\MCC18\v3_39\src\traditional\proc\p18F45K22.asm
                    T0CON   0x000fd5       data     extern C:\MCC18\v3_39\src\traditional\proc\p18F45K22.asm
                    TMR0L   0x000fd6       data     extern C:\MCC18\v3_39\src\traditional\proc\p18F45K22.asm
                    TMR0H   0x000fd7       data     extern C:\MCC18\v3_39\src\traditional\proc\p18F45K22.asm
               STATUSbits   0x000fd8       data     extern C:\MCC18\v3_39\src\traditional\proc\p18F45K22.asm
                   STATUS   0x000fd8       data     extern C:\MCC18\v3_39\src\traditional\proc\p18F45K22.asm
                    FSR2L   0x000fd9       data     extern C:\MCC18\v3_39\src\traditional\proc\p18F45K22.asm
                     FSR2   0x000fd9       data     extern C:\MCC18\v3_39\src\traditional\proc\p18F45K22.asm
                    FSR2H   0x000fda       data     extern C:\MCC18\v3_39\src\traditional\proc\p18F45K22.asm
                   PLUSW2   0x000fdb       data     extern C:\MCC18\v3_39\src\traditional\proc\p18F45K22.asm
                  PREINC2   0x000fdc       data     extern C:\MCC18\v3_39\src\traditional\proc\p18F45K22.asm
                 POSTDEC2   0x000fdd       data     extern C:\MCC18\v3_39\src\traditional\proc\p18F45K22.asm
                 POSTINC2   0x000fde       data     extern C:\MCC18\v3_39\src\traditional\proc\p18F45K22.asm
                    INDF2   0x000fdf       data     extern C:\MCC18\v3_39\src\traditional\proc\p18F45K22.asm
                      BSR   0x000fe0       data     extern C:\MCC18\v3_39\src\traditional\proc\p18F45K22.asm
                    FSR1L   0x000fe1       data     extern C:\MCC18\v3_39\src\traditional\proc\p18F45K22.asm
                     FSR1   0x000fe1       data     extern C:\MCC18\v3_39\src\traditional\proc\p18F45K22.asm
                    FSR1H   0x000fe2       data     extern C:\MCC18\v3_39\src\traditional\proc\p18F45K22.asm
                   PLUSW1   0x000fe3       data     extern C:\MCC18\v3_39\src\traditional\proc\p18F45K22.asm
                  PREINC1   0x000fe4       data     extern C:\MCC18\v3_39\src\traditional\proc\p18F45K22.asm
                 POSTDEC1   0x000fe5       data     extern C:\MCC18\v3_39\src\traditional\proc\p18F45K22.asm
                 POSTINC1   0x000fe6       data     extern C:\MCC18\v3_39\src\traditional\proc\p18F45K22.asm
                    INDF1   0x000fe7       data     extern C:\MCC18\v3_39\src\traditional\proc\p18F45K22.asm
                     WREG   0x000fe8       data     extern C:\MCC18\v3_39\src\traditional\proc\p18F45K22.asm
                        W   0x000fe8       data     extern C:\MCC18\v3_39\src\traditional\proc\p18F45K22.asm
                     FSR0   0x000fe9       data     extern C:\MCC18\v3_39\src\traditional\proc\p18F45K22.asm
                    FSR0L   0x000fe9       data     extern C:\MCC18\v3_39\src\traditional\proc\p18F45K22.asm
                    FSR0H   0x000fea       data     extern C:\MCC18\v3_39\src\traditional\proc\p18F45K22.asm
                   PLUSW0   0x000feb       data     extern C:\MCC18\v3_39\src\traditional\proc\p18F45K22.asm
                  PREINC0   0x000fec       data     extern C:\MCC18\v3_39\src\traditional\proc\p18F45K22.asm
                 POSTDEC0   0x000fed       data     extern C:\MCC18\v3_39\src\traditional\proc\p18F45K22.asm
                 POSTINC0   0x000fee       data     extern C:\MCC18\v3_39\src\traditional\proc\p18F45K22.asm
                    INDF0   0x000fef       data     extern C:\MCC18\v3_39\src\traditional\proc\p18F45K22.asm
              INTCON3bits   0x000ff0       data     extern C:\MCC18\v3_39\src\traditional\proc\p18F45K22.asm
                  INTCON3   0x000ff0       data     extern C:\MCC18\v3_39\src\traditional\proc\p18F45K22.asm
              INTCON2bits   0x000ff1       data     extern C:\MCC18\v3_39\src\traditional\proc\p18F45K22.asm
                  INTCON2   0x000ff1       data     extern C:\MCC18\v3_39\src\traditional\proc\p18F45K22.asm
               INTCONbits   0x000ff2       data     extern C:\MCC18\v3_39\src\traditional\proc\p18F45K22.asm
                   INTCON   0x000ff2       data     extern C:\MCC18\v3_39\src\traditional\proc\p18F45K22.asm
                     PROD   0x000ff3       data     extern C:\MCC18\v3_39\src\traditional\proc\p18F45K22.asm
                    PRODL   0x000ff3       data     extern C:\MCC18\v3_39\src\traditional\proc\p18F45K22.asm
                    PRODH   0x000ff4       data     extern C:\MCC18\v3_39\src\traditional\proc\p18F45K22.asm
                   TABLAT   0x000ff5       data     extern C:\MCC18\v3_39\src\traditional\proc\p18F45K22.asm
                  TBLPTRL   0x000ff6       data     extern C:\MCC18\v3_39\src\traditional\proc\p18F45K22.asm
                   TBLPTR   0x000ff6       data     extern C:\MCC18\v3_39\src\traditional\proc\p18F45K22.asm
                  TBLPTRH   0x000ff7       data     extern C:\MCC18\v3_39\src\traditional\proc\p18F45K22.asm
                  TBLPTRU   0x000ff8       data     extern C:\MCC18\v3_39\src\traditional\proc\p18F45K22.asm
              TBLPTRUbits   0x000ff8       data     extern C:\MCC18\v3_39\src\traditional\proc\p18F45K22.asm
                      PCL   0x000ff9       data     extern C:\MCC18\v3_39\src\traditional\proc\p18F45K22.asm
                       PC   0x000ff9       data     extern C:\MCC18\v3_39\src\traditional\proc\p18F45K22.asm
                   PCLATH   0x000ffa       data     extern C:\MCC18\v3_39\src\traditional\proc\p18F45K22.asm
                   PCLATU   0x000ffb       data     extern C:\MCC18\v3_39\src\traditional\proc\p18F45K22.asm
                   STKPTR   0x000ffc       data     extern C:\MCC18\v3_39\src\traditional\proc\p18F45K22.asm
               STKPTRbits   0x000ffc       data     extern C:\MCC18\v3_39\src\traditional\proc\p18F45K22.asm
                     TOSL   0x000ffd       data     extern C:\MCC18\v3_39\src\traditional\proc\p18F45K22.asm
                      TOS   0x000ffd       data     extern C:\MCC18\v3_39\src\traditional\proc\p18F45K22.asm
                     TOSH   0x000ffe       data     extern C:\MCC18\v3_39\src\traditional\proc\p18F45K22.asm
                     TOSU   0x000fff       data     extern C:\MCC18\v3_39\src\traditional\proc\p18F45K22.asm


