MPLINK 4.38, Linker
Linker Map File - Created Fri Oct 07 17:51:39 2011

                                 Section Info
                  Section       Type    Address   Location Size(Bytes)
                ---------  ---------  ---------  ---------  ---------
               _entry_scn       code   0x000000    program   0x000006
       .code__user_putc.o       code   0x000006    program   0x000002
      InterruptVectorHigh       code   0x000008    program   0x000006
          .code_adcbusy.o       code   0x00000e    program   0x00000a
       InterruptVectorlow       code   0x000018    program   0x000006
                   .cinit    romdata   0x00001e    program   0x000032
         .code_vfprintf.o       code   0x000050    program   0x000c22
          .code_tangage.o       code   0x000c72    program   0x000b6a
                     PROG       code   0x0017dc    program   0x00061e
            .code_tools.o       code   0x001dfa    program   0x000594
.code_variablesGlobales.o       code   0x00238e    program   0x0004be
         .code_consigne.o       code   0x00284c    program   0x000456
    .code_communication.o       code   0x002ca2    program   0x0002b8
             .code_main.o       code   0x002f5a    program   0x0001f6
           .code_codeur.o       code   0x003150    program   0x000166
           .code_config.o       code   0x0032b6    program   0x000114
     .code_interruption.o       code   0x0033ca    program   0x0000f8
                   STRING       code   0x0034c2    program   0x0000bc
               _cinit_scn       code   0x00357e    program   0x00009e
           .code_printf.o       code   0x00361c    program   0x000098
             .code_putc.o       code   0x0036b4    program   0x000084
           .code_u2open.o       code   0x003738    program   0x000078
           .code_u1open.o       code   0x0037b0    program   0x000072
          .code_fxm3232.o       code   0x003822    program   0x000070
          .code_adcopen.o       code   0x003892    program   0x000060
           .code_asserv.o       code   0x0038f2    program   0x000058
           .code_t3open.o       code   0x00394a    program   0x000054
          .code_rb2open.o       code   0x00399e    program   0x000054
          .code_rb1open.o       code   0x0039f2    program   0x000054
          .code_write_B.o       code   0x003a46    program   0x00004e
          .code_rb0open.o       code   0x003a94    program   0x00004a
         .code_fxd3232u.o       code   0x003ade    program   0x000048
           .code_read_B.o       code   0x003b26    program   0x000044
           .code_t3read.o       code   0x003b6a    program   0x00003e
           .code_t4open.o       code   0x003ba8    program   0x000038
          .code_t3write.o       code   0x003be0    program   0x000038
           .code_t0open.o       code   0x003c18    program   0x000038
             D10KTCYXCODE       code   0x003c50    program   0x00002e
          .code_u1write.o       code   0x003c7e    program   0x00002e
     .code_adcselchconv.o       code   0x003cac    program   0x00002e
         .code_fxd1616u.o       code   0x003cda    program   0x00002c
                    CTYPE       code   0x003d06    program   0x000024
              D1KTCYXCODE       code   0x003d2a    program   0x000020
                    .code       code   0x003d4a    program   0x000020
             _startup_scn       code   0x003d6a    program   0x00001c
                    STDIO       code   0x003d86    program   0x00001c
              D10TCYXCODE       code   0x003da2    program   0x000016
          .code_adcread.o       code   0x003db8    program   0x000012
      .romdata_vfprintf.o    romdata   0x003dca    program   0x000011
       .romdata_tangage.o    romdata   0x003ddb    program   0x000007
          .romdata_main.o    romdata   0x003de2    program   0x000007
       .idata_fxm3232.o_i    romdata   0x003de9    program   0x000000
        .romdata_t3read.o    romdata   0x003de9    program   0x000000
        .idata_t3read.o_i    romdata   0x003de9    program   0x000000
    .romdata__user_putc.o    romdata   0x003de9    program   0x000000
       .romdata_adcread.o    romdata   0x003de9    program   0x000000
       .idata_adcread.o_i    romdata   0x003de9    program   0x000000
        .idata_printf.o_i    romdata   0x003de9    program   0x000000
        .romdata_t4open.o    romdata   0x003de9    program   0x000000
      .idata_vfprintf.o_i    romdata   0x003de9    program   0x000000
        .idata_t4open.o_i    romdata   0x003de9    program   0x000000
        .romdata_printf.o    romdata   0x003de9    program   0x000000
        .romdata_stdout.o    romdata   0x003de9    program   0x000000
        .romdata_t3open.o    romdata   0x003de9    program   0x000000
        .idata_t3open.o_i    romdata   0x003de9    program   0x000000
       .idata_t3write.o_i    romdata   0x003de9    program   0x000000
          .romdata_putc.o    romdata   0x003de9    program   0x000000
        .romdata_u1defs.o    romdata   0x003de9    program   0x000000
        .idata_u1defs.o_i    romdata   0x003de9    program   0x000000
       .romdata_t3write.o    romdata   0x003de9    program   0x000000
       .romdata_u1write.o    romdata   0x003de9    program   0x000000
       .idata_u1write.o_i    romdata   0x003de9    program   0x000000
          .idata_putc.o_i    romdata   0x003de9    program   0x000000
       .idata_write_B.o_i    romdata   0x003de9    program   0x000000
       .romdata_write_B.o    romdata   0x003de9    program   0x000000
  .romdata_adcselchconv.o    romdata   0x003de9    program   0x000000
       .romdata_fxm3232.o    romdata   0x003de9    program   0x000000
  .idata_adcselchconv.o_i    romdata   0x003de9    program   0x000000
        .idata___init.o_i    romdata   0x003de9    program   0x000000
        .romdata___init.o    romdata   0x003de9    program   0x000000
        .romdata_read_B.o    romdata   0x003de9    program   0x000000
        .idata_read_B.o_i    romdata   0x003de9    program   0x000000
    .idata__user_putc.o_i    romdata   0x003de9    program   0x000000
       .romdata_adcbusy.o    romdata   0x003de9    program   0x000000
       .idata_adcbusy.o_i    romdata   0x003de9    program   0x000000
.romdata_variablesGlobales.o    romdata   0x003de9    program   0x000000
.idata_variablesGlobales.o_i    romdata   0x003de9    program   0x000000
        .romdata_asserv.o    romdata   0x003de9    program   0x000000
         .romdata_tools.o    romdata   0x003de9    program   0x000000
        .romdata_config.o    romdata   0x003de9    program   0x000000
        .idata_config.o_i    romdata   0x003de9    program   0x000000
 .romdata_communication.o    romdata   0x003de9    program   0x000000
      .romdata_consigne.o    romdata   0x003de9    program   0x000000
      .idata_consigne.o_i    romdata   0x003de9    program   0x000000
       .idata_tangage.o_i    romdata   0x003de9    program   0x000000
        .romdata_codeur.o    romdata   0x003de9    program   0x000000
        .idata_codeur.o_i    romdata   0x003de9    program   0x000000
  .romdata_interruption.o    romdata   0x003de9    program   0x000000
  .idata_interruption.o_i    romdata   0x003de9    program   0x000000
             .stringtable    romdata   0x003de9    program   0x000000
          .idata_main.o_i    romdata   0x003de9    program   0x000000
         .romdata_c018i.o    romdata   0x003de9    program   0x000000
         .idata_c018i.o_i    romdata   0x003de9    program   0x000000
        .romdata_t0open.o    romdata   0x003de9    program   0x000000
        .idata_t0open.o_i    romdata   0x003de9    program   0x000000
       .romdata_rb2open.o    romdata   0x003de9    program   0x000000
       .idata_rb2open.o_i    romdata   0x003de9    program   0x000000
       .romdata_rb1open.o    romdata   0x003de9    program   0x000000
       .idata_rb1open.o_i    romdata   0x003de9    program   0x000000
       .romdata_rb0open.o    romdata   0x003de9    program   0x000000
       .idata_rb0open.o_i    romdata   0x003de9    program   0x000000
       .romdata_adcopen.o    romdata   0x003de9    program   0x000000
       .idata_adcopen.o_i    romdata   0x003de9    program   0x000000
        .romdata_u2open.o    romdata   0x003de9    program   0x000000
        .idata_u2open.o_i    romdata   0x003de9    program   0x000000
      .idata_busy_eep.o_i    romdata   0x003de9    program   0x000000
      .romdata_busy_eep.o    romdata   0x003de9    program   0x000000
      .idata_fxd1616u.o_i    romdata   0x003de9    program   0x000000
      .romdata_fxd1616u.o    romdata   0x003de9    program   0x000000
      .idata_fxd3232u.o_i    romdata   0x003de9    program   0x000000
      .romdata_fxd3232u.o    romdata   0x003de9    program   0x000000
        .romdata_u1open.o    romdata   0x003de9    program   0x000000
        .idata_u1open.o_i    romdata   0x003de9    program   0x000000
           .code_stdout.o       code   0x003dea    program   0x000000
            .code_c018i.o       code   0x003dea    program   0x000000
         .code_busy_eep.o       code   0x003dea    program   0x000006
           .code_u1defs.o       code   0x003dea    program   0x000000
           .code___init.o       code   0x003df0    program   0x000002
         .idata_tools.o_i    romdata   0x003df2    program   0x000002
        .idata_stdout.o_i    romdata   0x003df4    program   0x000002
 .idata_communication.o_i    romdata   0x003df6    program   0x000005
        .idata_asserv.o_i    romdata   0x003dfb    program   0x000002
    .config_300001_main.o    romdata   0x300001    program   0x000001
    .config_300002_main.o    romdata   0x300002    program   0x000001
    .config_300003_main.o    romdata   0x300003    program   0x000001
    .config_300005_main.o    romdata   0x300005    program   0x000001
    .config_300006_main.o    romdata   0x300006    program   0x000001
    .config_30000b_main.o    romdata   0x30000b    program   0x000001
                 .tmpdata      udata   0x000000       data   0x000028
                MATH_DATA      udata   0x000028       data   0x000014
                DELAYDAT2      udata   0x00003c       data   0x000001
                DELAYDAT1      udata   0x00003d       data   0x000001
.udata_variablesGlobales.o      udata   0x000060       data   0x000020
   .udata_communication.o      udata   0x000080       data   0x00000b
           .udata_c018i.o      udata   0x00008b       data   0x00000a
   .idata_communication.o      idata   0x000095       data   0x000005
          .udata_codeur.o      udata   0x00009a       data   0x000004
           .idata_tools.o      idata   0x00009e       data   0x000002
          .idata_stdout.o      idata   0x0000a0       data   0x000002
          .idata_asserv.o      idata   0x0000a2       data   0x000002
          .udata_u1defs.o      udata   0x0000a4       data   0x000001
         .idata_u1write.o      idata   0x0000a5       data   0x000000
          .udata_t0open.o      udata   0x0000a5       data   0x000000
         .udata_u1write.o      udata   0x0000a5       data   0x000000
    .idata_adcselchconv.o      idata   0x0000a5       data   0x000000
          .idata_t0open.o      idata   0x0000a5       data   0x000000
    .udata_adcselchconv.o      udata   0x0000a5       data   0x000000
          .idata_read_B.o      idata   0x0000a5       data   0x000000
          .udata_read_B.o      udata   0x0000a5       data   0x000000
          .idata_t3read.o      idata   0x0000a5       data   0x000000
          .udata_t3open.o      udata   0x0000a5       data   0x000000
          .udata_t3read.o      udata   0x0000a5       data   0x000000
         .idata_adcread.o      idata   0x0000a5       data   0x000000
         .udata_adcread.o      udata   0x0000a5       data   0x000000
          .idata_t4open.o      idata   0x0000a5       data   0x000000
          .udata_t4open.o      udata   0x0000a5       data   0x000000
          .idata_t3open.o      idata   0x0000a5       data   0x000000
      .idata__user_putc.o      idata   0x0000a5       data   0x000000
      .udata__user_putc.o      udata   0x0000a5       data   0x000000
            .idata_putc.o      idata   0x0000a5       data   0x000000
            .udata_putc.o      udata   0x0000a5       data   0x000000
         .idata_fxm3232.o      idata   0x0000a5       data   0x000000
         .udata_fxm3232.o      udata   0x0000a5       data   0x000000
        .idata_vfprintf.o      idata   0x0000a5       data   0x000000
        .udata_vfprintf.o      udata   0x0000a5       data   0x000000
          .udata_stdout.o      udata   0x0000a5       data   0x000000
          .idata_printf.o      idata   0x0000a5       data   0x000000
          .udata_printf.o      udata   0x0000a5       data   0x000000
          .idata___init.o      idata   0x0000a5       data   0x000000
          .udata___init.o      udata   0x0000a5       data   0x000000
         .idata_write_B.o      idata   0x0000a5       data   0x000000
         .udata_write_B.o      udata   0x0000a5       data   0x000000
         .idata_t3write.o      idata   0x0000a5       data   0x000000
         .udata_t3write.o      udata   0x0000a5       data   0x000000
          .idata_u1defs.o      idata   0x0000a5       data   0x000000
         .idata_adcbusy.o      idata   0x0000a5       data   0x000000
         .udata_adcbusy.o      udata   0x0000a5       data   0x000000
.idata_variablesGlobales.o      idata   0x0000a5       data   0x000000
          .udata_asserv.o      udata   0x0000a5       data   0x000000
           .udata_tools.o      udata   0x0000a5       data   0x000000
          .idata_config.o      idata   0x0000a5       data   0x000000
          .udata_config.o      udata   0x0000a5       data   0x000000
        .idata_consigne.o      idata   0x0000a5       data   0x000000
        .udata_consigne.o      udata   0x0000a5       data   0x000000
         .idata_tangage.o      idata   0x0000a5       data   0x000000
         .udata_tangage.o      udata   0x0000a5       data   0x000000
          .idata_codeur.o      idata   0x0000a5       data   0x000000
    .idata_interruption.o      idata   0x0000a5       data   0x000000
    .udata_interruption.o      udata   0x0000a5       data   0x000000
            .idata_main.o      idata   0x0000a5       data   0x000000
            .udata_main.o      udata   0x0000a5       data   0x000000
           .idata_c018i.o      idata   0x0000a5       data   0x000000
         .idata_rb2open.o      idata   0x0000a5       data   0x000000
         .udata_rb2open.o      udata   0x0000a5       data   0x000000
         .idata_rb1open.o      idata   0x0000a5       data   0x000000
         .udata_rb1open.o      udata   0x0000a5       data   0x000000
         .idata_rb0open.o      idata   0x0000a5       data   0x000000
         .udata_rb0open.o      udata   0x0000a5       data   0x000000
         .idata_adcopen.o      idata   0x0000a5       data   0x000000
         .udata_adcopen.o      udata   0x0000a5       data   0x000000
          .idata_u2open.o      idata   0x0000a5       data   0x000000
          .udata_u2open.o      udata   0x0000a5       data   0x000000
          .idata_u1open.o      idata   0x0000a5       data   0x000000
          .udata_u1open.o      udata   0x0000a5       data   0x000000
        .idata_fxd3232u.o      idata   0x0000a5       data   0x000000
        .udata_fxd3232u.o      udata   0x0000a5       data   0x000000
        .idata_fxd1616u.o      idata   0x0000a5       data   0x000000
        .udata_fxd1616u.o      udata   0x0000a5       data   0x000000
        .idata_busy_eep.o      idata   0x0000a5       data   0x000000
        .udata_busy_eep.o      udata   0x0000a5       data   0x000000
                   .stack      udata   0x000500       data   0x000100
              SFR_BANKED0      udata   0x000f38       data   0x000028
            SFR_UNBANKED0      udata   0x000f60       data   0x0000a0



                              Program Memory Usage 
                               Start         End      
                           ---------   ---------      
                            0x000000    0x003de8      
                            0x003dea    0x003dfc      
                            0x300001    0x300003      
                            0x300005    0x300006      
                            0x30000b    0x30000b      
            15874 out of 33048 program addresses used, program memory utilization is 48%



                              Symbols - Sorted by Name
                     Name    Address   Location    Storage File                     
                ---------  ---------  ---------  --------- ---------                
                  BusyADC   0x00000e    program     extern C:\Program Files\Microchip\mplabc18\v3.37\src\pmc_common\ADC\adcbusy.c
                 Busy_eep   0x003dea    program     extern C:\Program Files\Microchip\mplabc18\v3.37\src\pmc_common\EEP\busy_eep.c
                   D10K_1   0x003c5c    program     static C:\Program Files\Microchip\mplabc18\v3.37\src\traditional\delays\d10ktcyx.asm
                    D10Kl   0x003c68    program     static C:\Program Files\Microchip\mplabc18\v3.37\src\traditional\delays\d10ktcyx.asm
                    D10Kx   0x003c5a    program     static C:\Program Files\Microchip\mplabc18\v3.37\src\traditional\delays\d10ktcyx.asm
                    D10_1   0x003db2    program     static C:\Program Files\Microchip\mplabc18\v3.37\src\traditional\delays\d10tcyx.asm
                     D10x   0x003daa    program     static C:\Program Files\Microchip\mplabc18\v3.37\src\traditional\delays\d10tcyx.asm
                   D1616S   0x001ad6    program     static C:\Program Files\Microchip\mplabc18\v3.37\src\traditional\math\fxd1616s.asm
                D1616SNEG   0x001ae4    program     static C:\Program Files\Microchip\mplabc18\v3.37\src\traditional\math\fxd1616s.asm
                 D1616SOK   0x001ae0    program     static C:\Program Files\Microchip\mplabc18\v3.37\src\traditional\math\fxd1616s.asm
                  D1616SX   0x001af6    program     static C:\Program Files\Microchip\mplabc18\v3.37\src\traditional\math\fxd1616s.asm
                    D1K_1   0x003d36    program     static C:\Program Files\Microchip\mplabc18\v3.37\src\traditional\delays\d1ktcyx.asm
                     D1Kx   0x003d34    program     static C:\Program Files\Microchip\mplabc18\v3.37\src\traditional\delays\d1ktcyx.asm
                   D3232S   0x001b30    program     static C:\Program Files\Microchip\mplabc18\v3.37\src\traditional\math\fxd3232s.asm
                D3232SNEG   0x001b3e    program     static C:\Program Files\Microchip\mplabc18\v3.37\src\traditional\math\fxd3232s.asm
                 D3232SOK   0x001b3a    program     static C:\Program Files\Microchip\mplabc18\v3.37\src\traditional\math\fxd3232s.asm
                  D3232SX   0x001b5e    program     static C:\Program Files\Microchip\mplabc18\v3.37\src\traditional\math\fxd3232s.asm
                  DA1616S   0x001ac6    program     static C:\Program Files\Microchip\mplabc18\v3.37\src\traditional\math\fxd1616s.asm
                  DA3232S   0x001b1a    program     static C:\Program Files\Microchip\mplabc18\v3.37\src\traditional\math\fxd3232s.asm
             Delay10KTCYx   0x003c50    program     extern C:\Program Files\Microchip\mplabc18\v3.37\src\traditional\delays\d10ktcyx.asm
              Delay10TCYx   0x003da2    program     extern C:\Program Files\Microchip\mplabc18\v3.37\src\traditional\delays\d10tcyx.asm
              Delay1KTCYx   0x003d2a    program     extern C:\Program Files\Microchip\mplabc18\v3.37\src\traditional\delays\d1ktcyx.asm
                 FLO1632S   0x0017e0    program     extern C:\Program Files\Microchip\mplabc18\v3.37\src\traditional\math\cast16FP.asm
                 FLO1632U   0x0017dc    program     extern C:\Program Files\Microchip\mplabc18\v3.37\src\traditional\math\cast16FP.asm
                    FPA32   0x001808    program     extern C:\Program Files\Microchip\mplabc18\v3.37\src\traditional\math\addFP.asm
                    FPD32   0x001934    program     extern C:\Program Files\Microchip\mplabc18\v3.37\src\traditional\math\divFP.asm
                    FPM32   0x0019da    program     extern C:\Program Files\Microchip\mplabc18\v3.37\src\traditional\math\mulFP.asm
                    FPS32   0x001806    program     extern C:\Program Files\Microchip\mplabc18\v3.37\src\traditional\math\addFP.asm
                 FXD1616S   0x001ab4    program     extern C:\Program Files\Microchip\mplabc18\v3.37\src\traditional\math\fxd1616s.asm
                 FXD1616U   0x003cda    program     extern C:\Program Files\Microchip\mplabc18\v3.37\src\traditional\math\fxd1616u.c
                 FXD3232S   0x001b00    program     extern C:\Program Files\Microchip\mplabc18\v3.37\src\traditional\math\fxd3232s.asm
                 FXD3232U   0x003ade    program     extern C:\Program Files\Microchip\mplabc18\v3.37\src\traditional\math\fxd3232u.c
                 FXM1616S   0x001da0    program     extern C:\Program Files\Microchip\mplabc18\v3.37\src\traditional\math\fxm1616s.asm
                  FXM3232   0x003822    program     extern C:\Program Files\Microchip\mplabc18\v3.37\src\traditional\math\fxm3232.c
                  INT3216   0x001b68    program     extern C:\Program Files\Microchip\mplabc18\v3.37\src\traditional\math\castFP16.asm
     InterruptHandlerHigh   0x0033ca    program     extern G:\Users\Adrien\Documents\0 Cours\miq 5\M2\miqmobile\ProgrammePrincipal\interruption.c
      InterruptHandlerlow   0x00347e    program     extern G:\Users\Adrien\Documents\0 Cours\miq 5\M2\miqmobile\ProgrammePrincipal\interruption.c
      InterruptVectorHigh   0x000008    program     extern G:\Users\Adrien\Documents\0 Cours\miq 5\M2\miqmobile\ProgrammePrincipal\interruption.c
       InterruptVectorlow   0x000018    program     extern G:\Users\Adrien\Documents\0 Cours\miq 5\M2\miqmobile\ProgrammePrincipal\interruption.c
               Open1USART   0x0037b0    program     extern C:\Program Files\Microchip\mplabc18\v3.37\src\pmc_common\USART\u1open.c
               Open2USART   0x003738    program     extern C:\Program Files\Microchip\mplabc18\v3.37\src\pmc_common\USART\u2open.c
                  OpenADC   0x003892    program     extern C:\Program Files\Microchip\mplabc18\v3.37\src\pmc_common\ADC\adcopen.c
               OpenRB0INT   0x003a94    program     extern C:\Program Files\Microchip\mplabc18\v3.37\src\pmc_common\PORTB\rb0open.c
               OpenRB1INT   0x0039f2    program     extern C:\Program Files\Microchip\mplabc18\v3.37\src\pmc_common\PORTB\rb1open.c
               OpenRB2INT   0x00399e    program     extern C:\Program Files\Microchip\mplabc18\v3.37\src\pmc_common\PORTB\rb2open.c
               OpenTimer0   0x003c18    program     extern C:\Program Files\Microchip\mplabc18\v3.37\src\pmc_common\Timers\t0open.c
               OpenTimer3   0x00394a    program     extern C:\Program Files\Microchip\mplabc18\v3.37\src\pmc_common\Timers\t3open.c
               OpenTimer4   0x003ba8    program     extern C:\Program Files\Microchip\mplabc18\v3.37\src\pmc_common\Timers\t4open.c
                  ReadADC   0x003db8    program     extern C:\Program Files\Microchip\mplabc18\v3.37\src\pmc_common\ADC\adcread.c
               ReadTimer3   0x003b6a    program     extern C:\Program Files\Microchip\mplabc18\v3.37\src\pmc_common\Timers\t3read.c
               Read_b_eep   0x003b26    program     extern C:\Program Files\Microchip\mplabc18\v3.37\src\pmc_common\EEP\read_B.c
           SelChanConvADC   0x003cac    program     extern C:\Program Files\Microchip\mplabc18\v3.37\src\pmc_common\ADC\adcselchconv.c
                  TAGTB32   0x001bc6    program     extern C:\Program Files\Microchip\mplabc18\v3.37\src\traditional\math\gtFP.asm
                  TALTB32   0x001bd8    program     extern C:\Program Files\Microchip\mplabc18\v3.37\src\traditional\math\ltFP.asm
               TSIGN1616A   0x001dec    program     static C:\Program Files\Microchip\mplabc18\v3.37\src\traditional\math\fxm1616s.asm
              Write1USART   0x003c7e    program     extern C:\Program Files\Microchip\mplabc18\v3.37\src\pmc_common\USART\u1write.c
              WriteTimer3   0x003be0    program     extern C:\Program Files\Microchip\mplabc18\v3.37\src\pmc_common\Timers\t3write.c
              Write_b_eep   0x003a46    program     extern C:\Program Files\Microchip\mplabc18\v3.37\src\pmc_common\EEP\write_B.c
                   _2jEnd   0x003568    program     static C:\Program Files\Microchip\mplabc18\v3.37\src\traditional\stdclib\slenpgm.asm
              _4jContinue   0x0034f6    program     static C:\Program Files\Microchip\mplabc18\v3.37\src\traditional\stdclib\memcpy.asm
                   _5jEnd   0x003500    program     static C:\Program Files\Microchip\mplabc18\v3.37\src\traditional\stdclib\memcpy.asm
       _D10KTCYXCODE_0010   0x003c60    program     static C:\Program Files\Microchip\mplabc18\v3.37\src\traditional\delays\d10ktcyx.asm
       _D10KTCYXCODE_001C   0x003c6c    program     static C:\Program Files\Microchip\mplabc18\v3.37\src\traditional\delays\d10ktcyx.asm
        _D10TCYXCODE_000A   0x003dac    program     static C:\Program Files\Microchip\mplabc18\v3.37\src\traditional\delays\d10tcyx.asm
        _D10TCYXCODE_000C   0x003dae    program     static C:\Program Files\Microchip\mplabc18\v3.37\src\traditional\delays\d10tcyx.asm
        _D10TCYXCODE_000E   0x003db0    program     static C:\Program Files\Microchip\mplabc18\v3.37\src\traditional\delays\d10tcyx.asm
        _D1KTCYXCODE_0010   0x003d3a    program     static C:\Program Files\Microchip\mplabc18\v3.37\src\traditional\delays\d1ktcyx.asm
        _D1KTCYXCODE_0016   0x003d40    program     static C:\Program Files\Microchip\mplabc18\v3.37\src\traditional\delays\d1ktcyx.asm
              __FpCompare   0x001bea    program     extern C:\Program Files\Microchip\mplabc18\v3.37\src\traditional\math\compFP.asm
                 __FpExit   0x001ca0    program     extern C:\Program Files\Microchip\mplabc18\v3.37\src\traditional\math\packFP.asm
                 __FpPack   0x001ccc    program     extern C:\Program Files\Microchip\mplabc18\v3.37\src\traditional\math\packFP.asm
            __FpReturnNaN   0x001c94    program     extern C:\Program Files\Microchip\mplabc18\v3.37\src\traditional\math\packFP.asm
         __FpReturnNegInf   0x001ca6    program     extern C:\Program Files\Microchip\mplabc18\v3.37\src\traditional\math\packFP.asm
        __FpReturnNegZero   0x001cbe    program     extern C:\Program Files\Microchip\mplabc18\v3.37\src\traditional\math\packFP.asm
         __FpReturnPosInf   0x001cac    program     extern C:\Program Files\Microchip\mplabc18\v3.37\src\traditional\math\packFP.asm
        __FpReturnPosZero   0x001cc6    program     extern C:\Program Files\Microchip\mplabc18\v3.37\src\traditional\math\packFP.asm
        __FpReturnSignInf   0x001ca2    program     extern C:\Program Files\Microchip\mplabc18\v3.37\src\traditional\math\packFP.asm
       __FpReturnSignZero   0x001cba    program     extern C:\Program Files\Microchip\mplabc18\v3.37\src\traditional\math\packFP.asm
              __FpReturnW   0x001d24    program     extern C:\Program Files\Microchip\mplabc18\v3.37\src\traditional\math\packFP.asm
              __FpUnPackA   0x001d44    program     extern C:\Program Files\Microchip\mplabc18\v3.37\src\traditional\math\UnpackFP.asm
              __FpUnPackB   0x001d74    program     extern C:\Program Files\Microchip\mplabc18\v3.37\src\traditional\math\UnpackFP.asm
       ___return_lbl00000   0x003890    program     static                          
       ___return_lbl00000   0x000004    program     static                          
       ___return_lbl00000   0x003d04    program     static                          
       ___return_lbl00000   0x003b5e    program     static                          
       ___return_lbl00000   0x003b24    program     static                          
       ___return_lbl00000   0x00000c    program     static                          
       ___return_lbl00001   0x003d84    program     static                          
       ___return_lbl00002   0x00361a    program     static                          
       ___return_lbl00004   0x00001c    program     static                          
               __config_0   0x300001    program     static G:\Users\Adrien\Documents\0 Cours\miq 5\M2\miqmobile\ProgrammePrincipal\main.c
               __config_1   0x300002    program     static G:\Users\Adrien\Documents\0 Cours\miq 5\M2\miqmobile\ProgrammePrincipal\main.c
               __config_2   0x300003    program     static G:\Users\Adrien\Documents\0 Cours\miq 5\M2\miqmobile\ProgrammePrincipal\main.c
               __config_3   0x300005    program     static G:\Users\Adrien\Documents\0 Cours\miq 5\M2\miqmobile\ProgrammePrincipal\main.c
               __config_4   0x300006    program     static G:\Users\Adrien\Documents\0 Cours\miq 5\M2\miqmobile\ProgrammePrincipal\main.c
               __config_5   0x30000b    program     static G:\Users\Adrien\Documents\0 Cours\miq 5\M2\miqmobile\ProgrammePrincipal\main.c
                   __init   0x003df0    program     extern C:\Program Files\Microchip\mplabc18\v3.37\src\traditional\stdclib\__init.c
                   __pa_0   0x000990    program     static C:\Program Files\Microchip\mplabc18\v3.37\src\traditional\stdclib\vfprintf.c
                   __pa_1   0x000998    program     static C:\Program Files\Microchip\mplabc18\v3.37\src\traditional\stdclib\vfprintf.c
                  __pa_10   0x000a4c    program     static C:\Program Files\Microchip\mplabc18\v3.37\src\traditional\stdclib\vfprintf.c
                  __pa_11   0x000a5a    program     static C:\Program Files\Microchip\mplabc18\v3.37\src\traditional\stdclib\vfprintf.c
                  __pa_12   0x000a70    program     static C:\Program Files\Microchip\mplabc18\v3.37\src\traditional\stdclib\vfprintf.c
                  __pa_13   0x000a8a    program     static C:\Program Files\Microchip\mplabc18\v3.37\src\traditional\stdclib\vfprintf.c
                  __pa_14   0x000aa2    program     static C:\Program Files\Microchip\mplabc18\v3.37\src\traditional\stdclib\vfprintf.c
                  __pa_15   0x000ab2    program     static C:\Program Files\Microchip\mplabc18\v3.37\src\traditional\stdclib\vfprintf.c
                  __pa_16   0x000ac8    program     static C:\Program Files\Microchip\mplabc18\v3.37\src\traditional\stdclib\vfprintf.c
                  __pa_17   0x000ada    program     static C:\Program Files\Microchip\mplabc18\v3.37\src\traditional\stdclib\vfprintf.c
                  __pa_18   0x000aec    program     static C:\Program Files\Microchip\mplabc18\v3.37\src\traditional\stdclib\vfprintf.c
                  __pa_19   0x000af6    program     static C:\Program Files\Microchip\mplabc18\v3.37\src\traditional\stdclib\vfprintf.c
                   __pa_2   0x0009a2    program     static C:\Program Files\Microchip\mplabc18\v3.37\src\traditional\stdclib\vfprintf.c
                  __pa_20   0x000b06    program     static C:\Program Files\Microchip\mplabc18\v3.37\src\traditional\stdclib\vfprintf.c
                  __pa_21   0x000b16    program     static C:\Program Files\Microchip\mplabc18\v3.37\src\traditional\stdclib\vfprintf.c
                  __pa_22   0x000b26    program     static C:\Program Files\Microchip\mplabc18\v3.37\src\traditional\stdclib\vfprintf.c
                  __pa_23   0x000b32    program     static C:\Program Files\Microchip\mplabc18\v3.37\src\traditional\stdclib\vfprintf.c
                  __pa_24   0x000b40    program     static C:\Program Files\Microchip\mplabc18\v3.37\src\traditional\stdclib\vfprintf.c
                  __pa_25   0x000b48    program     static C:\Program Files\Microchip\mplabc18\v3.37\src\traditional\stdclib\vfprintf.c
                  __pa_26   0x000b52    program     static C:\Program Files\Microchip\mplabc18\v3.37\src\traditional\stdclib\vfprintf.c
                  __pa_27   0x000b5c    program     static C:\Program Files\Microchip\mplabc18\v3.37\src\traditional\stdclib\vfprintf.c
                  __pa_28   0x000b64    program     static C:\Program Files\Microchip\mplabc18\v3.37\src\traditional\stdclib\vfprintf.c
                  __pa_29   0x000b72    program     static C:\Program Files\Microchip\mplabc18\v3.37\src\traditional\stdclib\vfprintf.c
                   __pa_3   0x0009ac    program     static C:\Program Files\Microchip\mplabc18\v3.37\src\traditional\stdclib\vfprintf.c
                  __pa_30   0x000b8e    program     static C:\Program Files\Microchip\mplabc18\v3.37\src\traditional\stdclib\vfprintf.c
                  __pa_31   0x000ba8    program     static C:\Program Files\Microchip\mplabc18\v3.37\src\traditional\stdclib\vfprintf.c
                  __pa_32   0x000bc2    program     static C:\Program Files\Microchip\mplabc18\v3.37\src\traditional\stdclib\vfprintf.c
                  __pa_33   0x000bda    program     static C:\Program Files\Microchip\mplabc18\v3.37\src\traditional\stdclib\vfprintf.c
                  __pa_34   0x000be4    program     static C:\Program Files\Microchip\mplabc18\v3.37\src\traditional\stdclib\vfprintf.c
                  __pa_35   0x000bf2    program     static C:\Program Files\Microchip\mplabc18\v3.37\src\traditional\stdclib\vfprintf.c
                  __pa_36   0x000bfa    program     static C:\Program Files\Microchip\mplabc18\v3.37\src\traditional\stdclib\vfprintf.c
                  __pa_37   0x000c04    program     static C:\Program Files\Microchip\mplabc18\v3.37\src\traditional\stdclib\vfprintf.c
                  __pa_38   0x000c14    program     static C:\Program Files\Microchip\mplabc18\v3.37\src\traditional\stdclib\vfprintf.c
                  __pa_39   0x000c22    program     static C:\Program Files\Microchip\mplabc18\v3.37\src\traditional\stdclib\vfprintf.c
                   __pa_4   0x0009c4    program     static C:\Program Files\Microchip\mplabc18\v3.37\src\traditional\stdclib\vfprintf.c
                  __pa_40   0x000c2e    program     static C:\Program Files\Microchip\mplabc18\v3.37\src\traditional\stdclib\vfprintf.c
                  __pa_41   0x000c3a    program     static C:\Program Files\Microchip\mplabc18\v3.37\src\traditional\stdclib\vfprintf.c
                  __pa_42   0x000c42    program     static C:\Program Files\Microchip\mplabc18\v3.37\src\traditional\stdclib\vfprintf.c
                  __pa_43   0x000c4c    program     static C:\Program Files\Microchip\mplabc18\v3.37\src\traditional\stdclib\vfprintf.c
                  __pa_44   0x000c52    program     static C:\Program Files\Microchip\mplabc18\v3.37\src\traditional\stdclib\vfprintf.c
                  __pa_45   0x000c5c    program     static C:\Program Files\Microchip\mplabc18\v3.37\src\traditional\stdclib\vfprintf.c
                  __pa_46   0x000c68    program     static C:\Program Files\Microchip\mplabc18\v3.37\src\traditional\stdclib\vfprintf.c
                   __pa_5   0x0009d8    program     static C:\Program Files\Microchip\mplabc18\v3.37\src\traditional\stdclib\vfprintf.c
                   __pa_6   0x0009f4    program     static C:\Program Files\Microchip\mplabc18\v3.37\src\traditional\stdclib\vfprintf.c
                   __pa_7   0x0009fe    program     static C:\Program Files\Microchip\mplabc18\v3.37\src\traditional\stdclib\vfprintf.c
                   __pa_8   0x000a0a    program     static C:\Program Files\Microchip\mplabc18\v3.37\src\traditional\stdclib\vfprintf.c
                   __pa_9   0x000a2c    program     static C:\Program Files\Microchip\mplabc18\v3.37\src\traditional\stdclib\vfprintf.c
              __tmplbl_42   0x000b26    program     static                          
              __tmplbl_43   0x00096e    program     static                          
              __tmplbl_44   0x000954    program     static                          
              __tmplbl_85   0x0000a6    program     static                          
            __zero_memory   0x003d4a    program     extern C:\Program Files\Microchip\mplabc18\v3.37\src\traditional\proc\p18F45K22.asm
                _do_cinit   0x00357e    program     extern C:\Program Files\Microchip\mplabc18\v3.37\src\traditional\startup\c018i.c
                   _entry   0x000000    program     extern C:\Program Files\Microchip\mplabc18\v3.37\src\traditional\startup\c018i.c
                   _false   0x003b20    program     static                          
                 _startup   0x003d6a    program     extern C:\Program Files\Microchip\mplabc18\v3.37\src\traditional\startup\c018i.c
              _usart_putc   0x003d86    program     extern C:\Program Files\Microchip\mplabc18\v3.37\src\pmc_common\USART\_usartpc.asm
               _user_putc   0x000006    program     extern C:\Program Files\Microchip\mplabc18\v3.37\src\traditional\stdclib\_user_putc.c
              acquisition   0x00217e    program     extern G:\Users\Adrien\Documents\0 Cours\miq 5\M2\miqmobile\ProgrammePrincipal\tools.c
             angleTangage   0x001004    program     extern G:\Users\Adrien\Documents\0 Cours\miq 5\M2\miqmobile\ProgrammePrincipal\tangage.c
     boucleAsservissement   0x0038f2    program     extern G:\Users\Adrien\Documents\0 Cours\miq 5\M2\miqmobile\ProgrammePrincipal\asserv.c
         calibrageTangage   0x000c72    program     extern G:\Users\Adrien\Documents\0 Cours\miq 5\M2\miqmobile\ProgrammePrincipal\tangage.c
       chargerTousLesCoef   0x0023d0    program     extern G:\Users\Adrien\Documents\0 Cours\miq 5\M2\miqmobile\ProgrammePrincipal\variablesGlobales.c
chargerValeurDeCalibration   0x0025e4    program     extern G:\Users\Adrien\Documents\0 Cours\miq 5\M2\miqmobile\ProgrammePrincipal\variablesGlobales.c
                compare_l   0x003d60    program     static C:\Program Files\Microchip\mplabc18\v3.37\src\traditional\proc\p18F45K22.asm
                copy_loop   0x0035f0    program     static                          
            copy_one_byte   0x0035f6    program     static                          
              coupleTotal   0x00284c    program     extern G:\Users\Adrien\Documents\0 Cours\miq 5\M2\miqmobile\ProgrammePrincipal\consigne.c
                     done   0x00361a    program     static                          
             done_copying   0x003604    program     static                          
                  endloop   0x003d00    program     static                          
   enregistrerTousLesCoef   0x0024da    program     extern G:\Users\Adrien\Documents\0 Cours\miq 5\M2\miqmobile\ProgrammePrincipal\variablesGlobales.c
enregistrerValeurDeCalibration   0x002718    program     extern G:\Users\Adrien\Documents\0 Cours\miq 5\M2\miqmobile\ProgrammePrincipal\variablesGlobales.c
          envoiTrameUart1   0x002ca2    program     extern G:\Users\Adrien\Documents\0 Cours\miq 5\M2\miqmobile\ProgrammePrincipal\communication.c
     genererCoefParDefaut   0x00238e    program     extern G:\Users\Adrien\Documents\0 Cours\miq 5\M2\miqmobile\ProgrammePrincipal\variablesGlobales.c
           globalTimeMsUs   0x001f52    program     extern G:\Users\Adrien\Documents\0 Cours\miq 5\M2\miqmobile\ProgrammePrincipal\tools.c
             globalTimeUs   0x001ec0    program     extern G:\Users\Adrien\Documents\0 Cours\miq 5\M2\miqmobile\ProgrammePrincipal\tools.c
              initCodeurs   0x003154    program     extern G:\Users\Adrien\Documents\0 Cours\miq 5\M2\miqmobile\ProgrammePrincipal\codeur.c
                 initppal   0x0032b6    program     extern G:\Users\Adrien\Documents\0 Cours\miq 5\M2\miqmobile\ProgrammePrincipal\config.c
      interruptionCodeurD   0x003152    program     extern G:\Users\Adrien\Documents\0 Cours\miq 5\M2\miqmobile\ProgrammePrincipal\codeur.c
      interruptionCodeurG   0x003150    program     extern G:\Users\Adrien\Documents\0 Cours\miq 5\M2\miqmobile\ProgrammePrincipal\codeur.c
          interruptionRx1   0x002d5a    program     extern G:\Users\Adrien\Documents\0 Cours\miq 5\M2\miqmobile\ProgrammePrincipal\communication.c
                  isdigit   0x003d06    program     extern C:\Program Files\Microchip\mplabc18\v3.37\src\traditional\stdclib\isdigit.asm
                 jANotInf   0x001830    program     static C:\Program Files\Microchip\mplabc18\v3.37\src\traditional\math\addFP.asm
                 jANotInf   0x0019f8    program     static C:\Program Files\Microchip\mplabc18\v3.37\src\traditional\math\mulFP.asm
                 jANotInf   0x001952    program     static C:\Program Files\Microchip\mplabc18\v3.37\src\traditional\math\divFP.asm
                 jANotNeg   0x0018c4    program     static C:\Program Files\Microchip\mplabc18\v3.37\src\traditional\math\addFP.asm
                jANotZero   0x001966    program     static C:\Program Files\Microchip\mplabc18\v3.37\src\traditional\math\divFP.asm
              jAandWsetup   0x001894    program     static C:\Program Files\Microchip\mplabc18\v3.37\src\traditional\math\addFP.asm
                  jAisNeg   0x001c66    program     static C:\Program Files\Microchip\mplabc18\v3.37\src\traditional\math\compFP.asm
                 jAltBexp   0x001882    program     static C:\Program Files\Microchip\mplabc18\v3.37\src\traditional\math\addFP.asm
                jBANotInf   0x001826    program     static C:\Program Files\Microchip\mplabc18\v3.37\src\traditional\math\addFP.asm
                 jBNotInf   0x00183e    program     static C:\Program Files\Microchip\mplabc18\v3.37\src\traditional\math\addFP.asm
              jBothFinite   0x001a06    program     static C:\Program Files\Microchip\mplabc18\v3.37\src\traditional\math\mulFP.asm
             jBothNotZero   0x001a12    program     static C:\Program Files\Microchip\mplabc18\v3.37\src\traditional\math\mulFP.asm
             jBothNotZero   0x001c08    program     static C:\Program Files\Microchip\mplabc18\v3.37\src\traditional\math\compFP.asm
            jDifOrPosSign   0x001852    program     static C:\Program Files\Microchip\mplabc18\v3.37\src\traditional\math\addFP.asm
                      jEQ   0x001c24    program     static C:\Program Files\Microchip\mplabc18\v3.37\src\traditional\math\compFP.asm
                     jEnd   0x003532    program     static C:\Program Files\Microchip\mplabc18\v3.37\src\traditional\stdclib\strlen.asm
                     jEnd   0x00356a    program     static C:\Program Files\Microchip\mplabc18\v3.37\src\traditional\stdclib\slenpgm.asm
                     jEnd   0x003506    program     static C:\Program Files\Microchip\mplabc18\v3.37\src\traditional\stdclib\memcpy.asm
                    jExch   0x001c30    program     static C:\Program Files\Microchip\mplabc18\v3.37\src\traditional\math\compFP.asm
                    jExit   0x001bc4    program     static C:\Program Files\Microchip\mplabc18\v3.37\src\traditional\math\castFP16.asm
                   jExpEQ   0x001c76    program     static C:\Program Files\Microchip\mplabc18\v3.37\src\traditional\math\compFP.asm
                   jFinal   0x001c5a    program     static C:\Program Files\Microchip\mplabc18\v3.37\src\traditional\math\compFP.asm
               jFinalSign   0x00192c    program     static C:\Program Files\Microchip\mplabc18\v3.37\src\traditional\math\addFP.asm
                jHaveZero   0x001a0e    program     static C:\Program Files\Microchip\mplabc18\v3.37\src\traditional\math\mulFP.asm
                jI2F16Beg   0x0017f0    program     static C:\Program Files\Microchip\mplabc18\v3.37\src\traditional\math\cast16FP.asm
                    jLoop   0x003552    program     static C:\Program Files\Microchip\mplabc18\v3.37\src\traditional\stdclib\slenpgm.asm
                    jLoop   0x003528    program     static C:\Program Files\Microchip\mplabc18\v3.37\src\traditional\stdclib\strlen.asm
                    jLoop   0x00198e    program     static C:\Program Files\Microchip\mplabc18\v3.37\src\traditional\math\divFP.asm
                    jLoop   0x001ba4    program     static C:\Program Files\Microchip\mplabc18\v3.37\src\traditional\math\castFP16.asm
                    jLoop   0x0034ea    program     static C:\Program Files\Microchip\mplabc18\v3.37\src\traditional\stdclib\memcpy.asm
                jLoopExit   0x001bb4    program     static C:\Program Files\Microchip\mplabc18\v3.37\src\traditional\math\castFP16.asm
                   jMatch   0x003d26    program     static C:\Program Files\Microchip\mplabc18\v3.37\src\traditional\stdclib\isdigit.asm
                     jMax   0x001b78    program     static C:\Program Files\Microchip\mplabc18\v3.37\src\traditional\math\castFP16.asm
                  jMaxNeg   0x001b86    program     static C:\Program Files\Microchip\mplabc18\v3.37\src\traditional\math\castFP16.asm
                  jMaxPos   0x001b7c    program     static C:\Program Files\Microchip\mplabc18\v3.37\src\traditional\math\castFP16.asm
                      jNE   0x001c28    program     static C:\Program Files\Microchip\mplabc18\v3.37\src\traditional\math\compFP.asm
                    jNext   0x0019b4    program     static C:\Program Files\Microchip\mplabc18\v3.37\src\traditional\math\divFP.asm
                jNoAdjust   0x0019b2    program     static C:\Program Files\Microchip\mplabc18\v3.37\src\traditional\math\divFP.asm
                  jNoExch   0x001c50    program     static C:\Program Files\Microchip\mplabc18\v3.37\src\traditional\math\compFP.asm
                 jNoMatch   0x003d28    program     static C:\Program Files\Microchip\mplabc18\v3.37\src\traditional\stdclib\isdigit.asm
             jNotBothZero   0x001856    program     static C:\Program Files\Microchip\mplabc18\v3.37\src\traditional\math\addFP.asm
                  jNotInf   0x001b94    program     static C:\Program Files\Microchip\mplabc18\v3.37\src\traditional\math\castFP16.asm
                  jPkLoop   0x001cda    program     static C:\Program Files\Microchip\mplabc18\v3.37\src\traditional\math\packFP.asm
             jPkRoundDone   0x001d24    program     static C:\Program Files\Microchip\mplabc18\v3.37\src\traditional\math\packFP.asm
               jPkRoundIt   0x001d0c    program     static C:\Program Files\Microchip\mplabc18\v3.37\src\traditional\math\packFP.asm
             jPkShiftDone   0x001cf6    program     static C:\Program Files\Microchip\mplabc18\v3.37\src\traditional\math\packFP.asm
           jReturnPosInf0   0x001cb0    program     static C:\Program Files\Microchip\mplabc18\v3.37\src\traditional\math\packFP.asm
                  jRotate   0x001c82    program     static C:\Program Files\Microchip\mplabc18\v3.37\src\traditional\math\compFP.asm
                   jShift   0x001c6c    program     static C:\Program Files\Microchip\mplabc18\v3.37\src\traditional\math\compFP.asm
               jShiftDone   0x0018ec    program     static C:\Program Files\Microchip\mplabc18\v3.37\src\traditional\math\addFP.asm
               jShiftLoop   0x0018de    program     static C:\Program Files\Microchip\mplabc18\v3.37\src\traditional\math\addFP.asm
                jSignDone   0x00191c    program     static C:\Program Files\Microchip\mplabc18\v3.37\src\traditional\math\addFP.asm
              jSignedZero   0x00195c    program     static C:\Program Files\Microchip\mplabc18\v3.37\src\traditional\math\divFP.asm
                 jSignsEQ   0x001c0c    program     static C:\Program Files\Microchip\mplabc18\v3.37\src\traditional\math\compFP.asm
                  jUnpkA1   0x001d4e    program     static C:\Program Files\Microchip\mplabc18\v3.37\src\traditional\math\UnpackFP.asm
                  jUnpkA2   0x001d66    program     static C:\Program Files\Microchip\mplabc18\v3.37\src\traditional\math\UnpackFP.asm
                 jUnpkANZ   0x001d5c    program     static C:\Program Files\Microchip\mplabc18\v3.37\src\traditional\math\UnpackFP.asm
                  jUnpkB1   0x001d7e    program     static C:\Program Files\Microchip\mplabc18\v3.37\src\traditional\math\UnpackFP.asm
                  jUnpkB2   0x001d96    program     static C:\Program Files\Microchip\mplabc18\v3.37\src\traditional\math\UnpackFP.asm
                 jUnpkBNZ   0x001d8c    program     static C:\Program Files\Microchip\mplabc18\v3.37\src\traditional\math\UnpackFP.asm
                 jUnpkNaN   0x001d70    program     static C:\Program Files\Microchip\mplabc18\v3.37\src\traditional\math\UnpackFP.asm
                 jWNotNeg   0x0018d8    program     static C:\Program Files\Microchip\mplabc18\v3.37\src\traditional\math\addFP.asm
                    jZero   0x001b8e    program     static C:\Program Files\Microchip\mplabc18\v3.37\src\traditional\math\castFP16.asm
               jZero1and2   0x001cb4    program     static C:\Program Files\Microchip\mplabc18\v3.37\src\traditional\math\packFP.asm
      lancerCalculsCodeur   0x003164    program     extern G:\Users\Adrien\Documents\0 Cours\miq 5\M2\miqmobile\ProgrammePrincipal\codeur.c
                     loop   0x003d7a    program     static                          
                     loop   0x003ce4    program     static                          
                     loop   0x003aec    program     static                          
                     loop   0x003d96    program     static C:\Program Files\Microchip\mplabc18\v3.37\src\pmc_common\USART\_usartpc.asm
                   loop_h   0x003d58    program     static C:\Program Files\Microchip\mplabc18\v3.37\src\traditional\proc\p18F45K22.asm
                   loop_l   0x003d62    program     static C:\Program Files\Microchip\mplabc18\v3.37\src\traditional\proc\p18F45K22.asm
                     main   0x002f5a    program     extern G:\Users\Adrien\Documents\0 Cours\miq 5\M2\miqmobile\ProgrammePrincipal\main.c
                   memcpy   0x0034c2    program     extern C:\Program Files\Microchip\mplabc18\v3.37\src\traditional\stdclib\memcpy.asm
           partagerCouple   0x0029d2    program     extern G:\Users\Adrien\Documents\0 Cours\miq 5\M2\miqmobile\ProgrammePrincipal\consigne.c
                  pauseMs   0x001e72    program     extern G:\Users\Adrien\Documents\0 Cours\miq 5\M2\miqmobile\ProgrammePrincipal\tools.c
               pauseTcyMs   0x002060    program     extern G:\Users\Adrien\Documents\0 Cours\miq 5\M2\miqmobile\ProgrammePrincipal\tools.c
                  pauseUs   0x001ee6    program     extern G:\Users\Adrien\Documents\0 Cours\miq 5\M2\miqmobile\ProgrammePrincipal\tools.c
                   printf   0x00361c    program     extern C:\Program Files\Microchip\mplabc18\v3.37\src\traditional\stdclib\printf.c
        printf_main_angle   0x003de2    program     extern G:\Users\Adrien\Documents\0 Cours\miq 5\M2\miqmobile\ProgrammePrincipal\main.c
         printf_tangage_1   0x003ddb    program     extern G:\Users\Adrien\Documents\0 Cours\miq 5\M2\miqmobile\ProgrammePrincipal\tangage.c
                     putc   0x0036b4    program     extern C:\Program Files\Microchip\mplabc18\v3.37\src\traditional\stdclib\putc.c
               readEeprom   0x0022a8    program     extern G:\Users\Adrien\Documents\0 Cours\miq 5\M2\miqmobile\ProgrammePrincipal\tools.c
                 s_digits   0x003dca    program     static C:\Program Files\Microchip\mplabc18\v3.37\src\traditional\stdclib\vfprintf.c
            s_put_n_chars   0x000050    program     static C:\Program Files\Microchip\mplabc18\v3.37\src\traditional\stdclib\vfprintf.c
          siDelaiEcouleMs   0x001e2c    program     extern G:\Users\Adrien\Documents\0 Cours\miq 5\M2\miqmobile\ProgrammePrincipal\tools.c
                   strlen   0x003518    program     extern C:\Program Files\Microchip\mplabc18\v3.37\src\traditional\stdclib\strlen.asm
                strlenpgm   0x003534    program     extern C:\Program Files\Microchip\mplabc18\v3.37\src\traditional\stdclib\slenpgm.asm
      tempsEcouleDepuisMs   0x001dfa    program     extern G:\Users\Adrien\Documents\0 Cours\miq 5\M2\miqmobile\ProgrammePrincipal\tools.c
    tempsEcouleDepuisMsUs   0x001fe2    program     extern G:\Users\Adrien\Documents\0 Cours\miq 5\M2\miqmobile\ProgrammePrincipal\tools.c
                     test   0x003598    program     static                          
                 vfprintf   0x00007c    program     extern C:\Program Files\Microchip\mplabc18\v3.37\src\traditional\stdclib\vfprintf.c
              writeEeprom   0x0021be    program     extern G:\Users\Adrien\Documents\0 Cours\miq 5\M2\miqmobile\ProgrammePrincipal\tools.c
               zero_block   0x003d58    program     static C:\Program Files\Microchip\mplabc18\v3.37\src\traditional\proc\p18F45K22.asm
 ACCELERATION_COEF_FILTRE   0x000070       data     extern G:\Users\Adrien\Documents\0 Cours\miq 5\M2\miqmobile\ProgrammePrincipal\variablesGlobales.c
                   ADCON0   0x000fc2       data     extern C:\Program Files\Microchip\mplabc18\v3.37\src\traditional\proc\p18F45K22.asm
               ADCON0bits   0x000fc2       data     extern C:\Program Files\Microchip\mplabc18\v3.37\src\traditional\proc\p18F45K22.asm
                   ADCON1   0x000fc1       data     extern C:\Program Files\Microchip\mplabc18\v3.37\src\traditional\proc\p18F45K22.asm
               ADCON1bits   0x000fc1       data     extern C:\Program Files\Microchip\mplabc18\v3.37\src\traditional\proc\p18F45K22.asm
                   ADCON2   0x000fc0       data     extern C:\Program Files\Microchip\mplabc18\v3.37\src\traditional\proc\p18F45K22.asm
               ADCON2bits   0x000fc0       data     extern C:\Program Files\Microchip\mplabc18\v3.37\src\traditional\proc\p18F45K22.asm
                    ADRES   0x000fc3       data     extern C:\Program Files\Microchip\mplabc18\v3.37\src\traditional\proc\p18F45K22.asm
                   ADRESH   0x000fc4       data     extern C:\Program Files\Microchip\mplabc18\v3.37\src\traditional\proc\p18F45K22.asm
                   ADRESL   0x000fc3       data     extern C:\Program Files\Microchip\mplabc18\v3.37\src\traditional\proc\p18F45K22.asm
                   ANSELA   0x000f38       data     extern C:\Program Files\Microchip\mplabc18\v3.37\src\traditional\proc\p18F45K22.asm
               ANSELAbits   0x000f38       data     extern C:\Program Files\Microchip\mplabc18\v3.37\src\traditional\proc\p18F45K22.asm
                   ANSELB   0x000f39       data     extern C:\Program Files\Microchip\mplabc18\v3.37\src\traditional\proc\p18F45K22.asm
               ANSELBbits   0x000f39       data     extern C:\Program Files\Microchip\mplabc18\v3.37\src\traditional\proc\p18F45K22.asm
                   ANSELC   0x000f3a       data     extern C:\Program Files\Microchip\mplabc18\v3.37\src\traditional\proc\p18F45K22.asm
               ANSELCbits   0x000f3a       data     extern C:\Program Files\Microchip\mplabc18\v3.37\src\traditional\proc\p18F45K22.asm
                   ANSELD   0x000f3b       data     extern C:\Program Files\Microchip\mplabc18\v3.37\src\traditional\proc\p18F45K22.asm
               ANSELDbits   0x000f3b       data     extern C:\Program Files\Microchip\mplabc18\v3.37\src\traditional\proc\p18F45K22.asm
                   ANSELE   0x000f3c       data     extern C:\Program Files\Microchip\mplabc18\v3.37\src\traditional\proc\p18F45K22.asm
               ANSELEbits   0x000f3c       data     extern C:\Program Files\Microchip\mplabc18\v3.37\src\traditional\proc\p18F45K22.asm
                 BAUD1CON   0x000fb8       data     extern C:\Program Files\Microchip\mplabc18\v3.37\src\traditional\proc\p18F45K22.asm
             BAUD1CONbits   0x000fb8       data     extern C:\Program Files\Microchip\mplabc18\v3.37\src\traditional\proc\p18F45K22.asm
                 BAUD2CON   0x000f70       data     extern C:\Program Files\Microchip\mplabc18\v3.37\src\traditional\proc\p18F45K22.asm
             BAUD2CONbits   0x000f70       data     extern C:\Program Files\Microchip\mplabc18\v3.37\src\traditional\proc\p18F45K22.asm
                  BAUDCON   0x000fb8       data     extern C:\Program Files\Microchip\mplabc18\v3.37\src\traditional\proc\p18F45K22.asm
                 BAUDCON1   0x000fb8       data     extern C:\Program Files\Microchip\mplabc18\v3.37\src\traditional\proc\p18F45K22.asm
             BAUDCON1bits   0x000fb8       data     extern C:\Program Files\Microchip\mplabc18\v3.37\src\traditional\proc\p18F45K22.asm
                 BAUDCON2   0x000f70       data     extern C:\Program Files\Microchip\mplabc18\v3.37\src\traditional\proc\p18F45K22.asm
             BAUDCON2bits   0x000f70       data     extern C:\Program Files\Microchip\mplabc18\v3.37\src\traditional\proc\p18F45K22.asm
              BAUDCONbits   0x000fb8       data     extern C:\Program Files\Microchip\mplabc18\v3.37\src\traditional\proc\p18F45K22.asm
                  BAUDCTL   0x000fb8       data     extern C:\Program Files\Microchip\mplabc18\v3.37\src\traditional\proc\p18F45K22.asm
              BAUDCTLbits   0x000fb8       data     extern C:\Program Files\Microchip\mplabc18\v3.37\src\traditional\proc\p18F45K22.asm
                      BSR   0x000fe0       data     extern C:\Program Files\Microchip\mplabc18\v3.37\src\traditional\proc\p18F45K22.asm
                  CCP1CON   0x000fbd       data     extern C:\Program Files\Microchip\mplabc18\v3.37\src\traditional\proc\p18F45K22.asm
              CCP1CONbits   0x000fbd       data     extern C:\Program Files\Microchip\mplabc18\v3.37\src\traditional\proc\p18F45K22.asm
                   CCP2AS   0x000f64       data     extern C:\Program Files\Microchip\mplabc18\v3.37\src\traditional\proc\p18F45K22.asm
               CCP2ASbits   0x000f64       data     extern C:\Program Files\Microchip\mplabc18\v3.37\src\traditional\proc\p18F45K22.asm
                  CCP2CON   0x000f66       data     extern C:\Program Files\Microchip\mplabc18\v3.37\src\traditional\proc\p18F45K22.asm
              CCP2CONbits   0x000f66       data     extern C:\Program Files\Microchip\mplabc18\v3.37\src\traditional\proc\p18F45K22.asm
                   CCP3AS   0x000f5b       data     extern C:\Program Files\Microchip\mplabc18\v3.37\src\traditional\proc\p18F45K22.asm
               CCP3ASbits   0x000f5b       data     extern C:\Program Files\Microchip\mplabc18\v3.37\src\traditional\proc\p18F45K22.asm
                  CCP3CON   0x000f5d       data     extern C:\Program Files\Microchip\mplabc18\v3.37\src\traditional\proc\p18F45K22.asm
              CCP3CONbits   0x000f5d       data     extern C:\Program Files\Microchip\mplabc18\v3.37\src\traditional\proc\p18F45K22.asm
                  CCP4CON   0x000f57       data     extern C:\Program Files\Microchip\mplabc18\v3.37\src\traditional\proc\p18F45K22.asm
              CCP4CONbits   0x000f57       data     extern C:\Program Files\Microchip\mplabc18\v3.37\src\traditional\proc\p18F45K22.asm
                  CCP5CON   0x000f54       data     extern C:\Program Files\Microchip\mplabc18\v3.37\src\traditional\proc\p18F45K22.asm
              CCP5CONbits   0x000f54       data     extern C:\Program Files\Microchip\mplabc18\v3.37\src\traditional\proc\p18F45K22.asm
                    CCPR1   0x000fbe       data     extern C:\Program Files\Microchip\mplabc18\v3.37\src\traditional\proc\p18F45K22.asm
                   CCPR1H   0x000fbf       data     extern C:\Program Files\Microchip\mplabc18\v3.37\src\traditional\proc\p18F45K22.asm
                   CCPR1L   0x000fbe       data     extern C:\Program Files\Microchip\mplabc18\v3.37\src\traditional\proc\p18F45K22.asm
                    CCPR2   0x000f67       data     extern C:\Program Files\Microchip\mplabc18\v3.37\src\traditional\proc\p18F45K22.asm
                   CCPR2H   0x000f68       data     extern C:\Program Files\Microchip\mplabc18\v3.37\src\traditional\proc\p18F45K22.asm
                   CCPR2L   0x000f67       data     extern C:\Program Files\Microchip\mplabc18\v3.37\src\traditional\proc\p18F45K22.asm
                    CCPR3   0x000f5e       data     extern C:\Program Files\Microchip\mplabc18\v3.37\src\traditional\proc\p18F45K22.asm
                   CCPR3H   0x000f5f       data     extern C:\Program Files\Microchip\mplabc18\v3.37\src\traditional\proc\p18F45K22.asm
                   CCPR3L   0x000f5e       data     extern C:\Program Files\Microchip\mplabc18\v3.37\src\traditional\proc\p18F45K22.asm
                    CCPR4   0x000f58       data     extern C:\Program Files\Microchip\mplabc18\v3.37\src\traditional\proc\p18F45K22.asm
                   CCPR4H   0x000f59       data     extern C:\Program Files\Microchip\mplabc18\v3.37\src\traditional\proc\p18F45K22.asm
                   CCPR4L   0x000f58       data     extern C:\Program Files\Microchip\mplabc18\v3.37\src\traditional\proc\p18F45K22.asm
                    CCPR5   0x000f55       data     extern C:\Program Files\Microchip\mplabc18\v3.37\src\traditional\proc\p18F45K22.asm
                   CCPR5H   0x000f56       data     extern C:\Program Files\Microchip\mplabc18\v3.37\src\traditional\proc\p18F45K22.asm
                   CCPR5L   0x000f55       data     extern C:\Program Files\Microchip\mplabc18\v3.37\src\traditional\proc\p18F45K22.asm
                 CCPTMRS0   0x000f49       data     extern C:\Program Files\Microchip\mplabc18\v3.37\src\traditional\proc\p18F45K22.asm
             CCPTMRS0bits   0x000f49       data     extern C:\Program Files\Microchip\mplabc18\v3.37\src\traditional\proc\p18F45K22.asm
                 CCPTMRS1   0x000f48       data     extern C:\Program Files\Microchip\mplabc18\v3.37\src\traditional\proc\p18F45K22.asm
             CCPTMRS1bits   0x000f48       data     extern C:\Program Files\Microchip\mplabc18\v3.37\src\traditional\proc\p18F45K22.asm
                  CM12CON   0x000f77       data     extern C:\Program Files\Microchip\mplabc18\v3.37\src\traditional\proc\p18F45K22.asm
              CM12CONbits   0x000f77       data     extern C:\Program Files\Microchip\mplabc18\v3.37\src\traditional\proc\p18F45K22.asm
                   CM1CON   0x000f79       data     extern C:\Program Files\Microchip\mplabc18\v3.37\src\traditional\proc\p18F45K22.asm
                  CM1CON0   0x000f79       data     extern C:\Program Files\Microchip\mplabc18\v3.37\src\traditional\proc\p18F45K22.asm
              CM1CON0bits   0x000f79       data     extern C:\Program Files\Microchip\mplabc18\v3.37\src\traditional\proc\p18F45K22.asm
               CM1CONbits   0x000f79       data     extern C:\Program Files\Microchip\mplabc18\v3.37\src\traditional\proc\p18F45K22.asm
                   CM2CON   0x000f78       data     extern C:\Program Files\Microchip\mplabc18\v3.37\src\traditional\proc\p18F45K22.asm
                  CM2CON0   0x000f78       data     extern C:\Program Files\Microchip\mplabc18\v3.37\src\traditional\proc\p18F45K22.asm
              CM2CON0bits   0x000f78       data     extern C:\Program Files\Microchip\mplabc18\v3.37\src\traditional\proc\p18F45K22.asm
                  CM2CON1   0x000f77       data     extern C:\Program Files\Microchip\mplabc18\v3.37\src\traditional\proc\p18F45K22.asm
              CM2CON1bits   0x000f77       data     extern C:\Program Files\Microchip\mplabc18\v3.37\src\traditional\proc\p18F45K22.asm
               CM2CONbits   0x000f78       data     extern C:\Program Files\Microchip\mplabc18\v3.37\src\traditional\proc\p18F45K22.asm
              COEF_KALMAN   0x00006c       data     extern G:\Users\Adrien\Documents\0 Cours\miq 5\M2\miqmobile\ProgrammePrincipal\variablesGlobales.c
               CON_DEPART   0x000080       data     extern G:\Users\Adrien\Documents\0 Cours\miq 5\M2\miqmobile\ProgrammePrincipal\communication.c
                 CTMUCON0   0x000f45       data     extern C:\Program Files\Microchip\mplabc18\v3.37\src\traditional\proc\p18F45K22.asm
             CTMUCON0bits   0x000f45       data     extern C:\Program Files\Microchip\mplabc18\v3.37\src\traditional\proc\p18F45K22.asm
                 CTMUCON1   0x000f44       data     extern C:\Program Files\Microchip\mplabc18\v3.37\src\traditional\proc\p18F45K22.asm
             CTMUCON1bits   0x000f44       data     extern C:\Program Files\Microchip\mplabc18\v3.37\src\traditional\proc\p18F45K22.asm
                 CTMUCONH   0x000f45       data     extern C:\Program Files\Microchip\mplabc18\v3.37\src\traditional\proc\p18F45K22.asm
             CTMUCONHbits   0x000f45       data     extern C:\Program Files\Microchip\mplabc18\v3.37\src\traditional\proc\p18F45K22.asm
                 CTMUCONL   0x000f44       data     extern C:\Program Files\Microchip\mplabc18\v3.37\src\traditional\proc\p18F45K22.asm
             CTMUCONLbits   0x000f44       data     extern C:\Program Files\Microchip\mplabc18\v3.37\src\traditional\proc\p18F45K22.asm
                 CTMUICON   0x000f43       data     extern C:\Program Files\Microchip\mplabc18\v3.37\src\traditional\proc\p18F45K22.asm
                CTMUICONH   0x000f43       data     extern C:\Program Files\Microchip\mplabc18\v3.37\src\traditional\proc\p18F45K22.asm
            CTMUICONHbits   0x000f43       data     extern C:\Program Files\Microchip\mplabc18\v3.37\src\traditional\proc\p18F45K22.asm
             CTMUICONbits   0x000f43       data     extern C:\Program Files\Microchip\mplabc18\v3.37\src\traditional\proc\p18F45K22.asm
                  DACCON0   0x000f41       data     extern C:\Program Files\Microchip\mplabc18\v3.37\src\traditional\proc\p18F45K22.asm
              DACCON0bits   0x000f41       data     extern C:\Program Files\Microchip\mplabc18\v3.37\src\traditional\proc\p18F45K22.asm
                  DACCON1   0x000f40       data     extern C:\Program Files\Microchip\mplabc18\v3.37\src\traditional\proc\p18F45K22.asm
              DACCON1bits   0x000f40       data     extern C:\Program Files\Microchip\mplabc18\v3.37\src\traditional\proc\p18F45K22.asm
                     DDRA   0x000f92       data     extern C:\Program Files\Microchip\mplabc18\v3.37\src\traditional\proc\p18F45K22.asm
                 DDRAbits   0x000f92       data     extern C:\Program Files\Microchip\mplabc18\v3.37\src\traditional\proc\p18F45K22.asm
                     DDRB   0x000f93       data     extern C:\Program Files\Microchip\mplabc18\v3.37\src\traditional\proc\p18F45K22.asm
                 DDRBbits   0x000f93       data     extern C:\Program Files\Microchip\mplabc18\v3.37\src\traditional\proc\p18F45K22.asm
                     DDRC   0x000f94       data     extern C:\Program Files\Microchip\mplabc18\v3.37\src\traditional\proc\p18F45K22.asm
                 DDRCbits   0x000f94       data     extern C:\Program Files\Microchip\mplabc18\v3.37\src\traditional\proc\p18F45K22.asm
                     DDRD   0x000f95       data     extern C:\Program Files\Microchip\mplabc18\v3.37\src\traditional\proc\p18F45K22.asm
                 DDRDbits   0x000f95       data     extern C:\Program Files\Microchip\mplabc18\v3.37\src\traditional\proc\p18F45K22.asm
                     DDRE   0x000f96       data     extern C:\Program Files\Microchip\mplabc18\v3.37\src\traditional\proc\p18F45K22.asm
                 DDREbits   0x000f96       data     extern C:\Program Files\Microchip\mplabc18\v3.37\src\traditional\proc\p18F45K22.asm
            DelayCounter1   0x00003d       data     extern C:\Program Files\Microchip\mplabc18\v3.37\src\traditional\delays\delayd1.asm
            DelayCounter2   0x00003c       data     extern C:\Program Files\Microchip\mplabc18\v3.37\src\traditional\delays\delayd2.asm
                  ECCP1AS   0x000fb6       data     extern C:\Program Files\Microchip\mplabc18\v3.37\src\traditional\proc\p18F45K22.asm
              ECCP1ASbits   0x000fb6       data     extern C:\Program Files\Microchip\mplabc18\v3.37\src\traditional\proc\p18F45K22.asm
                  ECCP2AS   0x000f64       data     extern C:\Program Files\Microchip\mplabc18\v3.37\src\traditional\proc\p18F45K22.asm
              ECCP2ASbits   0x000f64       data     extern C:\Program Files\Microchip\mplabc18\v3.37\src\traditional\proc\p18F45K22.asm
                  ECCP3AS   0x000f5b       data     extern C:\Program Files\Microchip\mplabc18\v3.37\src\traditional\proc\p18F45K22.asm
              ECCP3ASbits   0x000f5b       data     extern C:\Program Files\Microchip\mplabc18\v3.37\src\traditional\proc\p18F45K22.asm
                   ECCPAS   0x000fb6       data     extern C:\Program Files\Microchip\mplabc18\v3.37\src\traditional\proc\p18F45K22.asm
               ECCPASbits   0x000fb6       data     extern C:\Program Files\Microchip\mplabc18\v3.37\src\traditional\proc\p18F45K22.asm
                    EEADR   0x000fa9       data     extern C:\Program Files\Microchip\mplabc18\v3.37\src\traditional\proc\p18F45K22.asm
                EEADRbits   0x000fa9       data     extern C:\Program Files\Microchip\mplabc18\v3.37\src\traditional\proc\p18F45K22.asm
                   EECON1   0x000fa6       data     extern C:\Program Files\Microchip\mplabc18\v3.37\src\traditional\proc\p18F45K22.asm
               EECON1bits   0x000fa6       data     extern C:\Program Files\Microchip\mplabc18\v3.37\src\traditional\proc\p18F45K22.asm
                   EECON2   0x000fa7       data     extern C:\Program Files\Microchip\mplabc18\v3.37\src\traditional\proc\p18F45K22.asm
                   EEDATA   0x000fa8       data     extern C:\Program Files\Microchip\mplabc18\v3.37\src\traditional\proc\p18F45K22.asm
                     FSR0   0x000fe9       data     extern C:\Program Files\Microchip\mplabc18\v3.37\src\traditional\proc\p18F45K22.asm
                    FSR0H   0x000fea       data     extern C:\Program Files\Microchip\mplabc18\v3.37\src\traditional\proc\p18F45K22.asm
                    FSR0L   0x000fe9       data     extern C:\Program Files\Microchip\mplabc18\v3.37\src\traditional\proc\p18F45K22.asm
                     FSR1   0x000fe1       data     extern C:\Program Files\Microchip\mplabc18\v3.37\src\traditional\proc\p18F45K22.asm
                    FSR1H   0x000fe2       data     extern C:\Program Files\Microchip\mplabc18\v3.37\src\traditional\proc\p18F45K22.asm
                    FSR1L   0x000fe1       data     extern C:\Program Files\Microchip\mplabc18\v3.37\src\traditional\proc\p18F45K22.asm
                     FSR2   0x000fd9       data     extern C:\Program Files\Microchip\mplabc18\v3.37\src\traditional\proc\p18F45K22.asm
                    FSR2H   0x000fda       data     extern C:\Program Files\Microchip\mplabc18\v3.37\src\traditional\proc\p18F45K22.asm
                    FSR2L   0x000fd9       data     extern C:\Program Files\Microchip\mplabc18\v3.37\src\traditional\proc\p18F45K22.asm
                   FVRCON   0x000f42       data     extern C:\Program Files\Microchip\mplabc18\v3.37\src\traditional\proc\p18F45K22.asm
               FVRCONbits   0x000f42       data     extern C:\Program Files\Microchip\mplabc18\v3.37\src\traditional\proc\p18F45K22.asm
                  HLVDCON   0x000f9c       data     extern C:\Program Files\Microchip\mplabc18\v3.37\src\traditional\proc\p18F45K22.asm
              HLVDCONbits   0x000f9c       data     extern C:\Program Files\Microchip\mplabc18\v3.37\src\traditional\proc\p18F45K22.asm
                    INDF0   0x000fef       data     extern C:\Program Files\Microchip\mplabc18\v3.37\src\traditional\proc\p18F45K22.asm
                    INDF1   0x000fe7       data     extern C:\Program Files\Microchip\mplabc18\v3.37\src\traditional\proc\p18F45K22.asm
                    INDF2   0x000fdf       data     extern C:\Program Files\Microchip\mplabc18\v3.37\src\traditional\proc\p18F45K22.asm
                   INTCON   0x000ff2       data     extern C:\Program Files\Microchip\mplabc18\v3.37\src\traditional\proc\p18F45K22.asm
                  INTCON2   0x000ff1       data     extern C:\Program Files\Microchip\mplabc18\v3.37\src\traditional\proc\p18F45K22.asm
              INTCON2bits   0x000ff1       data     extern C:\Program Files\Microchip\mplabc18\v3.37\src\traditional\proc\p18F45K22.asm
                  INTCON3   0x000ff0       data     extern C:\Program Files\Microchip\mplabc18\v3.37\src\traditional\proc\p18F45K22.asm
              INTCON3bits   0x000ff0       data     extern C:\Program Files\Microchip\mplabc18\v3.37\src\traditional\proc\p18F45K22.asm
               INTCONbits   0x000ff2       data     extern C:\Program Files\Microchip\mplabc18\v3.37\src\traditional\proc\p18F45K22.asm
                     IOCB   0x000f62       data     extern C:\Program Files\Microchip\mplabc18\v3.37\src\traditional\proc\p18F45K22.asm
                 IOCBbits   0x000f62       data     extern C:\Program Files\Microchip\mplabc18\v3.37\src\traditional\proc\p18F45K22.asm
                     IPR1   0x000f9f       data     extern C:\Program Files\Microchip\mplabc18\v3.37\src\traditional\proc\p18F45K22.asm
                 IPR1bits   0x000f9f       data     extern C:\Program Files\Microchip\mplabc18\v3.37\src\traditional\proc\p18F45K22.asm
                     IPR2   0x000fa2       data     extern C:\Program Files\Microchip\mplabc18\v3.37\src\traditional\proc\p18F45K22.asm
                 IPR2bits   0x000fa2       data     extern C:\Program Files\Microchip\mplabc18\v3.37\src\traditional\proc\p18F45K22.asm
                     IPR3   0x000fa5       data     extern C:\Program Files\Microchip\mplabc18\v3.37\src\traditional\proc\p18F45K22.asm
                 IPR3bits   0x000fa5       data     extern C:\Program Files\Microchip\mplabc18\v3.37\src\traditional\proc\p18F45K22.asm
                     IPR4   0x000f7c       data     extern C:\Program Files\Microchip\mplabc18\v3.37\src\traditional\proc\p18F45K22.asm
                 IPR4bits   0x000f7c       data     extern C:\Program Files\Microchip\mplabc18\v3.37\src\traditional\proc\p18F45K22.asm
                     IPR5   0x000f7f       data     extern C:\Program Files\Microchip\mplabc18\v3.37\src\traditional\proc\p18F45K22.asm
                 IPR5bits   0x000f7f       data     extern C:\Program Files\Microchip\mplabc18\v3.37\src\traditional\proc\p18F45K22.asm
                     LATA   0x000f89       data     extern C:\Program Files\Microchip\mplabc18\v3.37\src\traditional\proc\p18F45K22.asm
                 LATAbits   0x000f89       data     extern C:\Program Files\Microchip\mplabc18\v3.37\src\traditional\proc\p18F45K22.asm
                     LATB   0x000f8a       data     extern C:\Program Files\Microchip\mplabc18\v3.37\src\traditional\proc\p18F45K22.asm
                 LATBbits   0x000f8a       data     extern C:\Program Files\Microchip\mplabc18\v3.37\src\traditional\proc\p18F45K22.asm
                     LATC   0x000f8b       data     extern C:\Program Files\Microchip\mplabc18\v3.37\src\traditional\proc\p18F45K22.asm
                 LATCbits   0x000f8b       data     extern C:\Program Files\Microchip\mplabc18\v3.37\src\traditional\proc\p18F45K22.asm
                     LATD   0x000f8c       data     extern C:\Program Files\Microchip\mplabc18\v3.37\src\traditional\proc\p18F45K22.asm
                 LATDbits   0x000f8c       data     extern C:\Program Files\Microchip\mplabc18\v3.37\src\traditional\proc\p18F45K22.asm
                     LATE   0x000f8d       data     extern C:\Program Files\Microchip\mplabc18\v3.37\src\traditional\proc\p18F45K22.asm
                 LATEbits   0x000f8d       data     extern C:\Program Files\Microchip\mplabc18\v3.37\src\traditional\proc\p18F45K22.asm
                   LVDCON   0x000f9c       data     extern C:\Program Files\Microchip\mplabc18\v3.37\src\traditional\proc\p18F45K22.asm
               LVDCONbits   0x000f9c       data     extern C:\Program Files\Microchip\mplabc18\v3.37\src\traditional\proc\p18F45K22.asm
                   OSCCON   0x000fd3       data     extern C:\Program Files\Microchip\mplabc18\v3.37\src\traditional\proc\p18F45K22.asm
                  OSCCON2   0x000fd2       data     extern C:\Program Files\Microchip\mplabc18\v3.37\src\traditional\proc\p18F45K22.asm
              OSCCON2bits   0x000fd2       data     extern C:\Program Files\Microchip\mplabc18\v3.37\src\traditional\proc\p18F45K22.asm
               OSCCONbits   0x000fd3       data     extern C:\Program Files\Microchip\mplabc18\v3.37\src\traditional\proc\p18F45K22.asm
                  OSCTUNE   0x000f9b       data     extern C:\Program Files\Microchip\mplabc18\v3.37\src\traditional\proc\p18F45K22.asm
              OSCTUNEbits   0x000f9b       data     extern C:\Program Files\Microchip\mplabc18\v3.37\src\traditional\proc\p18F45K22.asm
                       PC   0x000ff9       data     extern C:\Program Files\Microchip\mplabc18\v3.37\src\traditional\proc\p18F45K22.asm
                      PCL   0x000ff9       data     extern C:\Program Files\Microchip\mplabc18\v3.37\src\traditional\proc\p18F45K22.asm
                   PCLATH   0x000ffa       data     extern C:\Program Files\Microchip\mplabc18\v3.37\src\traditional\proc\p18F45K22.asm
                   PCLATU   0x000ffb       data     extern C:\Program Files\Microchip\mplabc18\v3.37\src\traditional\proc\p18F45K22.asm
                     PIE1   0x000f9d       data     extern C:\Program Files\Microchip\mplabc18\v3.37\src\traditional\proc\p18F45K22.asm
                 PIE1bits   0x000f9d       data     extern C:\Program Files\Microchip\mplabc18\v3.37\src\traditional\proc\p18F45K22.asm
                     PIE2   0x000fa0       data     extern C:\Program Files\Microchip\mplabc18\v3.37\src\traditional\proc\p18F45K22.asm
                 PIE2bits   0x000fa0       data     extern C:\Program Files\Microchip\mplabc18\v3.37\src\traditional\proc\p18F45K22.asm
                     PIE3   0x000fa3       data     extern C:\Program Files\Microchip\mplabc18\v3.37\src\traditional\proc\p18F45K22.asm
                 PIE3bits   0x000fa3       data     extern C:\Program Files\Microchip\mplabc18\v3.37\src\traditional\proc\p18F45K22.asm
                     PIE4   0x000f7a       data     extern C:\Program Files\Microchip\mplabc18\v3.37\src\traditional\proc\p18F45K22.asm
                 PIE4bits   0x000f7a       data     extern C:\Program Files\Microchip\mplabc18\v3.37\src\traditional\proc\p18F45K22.asm
                     PIE5   0x000f7d       data     extern C:\Program Files\Microchip\mplabc18\v3.37\src\traditional\proc\p18F45K22.asm
                 PIE5bits   0x000f7d       data     extern C:\Program Files\Microchip\mplabc18\v3.37\src\traditional\proc\p18F45K22.asm
                     PIR1   0x000f9e       data     extern C:\Program Files\Microchip\mplabc18\v3.37\src\traditional\proc\p18F45K22.asm
                 PIR1bits   0x000f9e       data     extern C:\Program Files\Microchip\mplabc18\v3.37\src\traditional\proc\p18F45K22.asm
                     PIR2   0x000fa1       data     extern C:\Program Files\Microchip\mplabc18\v3.37\src\traditional\proc\p18F45K22.asm
                 PIR2bits   0x000fa1       data     extern C:\Program Files\Microchip\mplabc18\v3.37\src\traditional\proc\p18F45K22.asm
                     PIR3   0x000fa4       data     extern C:\Program Files\Microchip\mplabc18\v3.37\src\traditional\proc\p18F45K22.asm
                 PIR3bits   0x000fa4       data     extern C:\Program Files\Microchip\mplabc18\v3.37\src\traditional\proc\p18F45K22.asm
                     PIR4   0x000f7b       data     extern C:\Program Files\Microchip\mplabc18\v3.37\src\traditional\proc\p18F45K22.asm
                 PIR4bits   0x000f7b       data     extern C:\Program Files\Microchip\mplabc18\v3.37\src\traditional\proc\p18F45K22.asm
[...]
                  SP1BRGH   0x000fb0       data     extern C:\Program Files\Microchip\mplabc18\v3.37\src\traditional\proc\p18F45K22.asm
                    T3CON   0x000fb1       data     extern C:\Program Files\Microchip\mplabc18\v3.37\src\traditional\proc\p18F45K22.asm
                T3CONbits   0x000fb1       data     extern C:\Program Files\Microchip\mplabc18\v3.37\src\traditional\proc\p18F45K22.asm
                    TMR3L   0x000fb2       data     extern C:\Program Files\Microchip\mplabc18\v3.37\src\traditional\proc\p18F45K22.asm
                    TMR3H   0x000fb3       data     extern C:\Program Files\Microchip\mplabc18\v3.37\src\traditional\proc\p18F45K22.asm
                   T3GCON   0x000fb4       data     extern C:\Program Files\Microchip\mplabc18\v3.37\src\traditional\proc\p18F45K22.asm
               T3GCONbits   0x000fb4       data     extern C:\Program Files\Microchip\mplabc18\v3.37\src\traditional\proc\p18F45K22.asm
               ECCPASbits   0x000fb6       data     extern C:\Program Files\Microchip\mplabc18\v3.37\src\traditional\proc\p18F45K22.asm
                   ECCPAS   0x000fb6       data     extern C:\Program Files\Microchip\mplabc18\v3.37\src\traditional\proc\p18F45K22.asm
              ECCP1ASbits   0x000fb6       data     extern C:\Program Files\Microchip\mplabc18\v3.37\src\traditional\proc\p18F45K22.asm
                  ECCP1AS   0x000fb6       data     extern C:\Program Files\Microchip\mplabc18\v3.37\src\traditional\proc\p18F45K22.asm
              PWM1CONbits   0x000fb7       data     extern C:\Program Files\Microchip\mplabc18\v3.37\src\traditional\proc\p18F45K22.asm
                  PWM1CON   0x000fb7       data     extern C:\Program Files\Microchip\mplabc18\v3.37\src\traditional\proc\p18F45K22.asm
                   PWMCON   0x000fb7       data     extern C:\Program Files\Microchip\mplabc18\v3.37\src\traditional\proc\p18F45K22.asm
               PWMCONbits   0x000fb7       data     extern C:\Program Files\Microchip\mplabc18\v3.37\src\traditional\proc\p18F45K22.asm
                 BAUD1CON   0x000fb8       data     extern C:\Program Files\Microchip\mplabc18\v3.37\src\traditional\proc\p18F45K22.asm
              BAUDCONbits   0x000fb8       data     extern C:\Program Files\Microchip\mplabc18\v3.37\src\traditional\proc\p18F45K22.asm
             BAUD1CONbits   0x000fb8       data     extern C:\Program Files\Microchip\mplabc18\v3.37\src\traditional\proc\p18F45K22.asm
                  BAUDCTL   0x000fb8       data     extern C:\Program Files\Microchip\mplabc18\v3.37\src\traditional\proc\p18F45K22.asm
              BAUDCTLbits   0x000fb8       data     extern C:\Program Files\Microchip\mplabc18\v3.37\src\traditional\proc\p18F45K22.asm
                  BAUDCON   0x000fb8       data     extern C:\Program Files\Microchip\mplabc18\v3.37\src\traditional\proc\p18F45K22.asm
             BAUDCON1bits   0x000fb8       data     extern C:\Program Files\Microchip\mplabc18\v3.37\src\traditional\proc\p18F45K22.asm
                 BAUDCON1   0x000fb8       data     extern C:\Program Files\Microchip\mplabc18\v3.37\src\traditional\proc\p18F45K22.asm
              PSTRCONbits   0x000fb9       data     extern C:\Program Files\Microchip\mplabc18\v3.37\src\traditional\proc\p18F45K22.asm
                  PSTRCON   0x000fb9       data     extern C:\Program Files\Microchip\mplabc18\v3.37\src\traditional\proc\p18F45K22.asm
                 PSTR1CON   0x000fb9       data     extern C:\Program Files\Microchip\mplabc18\v3.37\src\traditional\proc\p18F45K22.asm
             PSTR1CONbits   0x000fb9       data     extern C:\Program Files\Microchip\mplabc18\v3.37\src\traditional\proc\p18F45K22.asm
                T2CONbits   0x000fba       data     extern C:\Program Files\Microchip\mplabc18\v3.37\src\traditional\proc\p18F45K22.asm
                    T2CON   0x000fba       data     extern C:\Program Files\Microchip\mplabc18\v3.37\src\traditional\proc\p18F45K22.asm
                      PR2   0x000fbb       data     extern C:\Program Files\Microchip\mplabc18\v3.37\src\traditional\proc\p18F45K22.asm
                     TMR2   0x000fbc       data     extern C:\Program Files\Microchip\mplabc18\v3.37\src\traditional\proc\p18F45K22.asm
              CCP1CONbits   0x000fbd       data     extern C:\Program Files\Microchip\mplabc18\v3.37\src\traditional\proc\p18F45K22.asm
                  CCP1CON   0x000fbd       data     extern C:\Program Files\Microchip\mplabc18\v3.37\src\traditional\proc\p18F45K22.asm
                    CCPR1   0x000fbe       data     extern C:\Program Files\Microchip\mplabc18\v3.37\src\traditional\proc\p18F45K22.asm
                   CCPR1L   0x000fbe       data     extern C:\Program Files\Microchip\mplabc18\v3.37\src\traditional\proc\p18F45K22.asm
                   CCPR1H   0x000fbf       data     extern C:\Program Files\Microchip\mplabc18\v3.37\src\traditional\proc\p18F45K22.asm
               ADCON2bits   0x000fc0       data     extern C:\Program Files\Microchip\mplabc18\v3.37\src\traditional\proc\p18F45K22.asm
                   ADCON2   0x000fc0       data     extern C:\Program Files\Microchip\mplabc18\v3.37\src\traditional\proc\p18F45K22.asm
               ADCON1bits   0x000fc1       data     extern C:\Program Files\Microchip\mplabc18\v3.37\src\traditional\proc\p18F45K22.asm
                   ADCON1   0x000fc1       data     extern C:\Program Files\Microchip\mplabc18\v3.37\src\traditional\proc\p18F45K22.asm
               ADCON0bits   0x000fc2       data     extern C:\Program Files\Microchip\mplabc18\v3.37\src\traditional\proc\p18F45K22.asm
                   ADCON0   0x000fc2       data     extern C:\Program Files\Microchip\mplabc18\v3.37\src\traditional\proc\p18F45K22.asm
                    ADRES   0x000fc3       data     extern C:\Program Files\Microchip\mplabc18\v3.37\src\traditional\proc\p18F45K22.asm
                   ADRESL   0x000fc3       data     extern C:\Program Files\Microchip\mplabc18\v3.37\src\traditional\proc\p18F45K22.asm
                   ADRESH   0x000fc4       data     extern C:\Program Files\Microchip\mplabc18\v3.37\src\traditional\proc\p18F45K22.asm
             SSP1CON2bits   0x000fc5       data     extern C:\Program Files\Microchip\mplabc18\v3.37\src\traditional\proc\p18F45K22.asm
                 SSP1CON2   0x000fc5       data     extern C:\Program Files\Microchip\mplabc18\v3.37\src\traditional\proc\p18F45K22.asm
              SSPCON2bits   0x000fc5       data     extern C:\Program Files\Microchip\mplabc18\v3.37\src\traditional\proc\p18F45K22.asm
                  SSPCON2   0x000fc5       data     extern C:\Program Files\Microchip\mplabc18\v3.37\src\traditional\proc\p18F45K22.asm
                  SSPCON1   0x000fc6       data     extern C:\Program Files\Microchip\mplabc18\v3.37\src\traditional\proc\p18F45K22.asm
              SSPCON1bits   0x000fc6       data     extern C:\Program Files\Microchip\mplabc18\v3.37\src\traditional\proc\p18F45K22.asm
             SSP1CON1bits   0x000fc6       data     extern C:\Program Files\Microchip\mplabc18\v3.37\src\traditional\proc\p18F45K22.asm
                 SSP1CON1   0x000fc6       data     extern C:\Program Files\Microchip\mplabc18\v3.37\src\traditional\proc\p18F45K22.asm
                 SSP1STAT   0x000fc7       data     extern C:\Program Files\Microchip\mplabc18\v3.37\src\traditional\proc\p18F45K22.asm
              SSPSTATbits   0x000fc7       data     extern C:\Program Files\Microchip\mplabc18\v3.37\src\traditional\proc\p18F45K22.asm
                  SSPSTAT   0x000fc7       data     extern C:\Program Files\Microchip\mplabc18\v3.37\src\traditional\proc\p18F45K22.asm
             SSP1STATbits   0x000fc7       data     extern C:\Program Files\Microchip\mplabc18\v3.37\src\traditional\proc\p18F45K22.asm
                  SSP1ADD   0x000fc8       data     extern C:\Program Files\Microchip\mplabc18\v3.37\src\traditional\proc\p18F45K22.asm
              SSP1ADDbits   0x000fc8       data     extern C:\Program Files\Microchip\mplabc18\v3.37\src\traditional\proc\p18F45K22.asm
               SSPADDbits   0x000fc8       data     extern C:\Program Files\Microchip\mplabc18\v3.37\src\traditional\proc\p18F45K22.asm
                   SSPADD   0x000fc8       data     extern C:\Program Files\Microchip\mplabc18\v3.37\src\traditional\proc\p18F45K22.asm
               SSPBUFbits   0x000fc9       data     extern C:\Program Files\Microchip\mplabc18\v3.37\src\traditional\proc\p18F45K22.asm
                   SSPBUF   0x000fc9       data     extern C:\Program Files\Microchip\mplabc18\v3.37\src\traditional\proc\p18F45K22.asm
              SSP1BUFbits   0x000fc9       data     extern C:\Program Files\Microchip\mplabc18\v3.37\src\traditional\proc\p18F45K22.asm
                  SSP1BUF   0x000fc9       data     extern C:\Program Files\Microchip\mplabc18\v3.37\src\traditional\proc\p18F45K22.asm
                  SSP1MSK   0x000fca       data     extern C:\Program Files\Microchip\mplabc18\v3.37\src\traditional\proc\p18F45K22.asm
              SSP1MSKbits   0x000fca       data     extern C:\Program Files\Microchip\mplabc18\v3.37\src\traditional\proc\p18F45K22.asm
               SSPMSKbits   0x000fca       data     extern C:\Program Files\Microchip\mplabc18\v3.37\src\traditional\proc\p18F45K22.asm
                   SSPMSK   0x000fca       data     extern C:\Program Files\Microchip\mplabc18\v3.37\src\traditional\proc\p18F45K22.asm
              SSPCON3bits   0x000fcb       data     extern C:\Program Files\Microchip\mplabc18\v3.37\src\traditional\proc\p18F45K22.asm
                  SSPCON3   0x000fcb       data     extern C:\Program Files\Microchip\mplabc18\v3.37\src\traditional\proc\p18F45K22.asm
             SSP1CON3bits   0x000fcb       data     extern C:\Program Files\Microchip\mplabc18\v3.37\src\traditional\proc\p18F45K22.asm
                 SSP1CON3   0x000fcb       data     extern C:\Program Files\Microchip\mplabc18\v3.37\src\traditional\proc\p18F45K22.asm
                   T1GCON   0x000fcc       data     extern C:\Program Files\Microchip\mplabc18\v3.37\src\traditional\proc\p18F45K22.asm
               T1GCONbits   0x000fcc       data     extern C:\Program Files\Microchip\mplabc18\v3.37\src\traditional\proc\p18F45K22.asm
                    T1CON   0x000fcd       data     extern C:\Program Files\Microchip\mplabc18\v3.37\src\traditional\proc\p18F45K22.asm
                T1CONbits   0x000fcd       data     extern C:\Program Files\Microchip\mplabc18\v3.37\src\traditional\proc\p18F45K22.asm
                    TMR1L   0x000fce       data     extern C:\Program Files\Microchip\mplabc18\v3.37\src\traditional\proc\p18F45K22.asm
                    TMR1H   0x000fcf       data     extern C:\Program Files\Microchip\mplabc18\v3.37\src\traditional\proc\p18F45K22.asm
                 RCONbits   0x000fd0       data     extern C:\Program Files\Microchip\mplabc18\v3.37\src\traditional\proc\p18F45K22.asm
                     RCON   0x000fd0       data     extern C:\Program Files\Microchip\mplabc18\v3.37\src\traditional\proc\p18F45K22.asm
                   WDTCON   0x000fd1       data     extern C:\Program Files\Microchip\mplabc18\v3.37\src\traditional\proc\p18F45K22.asm
               WDTCONbits   0x000fd1       data     extern C:\Program Files\Microchip\mplabc18\v3.37\src\traditional\proc\p18F45K22.asm
              OSCCON2bits   0x000fd2       data     extern C:\Program Files\Microchip\mplabc18\v3.37\src\traditional\proc\p18F45K22.asm
                  OSCCON2   0x000fd2       data     extern C:\Program Files\Microchip\mplabc18\v3.37\src\traditional\proc\p18F45K22.asm
               OSCCONbits   0x000fd3       data     extern C:\Program Files\Microchip\mplabc18\v3.37\src\traditional\proc\p18F45K22.asm
                   OSCCON   0x000fd3       data     extern C:\Program Files\Microchip\mplabc18\v3.37\src\traditional\proc\p18F45K22.asm
                    T0CON   0x000fd5       data     extern C:\Program Files\Microchip\mplabc18\v3.37\src\traditional\proc\p18F45K22.asm
                T0CONbits   0x000fd5       data     extern C:\Program Files\Microchip\mplabc18\v3.37\src\traditional\proc\p18F45K22.asm
                    TMR0L   0x000fd6       data     extern C:\Program Files\Microchip\mplabc18\v3.37\src\traditional\proc\p18F45K22.asm
                    TMR0H   0x000fd7       data     extern C:\Program Files\Microchip\mplabc18\v3.37\src\traditional\proc\p18F45K22.asm
                   STATUS   0x000fd8       data     extern C:\Program Files\Microchip\mplabc18\v3.37\src\traditional\proc\p18F45K22.asm
               STATUSbits   0x000fd8       data     extern C:\Program Files\Microchip\mplabc18\v3.37\src\traditional\proc\p18F45K22.asm
                    FSR2L   0x000fd9       data     extern C:\Program Files\Microchip\mplabc18\v3.37\src\traditional\proc\p18F45K22.asm
                     FSR2   0x000fd9       data     extern C:\Program Files\Microchip\mplabc18\v3.37\src\traditional\proc\p18F45K22.asm
                    FSR2H   0x000fda       data     extern C:\Program Files\Microchip\mplabc18\v3.37\src\traditional\proc\p18F45K22.asm
                   PLUSW2   0x000fdb       data     extern C:\Program Files\Microchip\mplabc18\v3.37\src\traditional\proc\p18F45K22.asm
                  PREINC2   0x000fdc       data     extern C:\Program Files\Microchip\mplabc18\v3.37\src\traditional\proc\p18F45K22.asm
                 POSTDEC2   0x000fdd       data     extern C:\Program Files\Microchip\mplabc18\v3.37\src\traditional\proc\p18F45K22.asm
                 POSTINC2   0x000fde       data     extern C:\Program Files\Microchip\mplabc18\v3.37\src\traditional\proc\p18F45K22.asm
                    INDF2   0x000fdf       data     extern C:\Program Files\Microchip\mplabc18\v3.37\src\traditional\proc\p18F45K22.asm
                      BSR   0x000fe0       data     extern C:\Program Files\Microchip\mplabc18\v3.37\src\traditional\proc\p18F45K22.asm
                     FSR1   0x000fe1       data     extern C:\Program Files\Microchip\mplabc18\v3.37\src\traditional\proc\p18F45K22.asm
                    FSR1L   0x000fe1       data     extern C:\Program Files\Microchip\mplabc18\v3.37\src\traditional\proc\p18F45K22.asm
                    FSR1H   0x000fe2       data     extern C:\Program Files\Microchip\mplabc18\v3.37\src\traditional\proc\p18F45K22.asm
                   PLUSW1   0x000fe3       data     extern C:\Program Files\Microchip\mplabc18\v3.37\src\traditional\proc\p18F45K22.asm
                  PREINC1   0x000fe4       data     extern C:\Program Files\Microchip\mplabc18\v3.37\src\traditional\proc\p18F45K22.asm
                 POSTDEC1   0x000fe5       data     extern C:\Program Files\Microchip\mplabc18\v3.37\src\traditional\proc\p18F45K22.asm
                 POSTINC1   0x000fe6       data     extern C:\Program Files\Microchip\mplabc18\v3.37\src\traditional\proc\p18F45K22.asm
                    INDF1   0x000fe7       data     extern C:\Program Files\Microchip\mplabc18\v3.37\src\traditional\proc\p18F45K22.asm
                     WREG   0x000fe8       data     extern C:\Program Files\Microchip\mplabc18\v3.37\src\traditional\proc\p18F45K22.asm
                        W   0x000fe8       data     extern C:\Program Files\Microchip\mplabc18\v3.37\src\traditional\proc\p18F45K22.asm
                    FSR0L   0x000fe9       data     extern C:\Program Files\Microchip\mplabc18\v3.37\src\traditional\proc\p18F45K22.asm
                     FSR0   0x000fe9       data     extern C:\Program Files\Microchip\mplabc18\v3.37\src\traditional\proc\p18F45K22.asm
                    FSR0H   0x000fea       data     extern C:\Program Files\Microchip\mplabc18\v3.37\src\traditional\proc\p18F45K22.asm
                   PLUSW0   0x000feb       data     extern C:\Program Files\Microchip\mplabc18\v3.37\src\traditional\proc\p18F45K22.asm
                  PREINC0   0x000fec       data     extern C:\Program Files\Microchip\mplabc18\v3.37\src\traditional\proc\p18F45K22.asm
                 POSTDEC0   0x000fed       data     extern C:\Program Files\Microchip\mplabc18\v3.37\src\traditional\proc\p18F45K22.asm
                 POSTINC0   0x000fee       data     extern C:\Program Files\Microchip\mplabc18\v3.37\src\traditional\proc\p18F45K22.asm
                    INDF0   0x000fef       data     extern C:\Program Files\Microchip\mplabc18\v3.37\src\traditional\proc\p18F45K22.asm
              INTCON3bits   0x000ff0       data     extern C:\Program Files\Microchip\mplabc18\v3.37\src\traditional\proc\p18F45K22.asm
                  INTCON3   0x000ff0       data     extern C:\Program Files\Microchip\mplabc18\v3.37\src\traditional\proc\p18F45K22.asm
              INTCON2bits   0x000ff1       data     extern C:\Program Files\Microchip\mplabc18\v3.37\src\traditional\proc\p18F45K22.asm
                  INTCON2   0x000ff1       data     extern C:\Program Files\Microchip\mplabc18\v3.37\src\traditional\proc\p18F45K22.asm
               INTCONbits   0x000ff2       data     extern C:\Program Files\Microchip\mplabc18\v3.37\src\traditional\proc\p18F45K22.asm
                   INTCON   0x000ff2       data     extern C:\Program Files\Microchip\mplabc18\v3.37\src\traditional\proc\p18F45K22.asm
                     PROD   0x000ff3       data     extern C:\Program Files\Microchip\mplabc18\v3.37\src\traditional\proc\p18F45K22.asm
                    PRODL   0x000ff3       data     extern C:\Program Files\Microchip\mplabc18\v3.37\src\traditional\proc\p18F45K22.asm
                    PRODH   0x000ff4       data     extern C:\Program Files\Microchip\mplabc18\v3.37\src\traditional\proc\p18F45K22.asm
                   TABLAT   0x000ff5       data     extern C:\Program Files\Microchip\mplabc18\v3.37\src\traditional\proc\p18F45K22.asm
                  TBLPTRL   0x000ff6       data     extern C:\Program Files\Microchip\mplabc18\v3.37\src\traditional\proc\p18F45K22.asm
                   TBLPTR   0x000ff6       data     extern C:\Program Files\Microchip\mplabc18\v3.37\src\traditional\proc\p18F45K22.asm
                  TBLPTRH   0x000ff7       data     extern C:\Program Files\Microchip\mplabc18\v3.37\src\traditional\proc\p18F45K22.asm
                  TBLPTRU   0x000ff8       data     extern C:\Program Files\Microchip\mplabc18\v3.37\src\traditional\proc\p18F45K22.asm
              TBLPTRUbits   0x000ff8       data     extern C:\Program Files\Microchip\mplabc18\v3.37\src\traditional\proc\p18F45K22.asm
                      PCL   0x000ff9       data     extern C:\Program Files\Microchip\mplabc18\v3.37\src\traditional\proc\p18F45K22.asm
                       PC   0x000ff9       data     extern C:\Program Files\Microchip\mplabc18\v3.37\src\traditional\proc\p18F45K22.asm
                   PCLATH   0x000ffa       data     extern C:\Program Files\Microchip\mplabc18\v3.37\src\traditional\proc\p18F45K22.asm
                   PCLATU   0x000ffb       data     extern C:\Program Files\Microchip\mplabc18\v3.37\src\traditional\proc\p18F45K22.asm
               STKPTRbits   0x000ffc       data     extern C:\Program Files\Microchip\mplabc18\v3.37\src\traditional\proc\p18F45K22.asm
                   STKPTR   0x000ffc       data     extern C:\Program Files\Microchip\mplabc18\v3.37\src\traditional\proc\p18F45K22.asm
                      TOS   0x000ffd       data     extern C:\Program Files\Microchip\mplabc18\v3.37\src\traditional\proc\p18F45K22.asm
                     TOSL   0x000ffd       data     extern C:\Program Files\Microchip\mplabc18\v3.37\src\traditional\proc\p18F45K22.asm
                     TOSH   0x000ffe       data     extern C:\Program Files\Microchip\mplabc18\v3.37\src\traditional\proc\p18F45K22.asm
                     TOSU   0x000fff       data     extern C:\Program Files\Microchip\mplabc18\v3.37\src\traditional\proc\p18F45K22.asm


